-- Install configuration: ""
-- Execute custom install script
-- Up-to-date symlink: /home/bryson/RoboSub_AUV/ros2_ws/install/auv_planning/share/auv_planning//src/controls.py
-- Up-to-date symlink: /home/bryson/RoboSub_AUV/ros2_ws/install/auv_planning/share/auv_planning//src/localization.py
-- Up-to-date symlink: /home/bryson/RoboSub_AUV/ros2_ws/install/auv_planning/share/auv_planning//src/path_planning.py
-- Up-to-date symlink: /home/bryson/RoboSub_AUV/ros2_ws/install/auv_planning/share/auv_planning//src/state_machine.py
-- Up-to-date symlink: /home/bryson/RoboSub_AUV/ros2_ws/install/auv_planning/lib/auv_planning/controls.py
-- Up-to-date symlink: /home/bryson/RoboSub_AUV/ros2_ws/install/auv_planning/lib/auv_planning/localization.py
-- Up-to-date symlink: /home/bryson/RoboSub_AUV/ros2_ws/install/auv_planning/lib/auv_planning/path_planning.py
-- Up-to-date symlink: /home/bryson/RoboSub_AUV/ros2_ws/install/auv_planning/lib/auv_planning/state_machine.py
-- Up-to-date symlink: /home/bryson/RoboSub_AUV/ros2_ws/install/auv_planning/share/ament_index/resource_index/package_run_dependencies/auv_planning
-- Up-to-date symlink: /home/bryson/RoboSub_AUV/ros2_ws/install/auv_planning/share/ament_index/resource_index/parent_prefix_path/auv_planning
-- Up-to-date symlink: /home/bryson/RoboSub_AUV/ros2_ws/install/auv_planning/share/auv_planning/environment/ament_prefix_path.sh
-- Up-to-date symlink: /home/bryson/RoboSub_AUV/ros2_ws/install/auv_planning/share/auv_planning/environment/ament_prefix_path.dsv
-- Up-to-date symlink: /home/bryson/RoboSub_AUV/ros2_ws/install/auv_planning/share/auv_planning/environment/path.sh
-- Up-to-date symlink: /home/bryson/RoboSub_AUV/ros2_ws/install/auv_planning/share/auv_planning/environment/path.dsv
-- Up-to-date symlink: /home/bryson/RoboSub_AUV/ros2_ws/install/auv_planning/share/auv_planning/local_setup.bash
-- Up-to-date symlink: /home/bryson/RoboSub_AUV/ros2_ws/install/auv_planning/share/auv_planning/local_setup.sh
-- Up-to-date symlink: /home/bryson/RoboSub_AUV/ros2_ws/install/auv_planning/share/auv_planning/local_setup.zsh
-- Up-to-date symlink: /home/bryson/RoboSub_AUV/ros2_ws/install/auv_planning/share/auv_planning/local_setup.dsv
-- Symlinking: /home/bryson/RoboSub_AUV/ros2_ws/install/auv_planning/share/auv_planning/package.dsv
-- Up-to-date symlink: /home/bryson/RoboSub_AUV/ros2_ws/install/auv_planning/share/ament_index/resource_index/packages/auv_planning
-- Up-to-date symlink: /home/bryson/RoboSub_AUV/ros2_ws/install/auv_planning/share/auv_planning/cmake/auv_planningConfig.cmake
-- Up-to-date symlink: /home/bryson/RoboSub_AUV/ros2_ws/install/auv_planning/share/auv_planning/cmake/auv_planningConfig-version.cmake
-- Up-to-date symlink: /home/bryson/RoboSub_AUV/ros2_ws/install/auv_planning/share/auv_planning/package.xml
