[0.016s] Invoking command in '/home/bryson/RoboSub_AUV/ros2_ws/build/auv_planning': CMAKE_PREFIX_PATH=${CMAKE_PREFIX_PATH}:/home/bryson/turtlebot3_ws/install/turtlebot3_teleop:/home/bryson/turtlebot3_ws/install/turtlebot3_example:/opt/ros/jazzy DEBUGINFOD_URLS=https://debuginfod.ubuntu.com /usr/bin/cmake --build /home/bryson/RoboSub_AUV/ros2_ws/build/auv_planning -- -j8 -l8
[0.052s] Invoked command in '/home/bryson/RoboSub_AUV/ros2_ws/build/auv_planning' returned '0': CMAKE_PREFIX_PATH=${CMAKE_PREFIX_PATH}:/home/bryson/turtlebot3_ws/install/turtlebot3_teleop:/home/bryson/turtlebot3_ws/install/turtlebot3_example:/opt/ros/jazzy DEBUGINFOD_URLS=https://debuginfod.ubuntu.com /usr/bin/cmake --build /home/bryson/RoboSub_AUV/ros2_ws/build/auv_planning -- -j8 -l8
[0.059s] Invoking command in '/home/bryson/RoboSub_AUV/ros2_ws/build/auv_planning': CMAKE_PREFIX_PATH=${CMAKE_PREFIX_PATH}:/home/bryson/turtlebot3_ws/install/turtlebot3_teleop:/home/bryson/turtlebot3_ws/install/turtlebot3_example:/opt/ros/jazzy DEBUGINFOD_URLS=https://debuginfod.ubuntu.com /usr/bin/cmake --install /home/bryson/RoboSub_AUV/ros2_ws/build/auv_planning
[0.065s] -- Install configuration: ""
[0.066s] -- Execute custom install script
[0.066s] -- Up-to-date symlink: /home/bryson/RoboSub_AUV/ros2_ws/install/auv_planning/share/auv_planning//src/controls.py
[0.066s] -- Up-to-date symlink: /home/bryson/RoboSub_AUV/ros2_ws/install/auv_planning/share/auv_planning//src/localization.py
[0.066s] -- Up-to-date symlink: /home/bryson/RoboSub_AUV/ros2_ws/install/auv_planning/share/auv_planning//src/path_planning.py
[0.067s] -- Up-to-date symlink: /home/bryson/RoboSub_AUV/ros2_ws/install/auv_planning/share/auv_planning//src/state_machine.py
[0.067s] -- Up-to-date symlink: /home/bryson/RoboSub_AUV/ros2_ws/install/auv_planning/lib/auv_planning/controls.py
[0.067s] -- Up-to-date symlink: /home/bryson/RoboSub_AUV/ros2_ws/install/auv_planning/lib/auv_planning/localization.py
[0.067s] -- Up-to-date symlink: /home/bryson/RoboSub_AUV/ros2_ws/install/auv_planning/lib/auv_planning/path_planning.py
[0.067s] -- Up-to-date symlink: /home/bryson/RoboSub_AUV/ros2_ws/install/auv_planning/lib/auv_planning/state_machine.py
[0.068s] -- Up-to-date symlink: /home/bryson/RoboSub_AUV/ros2_ws/install/auv_planning/share/ament_index/resource_index/package_run_dependencies/auv_planning
[0.068s] -- Up-to-date symlink: /home/bryson/RoboSub_AUV/ros2_ws/install/auv_planning/share/ament_index/resource_index/parent_prefix_path/auv_planning
[0.068s] -- Up-to-date symlink: /home/bryson/RoboSub_AUV/ros2_ws/install/auv_planning/share/auv_planning/environment/ament_prefix_path.sh
[0.068s] -- Up-to-date symlink: /home/bryson/RoboSub_AUV/ros2_ws/install/auv_planning/share/auv_planning/environment/ament_prefix_path.dsv
[0.069s] -- Up-to-date symlink: /home/bryson/RoboSub_AUV/ros2_ws/install/auv_planning/share/auv_planning/environment/path.sh
[0.070s] -- Up-to-date symlink: /home/bryson/RoboSub_AUV/ros2_ws/install/auv_planning/share/auv_planning/environment/path.dsv
[0.070s] -- Up-to-date symlink: /home/bryson/RoboSub_AUV/ros2_ws/install/auv_planning/share/auv_planning/local_setup.bash
[0.070s] -- Up-to-date symlink: /home/bryson/RoboSub_AUV/ros2_ws/install/auv_planning/share/auv_planning/local_setup.sh
[0.070s] -- Up-to-date symlink: /home/bryson/RoboSub_AUV/ros2_ws/install/auv_planning/share/auv_planning/local_setup.zsh
[0.070s] -- Up-to-date symlink: /home/bryson/RoboSub_AUV/ros2_ws/install/auv_planning/share/auv_planning/local_setup.dsv
[0.070s] -- Symlinking: /home/bryson/RoboSub_AUV/ros2_ws/install/auv_planning/share/auv_planning/package.dsv
[0.080s] -- Up-to-date symlink: /home/bryson/RoboSub_AUV/ros2_ws/install/auv_planning/share/ament_index/resource_index/packages/auv_planning
[0.080s] -- Up-to-date symlink: /home/bryson/RoboSub_AUV/ros2_ws/install/auv_planning/share/auv_planning/cmake/auv_planningConfig.cmake
[0.080s] -- Up-to-date symlink: /home/bryson/RoboSub_AUV/ros2_ws/install/auv_planning/share/auv_planning/cmake/auv_planningConfig-version.cmake
[0.081s] -- Up-to-date symlink: /home/bryson/RoboSub_AUV/ros2_ws/install/auv_planning/share/auv_planning/package.xml
[0.082s] Invoked command in '/home/bryson/RoboSub_AUV/ros2_ws/build/auv_planning' returned '0': CMAKE_PREFIX_PATH=${CMAKE_PREFIX_PATH}:/home/bryson/turtlebot3_ws/install/turtlebot3_teleop:/home/bryson/turtlebot3_ws/install/turtlebot3_example:/opt/ros/jazzy DEBUGINFOD_URLS=https://debuginfod.ubuntu.com /usr/bin/cmake --install /home/bryson/RoboSub_AUV/ros2_ws/build/auv_planning
