[0.013s] Invoking command in '/home/bryson/RoboSub_AUV/ros2_ws/build/auv_sensors': CMAKE_PREFIX_PATH=${CMAKE_PREFIX_PATH}:/home/bryson/turtlebot3_ws/install/turtlebot3_teleop:/home/bryson/turtlebot3_ws/install/turtlebot3_example:/opt/ros/jazzy DEBUGINFOD_URLS=https://debuginfod.ubuntu.com /usr/bin/cmake /home/bryson/RoboSub_AUV/ros2_ws/src/auv_sensors -DCMAKE_INSTALL_PREFIX=/home/bryson/RoboSub_AUV/ros2_ws/install/auv_sensors
[0.066s] -- The C compiler identification is GNU 13.3.0
[0.114s] -- The CXX compiler identification is GNU 13.3.0
[0.126s] -- Detecting C compiler ABI info
[0.211s] -- Detecting C compiler ABI info - done
[0.220s] -- Check for working C compiler: /usr/bin/cc - skipped
[0.221s] -- Detecting C compile features
[0.221s] -- Detecting C compile features - done
[0.229s] -- Detecting CXX compiler ABI info
[0.312s] -- Detecting CXX compiler ABI info - done
[0.320s] -- Check for working CXX compiler: /usr/bin/c++ - skipped
[0.320s] -- Detecting CXX compile features
[0.321s] -- Detecting CXX compile features - done
[0.325s] -- Found ament_cmake: 2.5.6 (/opt/ros/jazzy/share/ament_cmake/cmake)
[0.535s] -- Found Python3: /usr/bin/python3 (found version "3.12.3") found components: Interpreter 
[0.710s] -- Found rclpy: 7.1.12 (/opt/ros/jazzy/share/rclpy/cmake)
[0.716s] -- Found rclcpp: 28.1.22 (/opt/ros/jazzy/share/rclcpp/cmake)
[0.793s] -- Found rosidl_generator_c: 4.6.9 (/opt/ros/jazzy/share/rosidl_generator_c/cmake)
[0.821s] -- Found rosidl_generator_cpp: 4.6.9 (/opt/ros/jazzy/share/rosidl_generator_cpp/cmake)
[0.851s] -- Using all available rosidl_typesupport_c: rosidl_typesupport_fastrtps_c;rosidl_typesupport_introspection_c
[0.885s] -- Using all available rosidl_typesupport_cpp: rosidl_typesupport_fastrtps_cpp;rosidl_typesupport_introspection_cpp
[1.018s] -- Found rmw_implementation_cmake: 7.3.3 (/opt/ros/jazzy/share/rmw_implementation_cmake/cmake)
[1.025s] -- Found rmw_cyclonedds_cpp: 2.2.4 (/opt/ros/jazzy/share/rmw_cyclonedds_cpp/cmake)
[1.080s] -- Using RMW implementation 'rmw_cyclonedds_cpp' as default
[1.165s] -- Found std_msgs: 5.3.8 (/opt/ros/jazzy/share/std_msgs/cmake)
[1.177s] -- Found ament_lint_auto: 0.17.5 (/opt/ros/jazzy/share/ament_lint_auto/cmake)
[1.269s] -- Added test 'flake8' to check Python code syntax and style conventions
[1.269s] -- Configured 'flake8' exclude dirs and/or files: 
[1.269s] -- Added test 'lint_cmake' to check CMake code style
[1.270s] -- Added test 'pep257' to check Python code against some of the docstring style conventions in PEP 257
[1.271s] -- Added test 'xmllint' to check XML markup files
[1.272s] -- Configuring done (1.3s)
[1.275s] -- Generating done (0.0s)
[1.277s] -- Build files have been written to: /home/bryson/RoboSub_AUV/ros2_ws/build/auv_sensors
[1.283s] Invoked command in '/home/bryson/RoboSub_AUV/ros2_ws/build/auv_sensors' returned '0': CMAKE_PREFIX_PATH=${CMAKE_PREFIX_PATH}:/home/bryson/turtlebot3_ws/install/turtlebot3_teleop:/home/bryson/turtlebot3_ws/install/turtlebot3_example:/opt/ros/jazzy DEBUGINFOD_URLS=https://debuginfod.ubuntu.com /usr/bin/cmake /home/bryson/RoboSub_AUV/ros2_ws/src/auv_sensors -DCMAKE_INSTALL_PREFIX=/home/bryson/RoboSub_AUV/ros2_ws/install/auv_sensors
[1.284s] Invoking command in '/home/bryson/RoboSub_AUV/ros2_ws/build/auv_sensors': CMAKE_PREFIX_PATH=${CMAKE_PREFIX_PATH}:/home/bryson/turtlebot3_ws/install/turtlebot3_teleop:/home/bryson/turtlebot3_ws/install/turtlebot3_example:/opt/ros/jazzy DEBUGINFOD_URLS=https://debuginfod.ubuntu.com /usr/bin/cmake --build /home/bryson/RoboSub_AUV/ros2_ws/build/auv_sensors -- -j8 -l8
[1.313s] Invoked command in '/home/bryson/RoboSub_AUV/ros2_ws/build/auv_sensors' returned '0': CMAKE_PREFIX_PATH=${CMAKE_PREFIX_PATH}:/home/bryson/turtlebot3_ws/install/turtlebot3_teleop:/home/bryson/turtlebot3_ws/install/turtlebot3_example:/opt/ros/jazzy DEBUGINFOD_URLS=https://debuginfod.ubuntu.com /usr/bin/cmake --build /home/bryson/RoboSub_AUV/ros2_ws/build/auv_sensors -- -j8 -l8
[1.314s] Invoking command in '/home/bryson/RoboSub_AUV/ros2_ws/build/auv_sensors': CMAKE_PREFIX_PATH=${CMAKE_PREFIX_PATH}:/home/bryson/turtlebot3_ws/install/turtlebot3_teleop:/home/bryson/turtlebot3_ws/install/turtlebot3_example:/opt/ros/jazzy DEBUGINFOD_URLS=https://debuginfod.ubuntu.com /usr/bin/cmake --install /home/bryson/RoboSub_AUV/ros2_ws/build/auv_sensors
[1.319s] -- Install configuration: ""
[1.319s] -- Installing: /home/bryson/RoboSub_AUV/ros2_ws/install/auv_sensors/share/auv_sensors//src
[1.319s] -- Installing: /home/bryson/RoboSub_AUV/ros2_ws/install/auv_sensors/share/auv_sensors//src/sensor_filtering.py
[1.319s] -- Installing: /home/bryson/RoboSub_AUV/ros2_ws/install/auv_sensors/share/auv_sensors//src/leak_sensor.py
[1.319s] -- Installing: /home/bryson/RoboSub_AUV/ros2_ws/install/auv_sensors/share/auv_sensors//src/sensor_node.py
[1.320s] -- Installing: /home/bryson/RoboSub_AUV/ros2_ws/install/auv_sensors/lib/auv_sensors/leak_sensor.py
[1.320s] -- Installing: /home/bryson/RoboSub_AUV/ros2_ws/install/auv_sensors/lib/auv_sensors/sensor_filtering.py
[1.320s] -- Installing: /home/bryson/RoboSub_AUV/ros2_ws/install/auv_sensors/lib/auv_sensors/sensor_node.py
[1.320s] -- Installing: /home/bryson/RoboSub_AUV/ros2_ws/install/auv_sensors/share/ament_index/resource_index/package_run_dependencies/auv_sensors
[1.320s] -- Installing: /home/bryson/RoboSub_AUV/ros2_ws/install/auv_sensors/share/ament_index/resource_index/parent_prefix_path/auv_sensors
[1.320s] -- Installing: /home/bryson/RoboSub_AUV/ros2_ws/install/auv_sensors/share/auv_sensors/environment/ament_prefix_path.sh
[1.320s] -- Installing: /home/bryson/RoboSub_AUV/ros2_ws/install/auv_sensors/share/auv_sensors/environment/ament_prefix_path.dsv
[1.320s] -- Installing: /home/bryson/RoboSub_AUV/ros2_ws/install/auv_sensors/share/auv_sensors/environment/path.sh
[1.320s] -- Installing: /home/bryson/RoboSub_AUV/ros2_ws/install/auv_sensors/share/auv_sensors/environment/path.dsv
[1.320s] -- Installing: /home/bryson/RoboSub_AUV/ros2_ws/install/auv_sensors/share/auv_sensors/local_setup.bash
[1.320s] -- Installing: /home/bryson/RoboSub_AUV/ros2_ws/install/auv_sensors/share/auv_sensors/local_setup.sh
[1.320s] -- Installing: /home/bryson/RoboSub_AUV/ros2_ws/install/auv_sensors/share/auv_sensors/local_setup.zsh
[1.320s] -- Installing: /home/bryson/RoboSub_AUV/ros2_ws/install/auv_sensors/share/auv_sensors/local_setup.dsv
[1.320s] -- Installing: /home/bryson/RoboSub_AUV/ros2_ws/install/auv_sensors/share/auv_sensors/package.dsv
[1.320s] -- Installing: /home/bryson/RoboSub_AUV/ros2_ws/install/auv_sensors/share/ament_index/resource_index/packages/auv_sensors
[1.321s] -- Installing: /home/bryson/RoboSub_AUV/ros2_ws/install/auv_sensors/share/auv_sensors/cmake/auv_sensorsConfig.cmake
[1.321s] -- Installing: /home/bryson/RoboSub_AUV/ros2_ws/install/auv_sensors/share/auv_sensors/cmake/auv_sensorsConfig-version.cmake
[1.321s] -- Installing: /home/bryson/RoboSub_AUV/ros2_ws/install/auv_sensors/share/auv_sensors/package.xml
[1.322s] Invoked command in '/home/bryson/RoboSub_AUV/ros2_ws/build/auv_sensors' returned '0': CMAKE_PREFIX_PATH=${CMAKE_PREFIX_PATH}:/home/bryson/turtlebot3_ws/install/turtlebot3_teleop:/home/bryson/turtlebot3_ws/install/turtlebot3_example:/opt/ros/jazzy DEBUGINFOD_URLS=https://debuginfod.ubuntu.com /usr/bin/cmake --install /home/bryson/RoboSub_AUV/ros2_ws/build/auv_sensors
