-- Install configuration: ""
-- Execute custom install script
-- Up-to-date symlink: /home/bryson/RoboSub_AUV/ros2_ws/install/auv_sensors/share/auv_sensors//src/leak_sensor.py
-- Up-to-date symlink: /home/bryson/RoboSub_AUV/ros2_ws/install/auv_sensors/share/auv_sensors//src/sensor_filtering.py
-- Up-to-date symlink: /home/bryson/RoboSub_AUV/ros2_ws/install/auv_sensors/share/auv_sensors//src/sensor_node.py
-- Up-to-date symlink: /home/bryson/RoboSub_AUV/ros2_ws/install/auv_sensors/lib/auv_sensors/leak_sensor.py
-- Up-to-date symlink: /home/bryson/RoboSub_AUV/ros2_ws/install/auv_sensors/lib/auv_sensors/sensor_filtering.py
-- Up-to-date symlink: /home/bryson/RoboSub_AUV/ros2_ws/install/auv_sensors/lib/auv_sensors/sensor_node.py
-- Up-to-date symlink: /home/bryson/RoboSub_AUV/ros2_ws/install/auv_sensors/share/ament_index/resource_index/package_run_dependencies/auv_sensors
-- Up-to-date symlink: /home/bryson/RoboSub_AUV/ros2_ws/install/auv_sensors/share/ament_index/resource_index/parent_prefix_path/auv_sensors
-- Up-to-date symlink: /home/bryson/RoboSub_AUV/ros2_ws/install/auv_sensors/share/auv_sensors/environment/ament_prefix_path.sh
-- Up-to-date symlink: /home/bryson/RoboSub_AUV/ros2_ws/install/auv_sensors/share/auv_sensors/environment/ament_prefix_path.dsv
-- Up-to-date symlink: /home/bryson/RoboSub_AUV/ros2_ws/install/auv_sensors/share/auv_sensors/environment/path.sh
-- Up-to-date symlink: /home/bryson/RoboSub_AUV/ros2_ws/install/auv_sensors/share/auv_sensors/environment/path.dsv
-- Up-to-date symlink: /home/bryson/RoboSub_AUV/ros2_ws/install/auv_sensors/share/auv_sensors/local_setup.bash
-- Up-to-date symlink: /home/bryson/RoboSub_AUV/ros2_ws/install/auv_sensors/share/auv_sensors/local_setup.sh
-- Up-to-date symlink: /home/bryson/RoboSub_AUV/ros2_ws/install/auv_sensors/share/auv_sensors/local_setup.zsh
-- Up-to-date symlink: /home/bryson/RoboSub_AUV/ros2_ws/install/auv_sensors/share/auv_sensors/local_setup.dsv
-- Symlinking: /home/bryson/RoboSub_AUV/ros2_ws/install/auv_sensors/share/auv_sensors/package.dsv
-- Up-to-date symlink: /home/bryson/RoboSub_AUV/ros2_ws/install/auv_sensors/share/ament_index/resource_index/packages/auv_sensors
-- Up-to-date symlink: /home/bryson/RoboSub_AUV/ros2_ws/install/auv_sensors/share/auv_sensors/cmake/auv_sensorsConfig.cmake
-- Up-to-date symlink: /home/bryson/RoboSub_AUV/ros2_ws/install/auv_sensors/share/auv_sensors/cmake/auv_sensorsConfig-version.cmake
-- Up-to-date symlink: /home/bryson/RoboSub_AUV/ros2_ws/install/auv_sensors/share/auv_sensors/package.xml
