[0.020s] Invoking command in '/home/bryson/RoboSub_AUV/ros2_ws/build/auv_camera': CMAKE_PREFIX_PATH=${CMAKE_PREFIX_PATH}:/home/bryson/turtlebot3_ws/install/turtlebot3_teleop:/home/bryson/turtlebot3_ws/install/turtlebot3_example:/opt/ros/jazzy DEBUGINFOD_URLS=https://debuginfod.ubuntu.com /usr/bin/cmake /home/bryson/RoboSub_AUV/ros2_ws/src/auv_camera -DCMAKE_INSTALL_PREFIX=/home/bryson/RoboSub_AUV/ros2_ws/install/auv_camera
[0.079s] -- The C compiler identification is GNU 13.3.0
[0.141s] -- The CXX compiler identification is GNU 13.3.0
[0.156s] -- Detecting C compiler ABI info
[0.229s] -- Detecting C compiler ABI info - done
[0.239s] -- Check for working C compiler: /usr/bin/cc - skipped
[0.240s] -- Detecting C compile features
[0.240s] -- Detecting C compile features - done
[0.247s] -- Detecting CXX compiler ABI info
[0.345s] -- Detecting CXX compiler ABI info - done
[0.359s] -- Check for working CXX compiler: /usr/bin/c++ - skipped
[0.359s] -- Detecting CXX compile features
[0.360s] -- Detecting CXX compile features - done
[0.366s] -- Found ament_cmake: 2.5.6 (/opt/ros/jazzy/share/ament_cmake/cmake)
[0.516s] -- Found Python3: /usr/bin/python3 (found version "3.12.3") found components: Interpreter 
[0.639s] -- Found rclpy: 7.1.12 (/opt/ros/jazzy/share/rclpy/cmake)
[0.642s] -- Found rclcpp: 28.1.22 (/opt/ros/jazzy/share/rclcpp/cmake)
[0.721s] -- Found rosidl_generator_c: 4.6.9 (/opt/ros/jazzy/share/rosidl_generator_c/cmake)
[0.748s] -- Found rosidl_generator_cpp: 4.6.9 (/opt/ros/jazzy/share/rosidl_generator_cpp/cmake)
[0.778s] -- Using all available rosidl_typesupport_c: rosidl_typesupport_fastrtps_c;rosidl_typesupport_introspection_c
[0.812s] -- Using all available rosidl_typesupport_cpp: rosidl_typesupport_fastrtps_cpp;rosidl_typesupport_introspection_cpp
[0.946s] -- Found rmw_implementation_cmake: 7.3.3 (/opt/ros/jazzy/share/rmw_implementation_cmake/cmake)
[0.953s] -- Found rmw_cyclonedds_cpp: 2.2.4 (/opt/ros/jazzy/share/rmw_cyclonedds_cpp/cmake)
[1.011s] -- Using RMW implementation 'rmw_cyclonedds_cpp' as default
[1.125s] -- Found std_msgs: 5.3.8 (/opt/ros/jazzy/share/std_msgs/cmake)
[1.146s] -- Found ament_lint_auto: 0.17.5 (/opt/ros/jazzy/share/ament_lint_auto/cmake)
[1.234s] -- Added test 'flake8' to check Python code syntax and style conventions
[1.234s] -- Configured 'flake8' exclude dirs and/or files: 
[1.235s] -- Added test 'lint_cmake' to check CMake code style
[1.235s] -- Added test 'pep257' to check Python code against some of the docstring style conventions in PEP 257
[1.236s] -- Added test 'xmllint' to check XML markup files
[1.238s] -- Configuring done (1.2s)
[1.240s] -- Generating done (0.0s)
[1.242s] -- Build files have been written to: /home/bryson/RoboSub_AUV/ros2_ws/build/auv_camera
[1.248s] Invoked command in '/home/bryson/RoboSub_AUV/ros2_ws/build/auv_camera' returned '0': CMAKE_PREFIX_PATH=${CMAKE_PREFIX_PATH}:/home/bryson/turtlebot3_ws/install/turtlebot3_teleop:/home/bryson/turtlebot3_ws/install/turtlebot3_example:/opt/ros/jazzy DEBUGINFOD_URLS=https://debuginfod.ubuntu.com /usr/bin/cmake /home/bryson/RoboSub_AUV/ros2_ws/src/auv_camera -DCMAKE_INSTALL_PREFIX=/home/bryson/RoboSub_AUV/ros2_ws/install/auv_camera
[1.249s] Invoking command in '/home/bryson/RoboSub_AUV/ros2_ws/build/auv_camera': CMAKE_PREFIX_PATH=${CMAKE_PREFIX_PATH}:/home/bryson/turtlebot3_ws/install/turtlebot3_teleop:/home/bryson/turtlebot3_ws/install/turtlebot3_example:/opt/ros/jazzy DEBUGINFOD_URLS=https://debuginfod.ubuntu.com /usr/bin/cmake --build /home/bryson/RoboSub_AUV/ros2_ws/build/auv_camera -- -j8 -l8
[1.278s] Invoked command in '/home/bryson/RoboSub_AUV/ros2_ws/build/auv_camera' returned '0': CMAKE_PREFIX_PATH=${CMAKE_PREFIX_PATH}:/home/bryson/turtlebot3_ws/install/turtlebot3_teleop:/home/bryson/turtlebot3_ws/install/turtlebot3_example:/opt/ros/jazzy DEBUGINFOD_URLS=https://debuginfod.ubuntu.com /usr/bin/cmake --build /home/bryson/RoboSub_AUV/ros2_ws/build/auv_camera -- -j8 -l8
[1.279s] Invoking command in '/home/bryson/RoboSub_AUV/ros2_ws/build/auv_camera': CMAKE_PREFIX_PATH=${CMAKE_PREFIX_PATH}:/home/bryson/turtlebot3_ws/install/turtlebot3_teleop:/home/bryson/turtlebot3_ws/install/turtlebot3_example:/opt/ros/jazzy DEBUGINFOD_URLS=https://debuginfod.ubuntu.com /usr/bin/cmake --install /home/bryson/RoboSub_AUV/ros2_ws/build/auv_camera
[1.284s] -- Install configuration: ""
[1.284s] -- Installing: /home/bryson/RoboSub_AUV/ros2_ws/install/auv_camera/share/auv_camera//src
[1.284s] -- Installing: /home/bryson/RoboSub_AUV/ros2_ws/install/auv_camera/share/auv_camera//src/camera_sensor.py
[1.284s] -- Installing: /home/bryson/RoboSub_AUV/ros2_ws/install/auv_camera/share/auv_camera//src/camera_processing.py
[1.284s] -- Installing: /home/bryson/RoboSub_AUV/ros2_ws/install/auv_camera/share/auv_camera//src/object_detection.py
[1.284s] -- Installing: /home/bryson/RoboSub_AUV/ros2_ws/install/auv_camera/lib/auv_camera/camera_processing.py
[1.284s] -- Installing: /home/bryson/RoboSub_AUV/ros2_ws/install/auv_camera/lib/auv_camera/camera_sensor.py
[1.284s] -- Installing: /home/bryson/RoboSub_AUV/ros2_ws/install/auv_camera/lib/auv_camera/object_detection.py
[1.284s] -- Installing: /home/bryson/RoboSub_AUV/ros2_ws/install/auv_camera/share/ament_index/resource_index/package_run_dependencies/auv_camera
[1.285s] -- Installing: /home/bryson/RoboSub_AUV/ros2_ws/install/auv_camera/share/ament_index/resource_index/parent_prefix_path/auv_camera
[1.285s] -- Installing: /home/bryson/RoboSub_AUV/ros2_ws/install/auv_camera/share/auv_camera/environment/ament_prefix_path.sh
[1.285s] -- Installing: /home/bryson/RoboSub_AUV/ros2_ws/install/auv_camera/share/auv_camera/environment/ament_prefix_path.dsv
[1.285s] -- Installing: /home/bryson/RoboSub_AUV/ros2_ws/install/auv_camera/share/auv_camera/environment/path.sh
[1.285s] -- Installing: /home/bryson/RoboSub_AUV/ros2_ws/install/auv_camera/share/auv_camera/environment/path.dsv
[1.285s] -- Installing: /home/bryson/RoboSub_AUV/ros2_ws/install/auv_camera/share/auv_camera/local_setup.bash
[1.285s] -- Installing: /home/bryson/RoboSub_AUV/ros2_ws/install/auv_camera/share/auv_camera/local_setup.sh
[1.285s] -- Installing: /home/bryson/RoboSub_AUV/ros2_ws/install/auv_camera/share/auv_camera/local_setup.zsh
[1.285s] -- Installing: /home/bryson/RoboSub_AUV/ros2_ws/install/auv_camera/share/auv_camera/local_setup.dsv
[1.285s] -- Installing: /home/bryson/RoboSub_AUV/ros2_ws/install/auv_camera/share/auv_camera/package.dsv
[1.285s] -- Installing: /home/bryson/RoboSub_AUV/ros2_ws/install/auv_camera/share/ament_index/resource_index/packages/auv_camera
[1.285s] -- Installing: /home/bryson/RoboSub_AUV/ros2_ws/install/auv_camera/share/auv_camera/cmake/auv_cameraConfig.cmake
[1.285s] -- Installing: /home/bryson/RoboSub_AUV/ros2_ws/install/auv_camera/share/auv_camera/cmake/auv_cameraConfig-version.cmake
[1.285s] -- Installing: /home/bryson/RoboSub_AUV/ros2_ws/install/auv_camera/share/auv_camera/package.xml
[1.287s] Invoked command in '/home/bryson/RoboSub_AUV/ros2_ws/build/auv_camera' returned '0': CMAKE_PREFIX_PATH=${CMAKE_PREFIX_PATH}:/home/bryson/turtlebot3_ws/install/turtlebot3_teleop:/home/bryson/turtlebot3_ws/install/turtlebot3_example:/opt/ros/jazzy DEBUGINFOD_URLS=https://debuginfod.ubuntu.com /usr/bin/cmake --install /home/bryson/RoboSub_AUV/ros2_ws/build/auv_camera
