[0.013s] Invoking command in '/home/bryson/RoboSub_AUV/ros2_ws/build/auv_sensors': CMAKE_PREFIX_PATH=${CMAKE_PREFIX_PATH}:/home/bryson/turtlebot3_ws/install/turtlebot3_teleop:/home/bryson/turtlebot3_ws/install/turtlebot3_example:/opt/ros/jazzy DEBUGINFOD_URLS=https://debuginfod.ubuntu.com /usr/bin/cmake /home/bryson/RoboSub_AUV/ros2_ws/src/auv_sensors -DAMENT_CMAKE_SYMLINK_INSTALL=1 -DCMAKE_INSTALL_PREFIX=/home/bryson/RoboSub_AUV/ros2_ws/install/auv_sensors
[0.080s] -- The C compiler identification is GNU 13.3.0
[0.186s] -- The CXX compiler identification is GNU 13.3.0
[0.203s] -- Detecting C compiler ABI info
[0.290s] -- Detecting C compiler ABI info - done
[0.304s] -- Check for working C compiler: /usr/bin/cc - skipped
[0.305s] -- Detecting C compile features
[0.305s] -- Detecting C compile features - done
[0.314s] -- Detecting CXX compiler ABI info
[0.400s] -- Detecting CXX compiler ABI info - done
[0.413s] -- Check for working CXX compiler: /usr/bin/c++ - skipped
[0.413s] -- Detecting CXX compile features
[0.414s] -- Detecting CXX compile features - done
[0.420s] -- Found ament_cmake: 2.5.6 (/opt/ros/jazzy/share/ament_cmake/cmake)
[0.620s] -- Found Python3: /usr/bin/python3 (found version "3.12.3") found components: Interpreter 
[0.699s] -- Override CMake install command with custom implementation using symlinks instead of copying resources
[0.750s] -- Found rclpy: 7.1.12 (/opt/ros/jazzy/share/rclpy/cmake)
[0.753s] -- Found rclcpp: 28.1.22 (/opt/ros/jazzy/share/rclcpp/cmake)
[0.803s] -- Found rosidl_generator_c: 4.6.9 (/opt/ros/jazzy/share/rosidl_generator_c/cmake)
[0.820s] -- Found rosidl_generator_cpp: 4.6.9 (/opt/ros/jazzy/share/rosidl_generator_cpp/cmake)
[0.839s] -- Using all available rosidl_typesupport_c: rosidl_typesupport_fastrtps_c;rosidl_typesupport_introspection_c
[0.863s] -- Using all available rosidl_typesupport_cpp: rosidl_typesupport_fastrtps_cpp;rosidl_typesupport_introspection_cpp
[0.968s] -- Found rmw_implementation_cmake: 7.3.3 (/opt/ros/jazzy/share/rmw_implementation_cmake/cmake)
[0.973s] -- Found rmw_cyclonedds_cpp: 2.2.4 (/opt/ros/jazzy/share/rmw_cyclonedds_cpp/cmake)
[1.007s] -- Using RMW implementation 'rmw_cyclonedds_cpp' as default
[1.080s] -- Found std_msgs: 5.3.8 (/opt/ros/jazzy/share/std_msgs/cmake)
[1.096s] -- Found ament_lint_auto: 0.17.5 (/opt/ros/jazzy/share/ament_lint_auto/cmake)
[1.201s] -- Added test 'flake8' to check Python code syntax and style conventions
[1.201s] -- Configured 'flake8' exclude dirs and/or files: 
[1.202s] -- Added test 'lint_cmake' to check CMake code style
[1.203s] -- Added test 'pep257' to check Python code against some of the docstring style conventions in PEP 257
[1.204s] -- Added test 'xmllint' to check XML markup files
[1.206s] -- Configuring done (1.2s)
[1.209s] -- Generating done (0.0s)
[1.211s] -- Build files have been written to: /home/bryson/RoboSub_AUV/ros2_ws/build/auv_sensors
[1.218s] Invoked command in '/home/bryson/RoboSub_AUV/ros2_ws/build/auv_sensors' returned '0': CMAKE_PREFIX_PATH=${CMAKE_PREFIX_PATH}:/home/bryson/turtlebot3_ws/install/turtlebot3_teleop:/home/bryson/turtlebot3_ws/install/turtlebot3_example:/opt/ros/jazzy DEBUGINFOD_URLS=https://debuginfod.ubuntu.com /usr/bin/cmake /home/bryson/RoboSub_AUV/ros2_ws/src/auv_sensors -DAMENT_CMAKE_SYMLINK_INSTALL=1 -DCMAKE_INSTALL_PREFIX=/home/bryson/RoboSub_AUV/ros2_ws/install/auv_sensors
[1.219s] Invoking command in '/home/bryson/RoboSub_AUV/ros2_ws/build/auv_sensors': CMAKE_PREFIX_PATH=${CMAKE_PREFIX_PATH}:/home/bryson/turtlebot3_ws/install/turtlebot3_teleop:/home/bryson/turtlebot3_ws/install/turtlebot3_example:/opt/ros/jazzy DEBUGINFOD_URLS=https://debuginfod.ubuntu.com /usr/bin/cmake --build /home/bryson/RoboSub_AUV/ros2_ws/build/auv_sensors -- -j8 -l8
[1.256s] Invoked command in '/home/bryson/RoboSub_AUV/ros2_ws/build/auv_sensors' returned '0': CMAKE_PREFIX_PATH=${CMAKE_PREFIX_PATH}:/home/bryson/turtlebot3_ws/install/turtlebot3_teleop:/home/bryson/turtlebot3_ws/install/turtlebot3_example:/opt/ros/jazzy DEBUGINFOD_URLS=https://debuginfod.ubuntu.com /usr/bin/cmake --build /home/bryson/RoboSub_AUV/ros2_ws/build/auv_sensors -- -j8 -l8
[1.257s] Invoking command in '/home/bryson/RoboSub_AUV/ros2_ws/build/auv_sensors': CMAKE_PREFIX_PATH=${CMAKE_PREFIX_PATH}:/home/bryson/turtlebot3_ws/install/turtlebot3_teleop:/home/bryson/turtlebot3_ws/install/turtlebot3_example:/opt/ros/jazzy DEBUGINFOD_URLS=https://debuginfod.ubuntu.com /usr/bin/cmake --install /home/bryson/RoboSub_AUV/ros2_ws/build/auv_sensors
[1.263s] -- Install configuration: ""
[1.264s] -- Execute custom install script
[1.264s] -- Symlinking: /home/bryson/RoboSub_AUV/ros2_ws/install/auv_sensors/share/auv_sensors//src/leak_sensor.py
[1.271s] -- Symlinking: /home/bryson/RoboSub_AUV/ros2_ws/install/auv_sensors/share/auv_sensors//src/sensor_filtering.py
[1.279s] -- Symlinking: /home/bryson/RoboSub_AUV/ros2_ws/install/auv_sensors/share/auv_sensors//src/sensor_node.py
[1.287s] -- Symlinking: /home/bryson/RoboSub_AUV/ros2_ws/install/auv_sensors/lib/auv_sensors/leak_sensor.py
[1.295s] -- Symlinking: /home/bryson/RoboSub_AUV/ros2_ws/install/auv_sensors/lib/auv_sensors/sensor_filtering.py
[1.304s] -- Symlinking: /home/bryson/RoboSub_AUV/ros2_ws/install/auv_sensors/lib/auv_sensors/sensor_node.py
[1.312s] -- Symlinking: /home/bryson/RoboSub_AUV/ros2_ws/install/auv_sensors/share/ament_index/resource_index/package_run_dependencies/auv_sensors
[1.319s] -- Symlinking: /home/bryson/RoboSub_AUV/ros2_ws/install/auv_sensors/share/ament_index/resource_index/parent_prefix_path/auv_sensors
[1.329s] -- Symlinking: /home/bryson/RoboSub_AUV/ros2_ws/install/auv_sensors/share/auv_sensors/environment/ament_prefix_path.sh
[1.340s] -- Symlinking: /home/bryson/RoboSub_AUV/ros2_ws/install/auv_sensors/share/auv_sensors/environment/ament_prefix_path.dsv
[1.350s] -- Symlinking: /home/bryson/RoboSub_AUV/ros2_ws/install/auv_sensors/share/auv_sensors/environment/path.sh
[1.360s] -- Symlinking: /home/bryson/RoboSub_AUV/ros2_ws/install/auv_sensors/share/auv_sensors/environment/path.dsv
[1.371s] -- Symlinking: /home/bryson/RoboSub_AUV/ros2_ws/install/auv_sensors/share/auv_sensors/local_setup.bash
[1.381s] -- Symlinking: /home/bryson/RoboSub_AUV/ros2_ws/install/auv_sensors/share/auv_sensors/local_setup.sh
[1.391s] -- Symlinking: /home/bryson/RoboSub_AUV/ros2_ws/install/auv_sensors/share/auv_sensors/local_setup.zsh
[1.397s] -- Symlinking: /home/bryson/RoboSub_AUV/ros2_ws/install/auv_sensors/share/auv_sensors/local_setup.dsv
[1.404s] -- Symlinking: /home/bryson/RoboSub_AUV/ros2_ws/install/auv_sensors/share/auv_sensors/package.dsv
[1.412s] -- Symlinking: /home/bryson/RoboSub_AUV/ros2_ws/install/auv_sensors/share/ament_index/resource_index/packages/auv_sensors
[1.420s] -- Symlinking: /home/bryson/RoboSub_AUV/ros2_ws/install/auv_sensors/share/auv_sensors/cmake/auv_sensorsConfig.cmake
[1.427s] -- Symlinking: /home/bryson/RoboSub_AUV/ros2_ws/install/auv_sensors/share/auv_sensors/cmake/auv_sensorsConfig-version.cmake
[1.434s] -- Symlinking: /home/bryson/RoboSub_AUV/ros2_ws/install/auv_sensors/share/auv_sensors/package.xml
[1.442s] Invoked command in '/home/bryson/RoboSub_AUV/ros2_ws/build/auv_sensors' returned '0': CMAKE_PREFIX_PATH=${CMAKE_PREFIX_PATH}:/home/bryson/turtlebot3_ws/install/turtlebot3_teleop:/home/bryson/turtlebot3_ws/install/turtlebot3_example:/opt/ros/jazzy DEBUGINFOD_URLS=https://debuginfod.ubuntu.com /usr/bin/cmake --install /home/bryson/RoboSub_AUV/ros2_ws/build/auv_sensors
