[0.014s] Invoking command in '/home/bryson/RoboSub_AUV/ros2_ws/build/auv_sensors': CMAKE_PREFIX_PATH=${CMAKE_PREFIX_PATH}:/home/bryson/turtlebot3_ws/install/turtlebot3_teleop:/home/bryson/turtlebot3_ws/install/turtlebot3_example:/opt/ros/jazzy DEBUGINFOD_URLS=https://debuginfod.ubuntu.com /usr/bin/cmake --build /home/bryson/RoboSub_AUV/ros2_ws/build/auv_sensors -- -j8 -l8
[0.058s] Invoked command in '/home/bryson/RoboSub_AUV/ros2_ws/build/auv_sensors' returned '0': CMAKE_PREFIX_PATH=${CMAKE_PREFIX_PATH}:/home/bryson/turtlebot3_ws/install/turtlebot3_teleop:/home/bryson/turtlebot3_ws/install/turtlebot3_example:/opt/ros/jazzy DEBUGINFOD_URLS=https://debuginfod.ubuntu.com /usr/bin/cmake --build /home/bryson/RoboSub_AUV/ros2_ws/build/auv_sensors -- -j8 -l8
[0.059s] Invoking command in '/home/bryson/RoboSub_AUV/ros2_ws/build/auv_sensors': CMAKE_PREFIX_PATH=${CMAKE_PREFIX_PATH}:/home/bryson/turtlebot3_ws/install/turtlebot3_teleop:/home/bryson/turtlebot3_ws/install/turtlebot3_example:/opt/ros/jazzy DEBUGINFOD_URLS=https://debuginfod.ubuntu.com /usr/bin/cmake --install /home/bryson/RoboSub_AUV/ros2_ws/build/auv_sensors
[0.067s] -- Install configuration: ""
[0.068s] -- Execute custom install script
[0.068s] -- Up-to-date symlink: /home/bryson/RoboSub_AUV/ros2_ws/install/auv_sensors/share/auv_sensors//src/leak_sensor.py
[0.068s] -- Up-to-date symlink: /home/bryson/RoboSub_AUV/ros2_ws/install/auv_sensors/share/auv_sensors//src/sensor_filtering.py
[0.068s] -- Up-to-date symlink: /home/bryson/RoboSub_AUV/ros2_ws/install/auv_sensors/share/auv_sensors//src/sensor_node.py
[0.068s] -- Up-to-date symlink: /home/bryson/RoboSub_AUV/ros2_ws/install/auv_sensors/lib/auv_sensors/leak_sensor.py
[0.068s] -- Up-to-date symlink: /home/bryson/RoboSub_AUV/ros2_ws/install/auv_sensors/lib/auv_sensors/sensor_filtering.py
[0.068s] -- Up-to-date symlink: /home/bryson/RoboSub_AUV/ros2_ws/install/auv_sensors/lib/auv_sensors/sensor_node.py
[0.069s] -- Up-to-date symlink: /home/bryson/RoboSub_AUV/ros2_ws/install/auv_sensors/share/ament_index/resource_index/package_run_dependencies/auv_sensors
[0.069s] -- Up-to-date symlink: /home/bryson/RoboSub_AUV/ros2_ws/install/auv_sensors/share/ament_index/resource_index/parent_prefix_path/auv_sensors
[0.069s] -- Up-to-date symlink: /home/bryson/RoboSub_AUV/ros2_ws/install/auv_sensors/share/auv_sensors/environment/ament_prefix_path.sh
[0.069s] -- Up-to-date symlink: /home/bryson/RoboSub_AUV/ros2_ws/install/auv_sensors/share/auv_sensors/environment/ament_prefix_path.dsv
[0.070s] -- Up-to-date symlink: /home/bryson/RoboSub_AUV/ros2_ws/install/auv_sensors/share/auv_sensors/environment/path.sh
[0.070s] -- Up-to-date symlink: /home/bryson/RoboSub_AUV/ros2_ws/install/auv_sensors/share/auv_sensors/environment/path.dsv
[0.070s] -- Up-to-date symlink: /home/bryson/RoboSub_AUV/ros2_ws/install/auv_sensors/share/auv_sensors/local_setup.bash
[0.070s] -- Up-to-date symlink: /home/bryson/RoboSub_AUV/ros2_ws/install/auv_sensors/share/auv_sensors/local_setup.sh
[0.070s] -- Up-to-date symlink: /home/bryson/RoboSub_AUV/ros2_ws/install/auv_sensors/share/auv_sensors/local_setup.zsh
[0.070s] -- Up-to-date symlink: /home/bryson/RoboSub_AUV/ros2_ws/install/auv_sensors/share/auv_sensors/local_setup.dsv
[0.070s] -- Symlinking: /home/bryson/RoboSub_AUV/ros2_ws/install/auv_sensors/share/auv_sensors/package.dsv
[0.079s] -- Up-to-date symlink: /home/bryson/RoboSub_AUV/ros2_ws/install/auv_sensors/share/ament_index/resource_index/packages/auv_sensors
[0.080s] -- Up-to-date symlink: /home/bryson/RoboSub_AUV/ros2_ws/install/auv_sensors/share/auv_sensors/cmake/auv_sensorsConfig.cmake
[0.080s] -- Up-to-date symlink: /home/bryson/RoboSub_AUV/ros2_ws/install/auv_sensors/share/auv_sensors/cmake/auv_sensorsConfig-version.cmake
[0.080s] -- Up-to-date symlink: /home/bryson/RoboSub_AUV/ros2_ws/install/auv_sensors/share/auv_sensors/package.xml
[0.094s] Invoked command in '/home/bryson/RoboSub_AUV/ros2_ws/build/auv_sensors' returned '0': CMAKE_PREFIX_PATH=${CMAKE_PREFIX_PATH}:/home/bryson/turtlebot3_ws/install/turtlebot3_teleop:/home/bryson/turtlebot3_ws/install/turtlebot3_example:/opt/ros/jazzy DEBUGINFOD_URLS=https://debuginfod.ubuntu.com /usr/bin/cmake --install /home/bryson/RoboSub_AUV/ros2_ws/build/auv_sensors
