[0.022s] Invoking command in '/home/bryson/RoboSub_AUV/ros2_ws/build/auv_camera': CMAKE_PREFIX_PATH=${CMAKE_PREFIX_PATH}:/home/bryson/turtlebot3_ws/install/turtlebot3_teleop:/home/bryson/turtlebot3_ws/install/turtlebot3_example:/opt/ros/jazzy DEBUGINFOD_URLS=https://debuginfod.ubuntu.com /usr/bin/cmake --build /home/bryson/RoboSub_AUV/ros2_ws/build/auv_camera -- -j8 -l8
[0.073s] Invoked command in '/home/bryson/RoboSub_AUV/ros2_ws/build/auv_camera' returned '0': CMAKE_PREFIX_PATH=${CMAKE_PREFIX_PATH}:/home/bryson/turtlebot3_ws/install/turtlebot3_teleop:/home/bryson/turtlebot3_ws/install/turtlebot3_example:/opt/ros/jazzy DEBUGINFOD_URLS=https://debuginfod.ubuntu.com /usr/bin/cmake --build /home/bryson/RoboSub_AUV/ros2_ws/build/auv_camera -- -j8 -l8
[0.074s] Invoking command in '/home/bryson/RoboSub_AUV/ros2_ws/build/auv_camera': CMAKE_PREFIX_PATH=${CMAKE_PREFIX_PATH}:/home/bryson/turtlebot3_ws/install/turtlebot3_teleop:/home/bryson/turtlebot3_ws/install/turtlebot3_example:/opt/ros/jazzy DEBUGINFOD_URLS=https://debuginfod.ubuntu.com /usr/bin/cmake --install /home/bryson/RoboSub_AUV/ros2_ws/build/auv_camera
[0.084s] -- Install configuration: ""
[0.084s] -- Execute custom install script
[0.084s] -- Up-to-date symlink: /home/bryson/RoboSub_AUV/ros2_ws/install/auv_camera/share/auv_camera//src/camera_processing.py
[0.084s] -- Up-to-date symlink: /home/bryson/RoboSub_AUV/ros2_ws/install/auv_camera/share/auv_camera//src/camera_sensor.py
[0.085s] -- Up-to-date symlink: /home/bryson/RoboSub_AUV/ros2_ws/install/auv_camera/share/auv_camera//src/object_detection.py
[0.085s] -- Up-to-date symlink: /home/bryson/RoboSub_AUV/ros2_ws/install/auv_camera/lib/auv_camera/camera_processing.py
[0.085s] -- Up-to-date symlink: /home/bryson/RoboSub_AUV/ros2_ws/install/auv_camera/lib/auv_camera/camera_sensor.py
[0.086s] -- Up-to-date symlink: /home/bryson/RoboSub_AUV/ros2_ws/install/auv_camera/lib/auv_camera/object_detection.py
[0.086s] -- Up-to-date symlink: /home/bryson/RoboSub_AUV/ros2_ws/install/auv_camera/share/ament_index/resource_index/package_run_dependencies/auv_camera
[0.086s] -- Up-to-date symlink: /home/bryson/RoboSub_AUV/ros2_ws/install/auv_camera/share/ament_index/resource_index/parent_prefix_path/auv_camera
[0.086s] -- Up-to-date symlink: /home/bryson/RoboSub_AUV/ros2_ws/install/auv_camera/share/auv_camera/environment/ament_prefix_path.sh
[0.086s] -- Up-to-date symlink: /home/bryson/RoboSub_AUV/ros2_ws/install/auv_camera/share/auv_camera/environment/ament_prefix_path.dsv
[0.087s] -- Up-to-date symlink: /home/bryson/RoboSub_AUV/ros2_ws/install/auv_camera/share/auv_camera/environment/path.sh
[0.087s] -- Up-to-date symlink: /home/bryson/RoboSub_AUV/ros2_ws/install/auv_camera/share/auv_camera/environment/path.dsv
[0.087s] -- Up-to-date symlink: /home/bryson/RoboSub_AUV/ros2_ws/install/auv_camera/share/auv_camera/local_setup.bash
[0.087s] -- Up-to-date symlink: /home/bryson/RoboSub_AUV/ros2_ws/install/auv_camera/share/auv_camera/local_setup.sh
[0.087s] -- Up-to-date symlink: /home/bryson/RoboSub_AUV/ros2_ws/install/auv_camera/share/auv_camera/local_setup.zsh
[0.087s] -- Up-to-date symlink: /home/bryson/RoboSub_AUV/ros2_ws/install/auv_camera/share/auv_camera/local_setup.dsv
[0.087s] -- Symlinking: /home/bryson/RoboSub_AUV/ros2_ws/install/auv_camera/share/auv_camera/package.dsv
[0.095s] -- Up-to-date symlink: /home/bryson/RoboSub_AUV/ros2_ws/install/auv_camera/share/ament_index/resource_index/packages/auv_camera
[0.096s] -- Up-to-date symlink: /home/bryson/RoboSub_AUV/ros2_ws/install/auv_camera/share/auv_camera/cmake/auv_cameraConfig.cmake
[0.096s] -- Up-to-date symlink: /home/bryson/RoboSub_AUV/ros2_ws/install/auv_camera/share/auv_camera/cmake/auv_cameraConfig-version.cmake
[0.096s] -- Up-to-date symlink: /home/bryson/RoboSub_AUV/ros2_ws/install/auv_camera/share/auv_camera/package.xml
[0.130s] Invoked command in '/home/bryson/RoboSub_AUV/ros2_ws/build/auv_camera' returned '0': CMAKE_PREFIX_PATH=${CMAKE_PREFIX_PATH}:/home/bryson/turtlebot3_ws/install/turtlebot3_teleop:/home/bryson/turtlebot3_ws/install/turtlebot3_example:/opt/ros/jazzy DEBUGINFOD_URLS=https://debuginfod.ubuntu.com /usr/bin/cmake --install /home/bryson/RoboSub_AUV/ros2_ws/build/auv_camera
