[0.014s] Invoking command in '/home/bryson/RoboSub_AUV/ros2_ws/build/auv_planning': CMAKE_PREFIX_PATH=${CMAKE_PREFIX_PATH}:/home/bryson/turtlebot3_ws/install/turtlebot3_teleop:/home/bryson/turtlebot3_ws/install/turtlebot3_example:/opt/ros/jazzy DEBUGINFOD_URLS=https://debuginfod.ubuntu.com /usr/bin/cmake /home/bryson/RoboSub_AUV/ros2_ws/src/auv_planning -DAMENT_CMAKE_SYMLINK_INSTALL=1 -DCMAKE_INSTALL_PREFIX=/home/bryson/RoboSub_AUV/ros2_ws/install/auv_planning
[0.088s] -- The C compiler identification is GNU 13.3.0
[0.197s] -- The CXX compiler identification is GNU 13.3.0
[0.210s] -- Detecting C compiler ABI info
[0.295s] -- Detecting C compiler ABI info - done
[0.307s] -- Check for working C compiler: /usr/bin/cc - skipped
[0.307s] -- Detecting C compile features
[0.308s] -- Detecting C compile features - done
[0.316s] -- Detecting CXX compiler ABI info
[0.404s] -- Detecting CXX compiler ABI info - done
[0.413s] -- Check for working CXX compiler: /usr/bin/c++ - skipped
[0.413s] -- Detecting CXX compile features
[0.413s] -- Detecting CXX compile features - done
[0.423s] -- Found ament_cmake: 2.5.6 (/opt/ros/jazzy/share/ament_cmake/cmake)
[0.574s] -- Found Python3: /usr/bin/python3 (found version "3.12.3") found components: Interpreter 
[0.671s] -- Override CMake install command with custom implementation using symlinks instead of copying resources
[0.749s] -- Found rclpy: 7.1.12 (/opt/ros/jazzy/share/rclpy/cmake)
[0.754s] -- Found rclcpp: 28.1.22 (/opt/ros/jazzy/share/rclcpp/cmake)
[0.835s] -- Found rosidl_generator_c: 4.6.9 (/opt/ros/jazzy/share/rosidl_generator_c/cmake)
[0.863s] -- Found rosidl_generator_cpp: 4.6.9 (/opt/ros/jazzy/share/rosidl_generator_cpp/cmake)
[0.892s] -- Using all available rosidl_typesupport_c: rosidl_typesupport_fastrtps_c;rosidl_typesupport_introspection_c
[0.924s] -- Using all available rosidl_typesupport_cpp: rosidl_typesupport_fastrtps_cpp;rosidl_typesupport_introspection_cpp
[1.061s] -- Found rmw_implementation_cmake: 7.3.3 (/opt/ros/jazzy/share/rmw_implementation_cmake/cmake)
[1.069s] -- Found rmw_cyclonedds_cpp: 2.2.4 (/opt/ros/jazzy/share/rmw_cyclonedds_cpp/cmake)
[1.126s] -- Using RMW implementation 'rmw_cyclonedds_cpp' as default
[1.242s] -- Found std_msgs: 5.3.8 (/opt/ros/jazzy/share/std_msgs/cmake)
[1.259s] -- Found geometry_msgs: 5.3.8 (/opt/ros/jazzy/share/geometry_msgs/cmake)
[1.286s] -- Found ament_lint_auto: 0.17.5 (/opt/ros/jazzy/share/ament_lint_auto/cmake)
[1.411s] -- Added test 'flake8' to check Python code syntax and style conventions
[1.411s] -- Configured 'flake8' exclude dirs and/or files: 
[1.412s] -- Added test 'lint_cmake' to check CMake code style
[1.413s] -- Added test 'pep257' to check Python code against some of the docstring style conventions in PEP 257
[1.414s] -- Added test 'xmllint' to check XML markup files
[1.417s] -- Configuring done (1.4s)
[1.420s] -- Generating done (0.0s)
[1.422s] -- Build files have been written to: /home/bryson/RoboSub_AUV/ros2_ws/build/auv_planning
[1.429s] Invoked command in '/home/bryson/RoboSub_AUV/ros2_ws/build/auv_planning' returned '0': CMAKE_PREFIX_PATH=${CMAKE_PREFIX_PATH}:/home/bryson/turtlebot3_ws/install/turtlebot3_teleop:/home/bryson/turtlebot3_ws/install/turtlebot3_example:/opt/ros/jazzy DEBUGINFOD_URLS=https://debuginfod.ubuntu.com /usr/bin/cmake /home/bryson/RoboSub_AUV/ros2_ws/src/auv_planning -DAMENT_CMAKE_SYMLINK_INSTALL=1 -DCMAKE_INSTALL_PREFIX=/home/bryson/RoboSub_AUV/ros2_ws/install/auv_planning
[1.429s] Invoking command in '/home/bryson/RoboSub_AUV/ros2_ws/build/auv_planning': CMAKE_PREFIX_PATH=${CMAKE_PREFIX_PATH}:/home/bryson/turtlebot3_ws/install/turtlebot3_teleop:/home/bryson/turtlebot3_ws/install/turtlebot3_example:/opt/ros/jazzy DEBUGINFOD_URLS=https://debuginfod.ubuntu.com /usr/bin/cmake --build /home/bryson/RoboSub_AUV/ros2_ws/build/auv_planning -- -j8 -l8
[1.461s] Invoked command in '/home/bryson/RoboSub_AUV/ros2_ws/build/auv_planning' returned '0': CMAKE_PREFIX_PATH=${CMAKE_PREFIX_PATH}:/home/bryson/turtlebot3_ws/install/turtlebot3_teleop:/home/bryson/turtlebot3_ws/install/turtlebot3_example:/opt/ros/jazzy DEBUGINFOD_URLS=https://debuginfod.ubuntu.com /usr/bin/cmake --build /home/bryson/RoboSub_AUV/ros2_ws/build/auv_planning -- -j8 -l8
[1.462s] Invoking command in '/home/bryson/RoboSub_AUV/ros2_ws/build/auv_planning': CMAKE_PREFIX_PATH=${CMAKE_PREFIX_PATH}:/home/bryson/turtlebot3_ws/install/turtlebot3_teleop:/home/bryson/turtlebot3_ws/install/turtlebot3_example:/opt/ros/jazzy DEBUGINFOD_URLS=https://debuginfod.ubuntu.com /usr/bin/cmake --install /home/bryson/RoboSub_AUV/ros2_ws/build/auv_planning
[1.468s] -- Install configuration: ""
[1.468s] -- Execute custom install script
[1.468s] -- Symlinking: /home/bryson/RoboSub_AUV/ros2_ws/install/auv_planning/share/auv_planning//src/controls.py
[1.474s] -- Symlinking: /home/bryson/RoboSub_AUV/ros2_ws/install/auv_planning/share/auv_planning//src/localization.py
[1.480s] -- Symlinking: /home/bryson/RoboSub_AUV/ros2_ws/install/auv_planning/share/auv_planning//src/path_planning.py
[1.486s] -- Symlinking: /home/bryson/RoboSub_AUV/ros2_ws/install/auv_planning/share/auv_planning//src/state_machine.py
[1.492s] -- Symlinking: /home/bryson/RoboSub_AUV/ros2_ws/install/auv_planning/lib/auv_planning/controls.py
[1.499s] -- Symlinking: /home/bryson/RoboSub_AUV/ros2_ws/install/auv_planning/lib/auv_planning/localization.py
[1.505s] -- Symlinking: /home/bryson/RoboSub_AUV/ros2_ws/install/auv_planning/lib/auv_planning/path_planning.py
[1.510s] -- Symlinking: /home/bryson/RoboSub_AUV/ros2_ws/install/auv_planning/lib/auv_planning/state_machine.py
[1.516s] -- Symlinking: /home/bryson/RoboSub_AUV/ros2_ws/install/auv_planning/share/ament_index/resource_index/package_run_dependencies/auv_planning
[1.522s] -- Symlinking: /home/bryson/RoboSub_AUV/ros2_ws/install/auv_planning/share/ament_index/resource_index/parent_prefix_path/auv_planning
[1.529s] -- Symlinking: /home/bryson/RoboSub_AUV/ros2_ws/install/auv_planning/share/auv_planning/environment/ament_prefix_path.sh
[1.535s] -- Symlinking: /home/bryson/RoboSub_AUV/ros2_ws/install/auv_planning/share/auv_planning/environment/ament_prefix_path.dsv
[1.542s] -- Symlinking: /home/bryson/RoboSub_AUV/ros2_ws/install/auv_planning/share/auv_planning/environment/path.sh
[1.548s] -- Symlinking: /home/bryson/RoboSub_AUV/ros2_ws/install/auv_planning/share/auv_planning/environment/path.dsv
[1.555s] -- Symlinking: /home/bryson/RoboSub_AUV/ros2_ws/install/auv_planning/share/auv_planning/local_setup.bash
[1.561s] -- Symlinking: /home/bryson/RoboSub_AUV/ros2_ws/install/auv_planning/share/auv_planning/local_setup.sh
[1.568s] -- Symlinking: /home/bryson/RoboSub_AUV/ros2_ws/install/auv_planning/share/auv_planning/local_setup.zsh
[1.575s] -- Symlinking: /home/bryson/RoboSub_AUV/ros2_ws/install/auv_planning/share/auv_planning/local_setup.dsv
[1.581s] -- Symlinking: /home/bryson/RoboSub_AUV/ros2_ws/install/auv_planning/share/auv_planning/package.dsv
[1.587s] -- Symlinking: /home/bryson/RoboSub_AUV/ros2_ws/install/auv_planning/share/ament_index/resource_index/packages/auv_planning
[1.593s] -- Symlinking: /home/bryson/RoboSub_AUV/ros2_ws/install/auv_planning/share/auv_planning/cmake/auv_planningConfig.cmake
[1.600s] -- Symlinking: /home/bryson/RoboSub_AUV/ros2_ws/install/auv_planning/share/auv_planning/cmake/auv_planningConfig-version.cmake
[1.606s] -- Symlinking: /home/bryson/RoboSub_AUV/ros2_ws/install/auv_planning/share/auv_planning/package.xml
[1.613s] Invoked command in '/home/bryson/RoboSub_AUV/ros2_ws/build/auv_planning' returned '0': CMAKE_PREFIX_PATH=${CMAKE_PREFIX_PATH}:/home/bryson/turtlebot3_ws/install/turtlebot3_teleop:/home/bryson/turtlebot3_ws/install/turtlebot3_example:/opt/ros/jazzy DEBUGINFOD_URLS=https://debuginfod.ubuntu.com /usr/bin/cmake --install /home/bryson/RoboSub_AUV/ros2_ws/build/auv_planning
