[0.020s] Invoking command in '/home/bryson/RoboSub_AUV/ros2_ws/build/auv_camera': CMAKE_PREFIX_PATH=${CMAKE_PREFIX_PATH}:/home/bryson/turtlebot3_ws/install/turtlebot3_teleop:/home/bryson/turtlebot3_ws/install/turtlebot3_example:/opt/ros/jazzy DEBUGINFOD_URLS=https://debuginfod.ubuntu.com /usr/bin/cmake /home/bryson/RoboSub_AUV/ros2_ws/src/auv_camera -DAMENT_CMAKE_SYMLINK_INSTALL=1 -DCMAKE_INSTALL_PREFIX=/home/bryson/RoboSub_AUV/ros2_ws/install/auv_camera
[0.093s] -- The C compiler identification is GNU 13.3.0
[0.198s] -- The CXX compiler identification is GNU 13.3.0
[0.216s] -- Detecting C compiler ABI info
[0.303s] -- Detecting C compiler ABI info - done
[0.312s] -- Check for working C compiler: /usr/bin/cc - skipped
[0.312s] -- Detecting C compile features
[0.313s] -- Detecting C compile features - done
[0.320s] -- Detecting CXX compiler ABI info
[0.402s] -- Detecting CXX compiler ABI info - done
[0.412s] -- Check for working CXX compiler: /usr/bin/c++ - skipped
[0.412s] -- Detecting CXX compile features
[0.412s] -- Detecting CXX compile features - done
[0.433s] -- Found ament_cmake: 2.5.6 (/opt/ros/jazzy/share/ament_cmake/cmake)
[0.604s] -- Found Python3: /usr/bin/python3 (found version "3.12.3") found components: Interpreter 
[0.669s] -- Override CMake install command with custom implementation using symlinks instead of copying resources
[0.722s] -- Found rclpy: 7.1.12 (/opt/ros/jazzy/share/rclpy/cmake)
[0.726s] -- Found rclcpp: 28.1.22 (/opt/ros/jazzy/share/rclcpp/cmake)
[0.780s] -- Found rosidl_generator_c: 4.6.9 (/opt/ros/jazzy/share/rosidl_generator_c/cmake)
[0.797s] -- Found rosidl_generator_cpp: 4.6.9 (/opt/ros/jazzy/share/rosidl_generator_cpp/cmake)
[0.818s] -- Using all available rosidl_typesupport_c: rosidl_typesupport_fastrtps_c;rosidl_typesupport_introspection_c
[0.840s] -- Using all available rosidl_typesupport_cpp: rosidl_typesupport_fastrtps_cpp;rosidl_typesupport_introspection_cpp
[0.952s] -- Found rmw_implementation_cmake: 7.3.3 (/opt/ros/jazzy/share/rmw_implementation_cmake/cmake)
[0.956s] -- Found rmw_cyclonedds_cpp: 2.2.4 (/opt/ros/jazzy/share/rmw_cyclonedds_cpp/cmake)
[0.989s] -- Using RMW implementation 'rmw_cyclonedds_cpp' as default
[1.063s] -- Found std_msgs: 5.3.8 (/opt/ros/jazzy/share/std_msgs/cmake)
[1.078s] -- Found ament_lint_auto: 0.17.5 (/opt/ros/jazzy/share/ament_lint_auto/cmake)
[1.181s] -- Added test 'flake8' to check Python code syntax and style conventions
[1.181s] -- Configured 'flake8' exclude dirs and/or files: 
[1.181s] -- Added test 'lint_cmake' to check CMake code style
[1.182s] -- Added test 'pep257' to check Python code against some of the docstring style conventions in PEP 257
[1.184s] -- Added test 'xmllint' to check XML markup files
[1.186s] -- Configuring done (1.2s)
[1.190s] -- Generating done (0.0s)
[1.192s] -- Build files have been written to: /home/bryson/RoboSub_AUV/ros2_ws/build/auv_camera
[1.202s] Invoked command in '/home/bryson/RoboSub_AUV/ros2_ws/build/auv_camera' returned '0': CMAKE_PREFIX_PATH=${CMAKE_PREFIX_PATH}:/home/bryson/turtlebot3_ws/install/turtlebot3_teleop:/home/bryson/turtlebot3_ws/install/turtlebot3_example:/opt/ros/jazzy DEBUGINFOD_URLS=https://debuginfod.ubuntu.com /usr/bin/cmake /home/bryson/RoboSub_AUV/ros2_ws/src/auv_camera -DAMENT_CMAKE_SYMLINK_INSTALL=1 -DCMAKE_INSTALL_PREFIX=/home/bryson/RoboSub_AUV/ros2_ws/install/auv_camera
[1.203s] Invoking command in '/home/bryson/RoboSub_AUV/ros2_ws/build/auv_camera': CMAKE_PREFIX_PATH=${CMAKE_PREFIX_PATH}:/home/bryson/turtlebot3_ws/install/turtlebot3_teleop:/home/bryson/turtlebot3_ws/install/turtlebot3_example:/opt/ros/jazzy DEBUGINFOD_URLS=https://debuginfod.ubuntu.com /usr/bin/cmake --build /home/bryson/RoboSub_AUV/ros2_ws/build/auv_camera -- -j8 -l8
[1.242s] Invoked command in '/home/bryson/RoboSub_AUV/ros2_ws/build/auv_camera' returned '0': CMAKE_PREFIX_PATH=${CMAKE_PREFIX_PATH}:/home/bryson/turtlebot3_ws/install/turtlebot3_teleop:/home/bryson/turtlebot3_ws/install/turtlebot3_example:/opt/ros/jazzy DEBUGINFOD_URLS=https://debuginfod.ubuntu.com /usr/bin/cmake --build /home/bryson/RoboSub_AUV/ros2_ws/build/auv_camera -- -j8 -l8
[1.243s] Invoking command in '/home/bryson/RoboSub_AUV/ros2_ws/build/auv_camera': CMAKE_PREFIX_PATH=${CMAKE_PREFIX_PATH}:/home/bryson/turtlebot3_ws/install/turtlebot3_teleop:/home/bryson/turtlebot3_ws/install/turtlebot3_example:/opt/ros/jazzy DEBUGINFOD_URLS=https://debuginfod.ubuntu.com /usr/bin/cmake --install /home/bryson/RoboSub_AUV/ros2_ws/build/auv_camera
[1.251s] -- Install configuration: ""
[1.251s] -- Execute custom install script
[1.251s] -- Symlinking: /home/bryson/RoboSub_AUV/ros2_ws/install/auv_camera/share/auv_camera//src/camera_processing.py
[1.258s] -- Symlinking: /home/bryson/RoboSub_AUV/ros2_ws/install/auv_camera/share/auv_camera//src/camera_sensor.py
[1.265s] -- Symlinking: /home/bryson/RoboSub_AUV/ros2_ws/install/auv_camera/share/auv_camera//src/object_detection.py
[1.273s] -- Symlinking: /home/bryson/RoboSub_AUV/ros2_ws/install/auv_camera/lib/auv_camera/camera_processing.py
[1.280s] -- Symlinking: /home/bryson/RoboSub_AUV/ros2_ws/install/auv_camera/lib/auv_camera/camera_sensor.py
[1.287s] -- Symlinking: /home/bryson/RoboSub_AUV/ros2_ws/install/auv_camera/lib/auv_camera/object_detection.py
[1.294s] -- Symlinking: /home/bryson/RoboSub_AUV/ros2_ws/install/auv_camera/share/ament_index/resource_index/package_run_dependencies/auv_camera
[1.302s] -- Symlinking: /home/bryson/RoboSub_AUV/ros2_ws/install/auv_camera/share/ament_index/resource_index/parent_prefix_path/auv_camera
[1.311s] -- Symlinking: /home/bryson/RoboSub_AUV/ros2_ws/install/auv_camera/share/auv_camera/environment/ament_prefix_path.sh
[1.322s] -- Symlinking: /home/bryson/RoboSub_AUV/ros2_ws/install/auv_camera/share/auv_camera/environment/ament_prefix_path.dsv
[1.332s] -- Symlinking: /home/bryson/RoboSub_AUV/ros2_ws/install/auv_camera/share/auv_camera/environment/path.sh
[1.342s] -- Symlinking: /home/bryson/RoboSub_AUV/ros2_ws/install/auv_camera/share/auv_camera/environment/path.dsv
[1.352s] -- Symlinking: /home/bryson/RoboSub_AUV/ros2_ws/install/auv_camera/share/auv_camera/local_setup.bash
[1.363s] -- Symlinking: /home/bryson/RoboSub_AUV/ros2_ws/install/auv_camera/share/auv_camera/local_setup.sh
[1.370s] -- Symlinking: /home/bryson/RoboSub_AUV/ros2_ws/install/auv_camera/share/auv_camera/local_setup.zsh
[1.378s] -- Symlinking: /home/bryson/RoboSub_AUV/ros2_ws/install/auv_camera/share/auv_camera/local_setup.dsv
[1.386s] -- Symlinking: /home/bryson/RoboSub_AUV/ros2_ws/install/auv_camera/share/auv_camera/package.dsv
[1.396s] -- Symlinking: /home/bryson/RoboSub_AUV/ros2_ws/install/auv_camera/share/ament_index/resource_index/packages/auv_camera
[1.402s] -- Symlinking: /home/bryson/RoboSub_AUV/ros2_ws/install/auv_camera/share/auv_camera/cmake/auv_cameraConfig.cmake
[1.410s] -- Symlinking: /home/bryson/RoboSub_AUV/ros2_ws/install/auv_camera/share/auv_camera/cmake/auv_cameraConfig-version.cmake
[1.417s] -- Symlinking: /home/bryson/RoboSub_AUV/ros2_ws/install/auv_camera/share/auv_camera/package.xml
[1.426s] Invoked command in '/home/bryson/RoboSub_AUV/ros2_ws/build/auv_camera' returned '0': CMAKE_PREFIX_PATH=${CMAKE_PREFIX_PATH}:/home/bryson/turtlebot3_ws/install/turtlebot3_teleop:/home/bryson/turtlebot3_ws/install/turtlebot3_example:/opt/ros/jazzy DEBUGINFOD_URLS=https://debuginfod.ubuntu.com /usr/bin/cmake --install /home/bryson/RoboSub_AUV/ros2_ws/build/auv_camera
