-- The C compiler identification is GNU 13.3.0
-- The CXX compiler identification is GNU 13.3.0
-- Detecting C compiler ABI info
-- Detecting C compiler ABI info - done
-- Check for working C compiler: /usr/bin/cc - skipped
-- Detecting C compile features
-- Detecting C compile features - done
-- Detecting CXX compiler ABI info
-- Detecting CXX compiler ABI info - done
-- Check for working CXX compiler: /usr/bin/c++ - skipped
-- Detecting CXX compile features
-- Detecting CXX compile features - done
-- Found ament_cmake: 2.5.6 (/opt/ros/jazzy/share/ament_cmake/cmake)
-- Found Python3: /usr/bin/python3 (found version "3.12.3") found components: Interpreter 
-- Found rclpy: 7.1.12 (/opt/ros/jazzy/share/rclpy/cmake)
-- Found rclcpp: 28.1.22 (/opt/ros/jazzy/share/rclcpp/cmake)
-- Found rosidl_generator_c: 4.6.9 (/opt/ros/jazzy/share/rosidl_generator_c/cmake)
-- Found rosidl_generator_cpp: 4.6.9 (/opt/ros/jazzy/share/rosidl_generator_cpp/cmake)
-- Using all available rosidl_typesupport_c: rosidl_typesupport_fastrtps_c;rosidl_typesupport_introspection_c
-- Using all available rosidl_typesupport_cpp: rosidl_typesupport_fastrtps_cpp;rosidl_typesupport_introspection_cpp
-- Found rmw_implementation_cmake: 7.3.3 (/opt/ros/jazzy/share/rmw_implementation_cmake/cmake)
-- Found rmw_cyclonedds_cpp: 2.2.4 (/opt/ros/jazzy/share/rmw_cyclonedds_cpp/cmake)
-- Using RMW implementation 'rmw_cyclonedds_cpp' as default
-- Found std_msgs: 5.3.8 (/opt/ros/jazzy/share/std_msgs/cmake)
-- Found geometry_msgs: 5.3.8 (/opt/ros/jazzy/share/geometry_msgs/cmake)
-- Found ament_lint_auto: 0.17.5 (/opt/ros/jazzy/share/ament_lint_auto/cmake)
-- Added test 'flake8' to check Python code syntax and style conventions
-- Configured 'flake8' exclude dirs and/or files: 
-- Added test 'lint_cmake' to check CMake code style
-- Added test 'pep257' to check Python code against some of the docstring style conventions in PEP 257
-- Added test 'xmllint' to check XML markup files
-- Configuring done (1.0s)
-- Generating done (0.0s)
-- Build files have been written to: /home/bryson/RoboSub_AUV/ros2_ws/build/auv_planning
-- Install configuration: ""
-- Installing: /home/bryson/RoboSub_AUV/ros2_ws/install/auv_planning/share/auv_planning//src
-- Installing: /home/bryson/RoboSub_AUV/ros2_ws/install/auv_planning/share/auv_planning//src/controls.py
-- Installing: /home/bryson/RoboSub_AUV/ros2_ws/install/auv_planning/share/auv_planning//src/state_machine.py
-- Installing: /home/bryson/RoboSub_AUV/ros2_ws/install/auv_planning/share/auv_planning//src/localization.py
-- Installing: /home/bryson/RoboSub_AUV/ros2_ws/install/auv_planning/share/auv_planning//src/path_planning.py
-- Installing: /home/bryson/RoboSub_AUV/ros2_ws/install/auv_planning/lib/auv_planning/controls.py
-- Installing: /home/bryson/RoboSub_AUV/ros2_ws/install/auv_planning/lib/auv_planning/localization.py
-- Installing: /home/bryson/RoboSub_AUV/ros2_ws/install/auv_planning/lib/auv_planning/path_planning.py
-- Installing: /home/bryson/RoboSub_AUV/ros2_ws/install/auv_planning/lib/auv_planning/state_machine.py
-- Installing: /home/bryson/RoboSub_AUV/ros2_ws/install/auv_planning/share/ament_index/resource_index/package_run_dependencies/auv_planning
-- Installing: /home/bryson/RoboSub_AUV/ros2_ws/install/auv_planning/share/ament_index/resource_index/parent_prefix_path/auv_planning
-- Installing: /home/bryson/RoboSub_AUV/ros2_ws/install/auv_planning/share/auv_planning/environment/ament_prefix_path.sh
-- Installing: /home/bryson/RoboSub_AUV/ros2_ws/install/auv_planning/share/auv_planning/environment/ament_prefix_path.dsv
-- Installing: /home/bryson/RoboSub_AUV/ros2_ws/install/auv_planning/share/auv_planning/environment/path.sh
-- Installing: /home/bryson/RoboSub_AUV/ros2_ws/install/auv_planning/share/auv_planning/environment/path.dsv
-- Installing: /home/bryson/RoboSub_AUV/ros2_ws/install/auv_planning/share/auv_planning/local_setup.bash
-- Installing: /home/bryson/RoboSub_AUV/ros2_ws/install/auv_planning/share/auv_planning/local_setup.sh
-- Installing: /home/bryson/RoboSub_AUV/ros2_ws/install/auv_planning/share/auv_planning/local_setup.zsh
-- Installing: /home/bryson/RoboSub_AUV/ros2_ws/install/auv_planning/share/auv_planning/local_setup.dsv
-- Installing: /home/bryson/RoboSub_AUV/ros2_ws/install/auv_planning/share/auv_planning/package.dsv
-- Installing: /home/bryson/RoboSub_AUV/ros2_ws/install/auv_planning/share/ament_index/resource_index/packages/auv_planning
-- Installing: /home/bryson/RoboSub_AUV/ros2_ws/install/auv_planning/share/auv_planning/cmake/auv_planningConfig.cmake
-- Installing: /home/bryson/RoboSub_AUV/ros2_ws/install/auv_planning/share/auv_planning/cmake/auv_planningConfig-version.cmake
-- Installing: /home/bryson/RoboSub_AUV/ros2_ws/install/auv_planning/share/auv_planning/package.xml
