[0.015s] Invoking command in '/home/bryson/RoboSub_AUV/ros2_ws/build/auv_planning': CMAKE_PREFIX_PATH=${CMAKE_PREFIX_PATH}:/home/bryson/turtlebot3_ws/install/turtlebot3_teleop:/home/bryson/turtlebot3_ws/install/turtlebot3_example:/opt/ros/jazzy DEBUGINFOD_URLS=https://debuginfod.ubuntu.com /usr/bin/cmake /home/bryson/RoboSub_AUV/ros2_ws/src/auv_planning -DCMAKE_INSTALL_PREFIX=/home/bryson/RoboSub_AUV/ros2_ws/install/auv_planning
[0.064s] -- The C compiler identification is GNU 13.3.0
[0.117s] -- The CXX compiler identification is GNU 13.3.0
[0.131s] -- Detecting C compiler ABI info
[0.201s] -- Detecting C compiler ABI info - done
[0.209s] -- Check for working C compiler: /usr/bin/cc - skipped
[0.209s] -- Detecting C compile features
[0.210s] -- Detecting C compile features - done
[0.219s] -- Detecting CXX compiler ABI info
[0.315s] -- Detecting CXX compiler ABI info - done
[0.324s] -- Check for working CXX compiler: /usr/bin/c++ - skipped
[0.324s] -- Detecting CXX compile features
[0.324s] -- Detecting CXX compile features - done
[0.328s] -- Found ament_cmake: 2.5.6 (/opt/ros/jazzy/share/ament_cmake/cmake)
[0.471s] -- Found Python3: /usr/bin/python3 (found version "3.12.3") found components: Interpreter 
[0.589s] -- Found rclpy: 7.1.12 (/opt/ros/jazzy/share/rclpy/cmake)
[0.593s] -- Found rclcpp: 28.1.22 (/opt/ros/jazzy/share/rclcpp/cmake)
[0.643s] -- Found rosidl_generator_c: 4.6.9 (/opt/ros/jazzy/share/rosidl_generator_c/cmake)
[0.659s] -- Found rosidl_generator_cpp: 4.6.9 (/opt/ros/jazzy/share/rosidl_generator_cpp/cmake)
[0.679s] -- Using all available rosidl_typesupport_c: rosidl_typesupport_fastrtps_c;rosidl_typesupport_introspection_c
[0.700s] -- Using all available rosidl_typesupport_cpp: rosidl_typesupport_fastrtps_cpp;rosidl_typesupport_introspection_cpp
[0.780s] -- Found rmw_implementation_cmake: 7.3.3 (/opt/ros/jazzy/share/rmw_implementation_cmake/cmake)
[0.785s] -- Found rmw_cyclonedds_cpp: 2.2.4 (/opt/ros/jazzy/share/rmw_cyclonedds_cpp/cmake)
[0.818s] -- Using RMW implementation 'rmw_cyclonedds_cpp' as default
[0.889s] -- Found std_msgs: 5.3.8 (/opt/ros/jazzy/share/std_msgs/cmake)
[0.903s] -- Found geometry_msgs: 5.3.8 (/opt/ros/jazzy/share/geometry_msgs/cmake)
[0.918s] -- Found ament_lint_auto: 0.17.5 (/opt/ros/jazzy/share/ament_lint_auto/cmake)
[1.021s] -- Added test 'flake8' to check Python code syntax and style conventions
[1.021s] -- Configured 'flake8' exclude dirs and/or files: 
[1.022s] -- Added test 'lint_cmake' to check CMake code style
[1.023s] -- Added test 'pep257' to check Python code against some of the docstring style conventions in PEP 257
[1.024s] -- Added test 'xmllint' to check XML markup files
[1.025s] -- Configuring done (1.0s)
[1.029s] -- Generating done (0.0s)
[1.030s] -- Build files have been written to: /home/bryson/RoboSub_AUV/ros2_ws/build/auv_planning
[1.037s] Invoked command in '/home/bryson/RoboSub_AUV/ros2_ws/build/auv_planning' returned '0': CMAKE_PREFIX_PATH=${CMAKE_PREFIX_PATH}:/home/bryson/turtlebot3_ws/install/turtlebot3_teleop:/home/bryson/turtlebot3_ws/install/turtlebot3_example:/opt/ros/jazzy DEBUGINFOD_URLS=https://debuginfod.ubuntu.com /usr/bin/cmake /home/bryson/RoboSub_AUV/ros2_ws/src/auv_planning -DCMAKE_INSTALL_PREFIX=/home/bryson/RoboSub_AUV/ros2_ws/install/auv_planning
[1.039s] Invoking command in '/home/bryson/RoboSub_AUV/ros2_ws/build/auv_planning': CMAKE_PREFIX_PATH=${CMAKE_PREFIX_PATH}:/home/bryson/turtlebot3_ws/install/turtlebot3_teleop:/home/bryson/turtlebot3_ws/install/turtlebot3_example:/opt/ros/jazzy DEBUGINFOD_URLS=https://debuginfod.ubuntu.com /usr/bin/cmake --build /home/bryson/RoboSub_AUV/ros2_ws/build/auv_planning -- -j8 -l8
[1.079s] Invoked command in '/home/bryson/RoboSub_AUV/ros2_ws/build/auv_planning' returned '0': CMAKE_PREFIX_PATH=${CMAKE_PREFIX_PATH}:/home/bryson/turtlebot3_ws/install/turtlebot3_teleop:/home/bryson/turtlebot3_ws/install/turtlebot3_example:/opt/ros/jazzy DEBUGINFOD_URLS=https://debuginfod.ubuntu.com /usr/bin/cmake --build /home/bryson/RoboSub_AUV/ros2_ws/build/auv_planning -- -j8 -l8
[1.080s] Invoking command in '/home/bryson/RoboSub_AUV/ros2_ws/build/auv_planning': CMAKE_PREFIX_PATH=${CMAKE_PREFIX_PATH}:/home/bryson/turtlebot3_ws/install/turtlebot3_teleop:/home/bryson/turtlebot3_ws/install/turtlebot3_example:/opt/ros/jazzy DEBUGINFOD_URLS=https://debuginfod.ubuntu.com /usr/bin/cmake --install /home/bryson/RoboSub_AUV/ros2_ws/build/auv_planning
[1.088s] -- Install configuration: ""
[1.088s] -- Installing: /home/bryson/RoboSub_AUV/ros2_ws/install/auv_planning/share/auv_planning//src
[1.088s] -- Installing: /home/bryson/RoboSub_AUV/ros2_ws/install/auv_planning/share/auv_planning//src/controls.py
[1.089s] -- Installing: /home/bryson/RoboSub_AUV/ros2_ws/install/auv_planning/share/auv_planning//src/state_machine.py
[1.089s] -- Installing: /home/bryson/RoboSub_AUV/ros2_ws/install/auv_planning/share/auv_planning//src/localization.py
[1.089s] -- Installing: /home/bryson/RoboSub_AUV/ros2_ws/install/auv_planning/share/auv_planning//src/path_planning.py
[1.089s] -- Installing: /home/bryson/RoboSub_AUV/ros2_ws/install/auv_planning/lib/auv_planning/controls.py
[1.089s] -- Installing: /home/bryson/RoboSub_AUV/ros2_ws/install/auv_planning/lib/auv_planning/localization.py
[1.089s] -- Installing: /home/bryson/RoboSub_AUV/ros2_ws/install/auv_planning/lib/auv_planning/path_planning.py
[1.089s] -- Installing: /home/bryson/RoboSub_AUV/ros2_ws/install/auv_planning/lib/auv_planning/state_machine.py
[1.089s] -- Installing: /home/bryson/RoboSub_AUV/ros2_ws/install/auv_planning/share/ament_index/resource_index/package_run_dependencies/auv_planning
[1.089s] -- Installing: /home/bryson/RoboSub_AUV/ros2_ws/install/auv_planning/share/ament_index/resource_index/parent_prefix_path/auv_planning
[1.089s] -- Installing: /home/bryson/RoboSub_AUV/ros2_ws/install/auv_planning/share/auv_planning/environment/ament_prefix_path.sh
[1.090s] -- Installing: /home/bryson/RoboSub_AUV/ros2_ws/install/auv_planning/share/auv_planning/environment/ament_prefix_path.dsv
[1.090s] -- Installing: /home/bryson/RoboSub_AUV/ros2_ws/install/auv_planning/share/auv_planning/environment/path.sh
[1.090s] -- Installing: /home/bryson/RoboSub_AUV/ros2_ws/install/auv_planning/share/auv_planning/environment/path.dsv
[1.091s] -- Installing: /home/bryson/RoboSub_AUV/ros2_ws/install/auv_planning/share/auv_planning/local_setup.bash
[1.091s] -- Installing: /home/bryson/RoboSub_AUV/ros2_ws/install/auv_planning/share/auv_planning/local_setup.sh
[1.091s] -- Installing: /home/bryson/RoboSub_AUV/ros2_ws/install/auv_planning/share/auv_planning/local_setup.zsh
[1.091s] -- Installing: /home/bryson/RoboSub_AUV/ros2_ws/install/auv_planning/share/auv_planning/local_setup.dsv
[1.091s] -- Installing: /home/bryson/RoboSub_AUV/ros2_ws/install/auv_planning/share/auv_planning/package.dsv
[1.091s] -- Installing: /home/bryson/RoboSub_AUV/ros2_ws/install/auv_planning/share/ament_index/resource_index/packages/auv_planning
[1.092s] -- Installing: /home/bryson/RoboSub_AUV/ros2_ws/install/auv_planning/share/auv_planning/cmake/auv_planningConfig.cmake
[1.092s] -- Installing: /home/bryson/RoboSub_AUV/ros2_ws/install/auv_planning/share/auv_planning/cmake/auv_planningConfig-version.cmake
[1.092s] -- Installing: /home/bryson/RoboSub_AUV/ros2_ws/install/auv_planning/share/auv_planning/package.xml
[1.103s] Invoked command in '/home/bryson/RoboSub_AUV/ros2_ws/build/auv_planning' returned '0': CMAKE_PREFIX_PATH=${CMAKE_PREFIX_PATH}:/home/bryson/turtlebot3_ws/install/turtlebot3_teleop:/home/bryson/turtlebot3_ws/install/turtlebot3_example:/opt/ros/jazzy DEBUGINFOD_URLS=https://debuginfod.ubuntu.com /usr/bin/cmake --install /home/bryson/RoboSub_AUV/ros2_ws/build/auv_planning
