-- Install configuration: ""
-- Execute custom install script
-- Up-to-date symlink: /home/bryson/RoboSub_AUV/ros2_ws/install/auv_camera/share/auv_camera//src/camera_processing.py
-- Up-to-date symlink: /home/bryson/RoboSub_AUV/ros2_ws/install/auv_camera/share/auv_camera//src/camera_sensor.py
-- Up-to-date symlink: /home/bryson/RoboSub_AUV/ros2_ws/install/auv_camera/share/auv_camera//src/object_detection.py
-- Up-to-date symlink: /home/bryson/RoboSub_AUV/ros2_ws/install/auv_camera/lib/auv_camera/camera_processing.py
-- Up-to-date symlink: /home/bryson/RoboSub_AUV/ros2_ws/install/auv_camera/lib/auv_camera/camera_sensor.py
-- Up-to-date symlink: /home/bryson/RoboSub_AUV/ros2_ws/install/auv_camera/lib/auv_camera/object_detection.py
-- Up-to-date symlink: /home/bryson/RoboSub_AUV/ros2_ws/install/auv_camera/share/ament_index/resource_index/package_run_dependencies/auv_camera
-- Up-to-date symlink: /home/bryson/RoboSub_AUV/ros2_ws/install/auv_camera/share/ament_index/resource_index/parent_prefix_path/auv_camera
-- Up-to-date symlink: /home/bryson/RoboSub_AUV/ros2_ws/install/auv_camera/share/auv_camera/environment/ament_prefix_path.sh
-- Up-to-date symlink: /home/bryson/RoboSub_AUV/ros2_ws/install/auv_camera/share/auv_camera/environment/ament_prefix_path.dsv
-- Up-to-date symlink: /home/bryson/RoboSub_AUV/ros2_ws/install/auv_camera/share/auv_camera/environment/path.sh
-- Up-to-date symlink: /home/bryson/RoboSub_AUV/ros2_ws/install/auv_camera/share/auv_camera/environment/path.dsv
-- Up-to-date symlink: /home/bryson/RoboSub_AUV/ros2_ws/install/auv_camera/share/auv_camera/local_setup.bash
-- Up-to-date symlink: /home/bryson/RoboSub_AUV/ros2_ws/install/auv_camera/share/auv_camera/local_setup.sh
-- Up-to-date symlink: /home/bryson/RoboSub_AUV/ros2_ws/install/auv_camera/share/auv_camera/local_setup.zsh
-- Up-to-date symlink: /home/bryson/RoboSub_AUV/ros2_ws/install/auv_camera/share/auv_camera/local_setup.dsv
-- Symlinking: /home/bryson/RoboSub_AUV/ros2_ws/install/auv_camera/share/auv_camera/package.dsv
-- Up-to-date symlink: /home/bryson/RoboSub_AUV/ros2_ws/install/auv_camera/share/ament_index/resource_index/packages/auv_camera
-- Up-to-date symlink: /home/bryson/RoboSub_AUV/ros2_ws/install/auv_camera/share/auv_camera/cmake/auv_cameraConfig.cmake
-- Up-to-date symlink: /home/bryson/RoboSub_AUV/ros2_ws/install/auv_camera/share/auv_camera/cmake/auv_cameraConfig-version.cmake
-- Up-to-date symlink: /home/bryson/RoboSub_AUV/ros2_ws/install/auv_camera/share/auv_camera/package.xml
