[0.075s] DEBUG:colcon:Command line arguments: ['/usr/bin/colcon', 'build', '--symlink']
[0.075s] DEBUG:colcon:Parsed command line arguments: Namespace(log_base=None, log_level=None, verb_name='build', build_base='build', install_base='install', merge_install=False, symlink_install=True, test_result_base=None, continue_on_error=False, executor='parallel', parallel_workers=8, event_handlers=None, ignore_user_meta=False, metas=['./colcon.meta'], base_paths=['.'], packages_ignore=None, packages_ignore_regex=None, paths=None, packages_up_to=None, packages_up_to_regex=None, packages_above=None, packages_above_and_dependencies=None, packages_above_depth=None, packages_select_by_dep=None, packages_skip_by_dep=None, packages_skip_up_to=None, packages_select_build_failed=False, packages_skip_build_finished=False, packages_select_test_failures=False, packages_skip_test_passed=False, packages_select=None, packages_skip=None, packages_select_regex=None, packages_skip_regex=None, packages_start=None, packages_end=None, allow_overriding=[], cmake_args=None, cmake_target=None, cmake_target_skip_unavailable=False, cmake_clean_cache=False, cmake_clean_first=False, cmake_force_configure=False, ament_cmake_args=None, catkin_cmake_args=None, catkin_skip_building_tests=False, mixin_files=None, mixin=None, verb_parser=<colcon_mixin.mixin.mixin_argument.MixinArgumentDecorator object at 0x7eec9965a990>, verb_extension=<colcon_core.verb.build.BuildVerb object at 0x7eec997c7380>, main=<bound method BuildVerb.main of <colcon_core.verb.build.BuildVerb object at 0x7eec997c7380>>, mixin_verb=('build',))
[0.099s] Level 1:colcon.colcon_core.package_discovery:discover_packages(colcon_meta) check parameters
[0.099s] Level 1:colcon.colcon_core.package_discovery:discover_packages(recursive) check parameters
[0.099s] Level 1:colcon.colcon_core.package_discovery:discover_packages(ignore) check parameters
[0.099s] Level 1:colcon.colcon_core.package_discovery:discover_packages(path) check parameters
[0.099s] Level 1:colcon.colcon_core.package_discovery:discover_packages(colcon_meta) discover
[0.099s] Level 1:colcon.colcon_core.package_discovery:discover_packages(recursive) discover
[0.099s] INFO:colcon.colcon_core.package_discovery:Crawling recursively for packages in '/home/bryson/RoboSub_AUV/ros2_ws'
[0.099s] Level 1:colcon.colcon_core.package_identification:_identify(.) by extensions ['ignore', 'ignore_ament_install']
[0.099s] Level 1:colcon.colcon_core.package_identification:_identify(.) by extension 'ignore'
[0.100s] Level 1:colcon.colcon_core.package_identification:_identify(.) by extension 'ignore_ament_install'
[0.100s] Level 1:colcon.colcon_core.package_identification:_identify(.) by extensions ['colcon_pkg']
[0.100s] Level 1:colcon.colcon_core.package_identification:_identify(.) by extension 'colcon_pkg'
[0.100s] Level 1:colcon.colcon_core.package_identification:_identify(.) by extensions ['colcon_meta']
[0.100s] Level 1:colcon.colcon_core.package_identification:_identify(.) by extension 'colcon_meta'
[0.100s] Level 1:colcon.colcon_core.package_identification:_identify(.) by extensions ['ros']
[0.100s] Level 1:colcon.colcon_core.package_identification:_identify(.) by extension 'ros'
[0.116s] Level 1:colcon.colcon_core.package_identification:_identify(.) by extensions ['cmake', 'python']
[0.116s] Level 1:colcon.colcon_core.package_identification:_identify(.) by extension 'cmake'
[0.116s] Level 1:colcon.colcon_core.package_identification:_identify(.) by extension 'python'
[0.117s] Level 1:colcon.colcon_core.package_identification:_identify(.) by extensions ['python_setup_py']
[0.117s] Level 1:colcon.colcon_core.package_identification:_identify(.) by extension 'python_setup_py'
[0.117s] Level 1:colcon.colcon_core.package_identification:_identify(build) by extensions ['ignore', 'ignore_ament_install']
[0.117s] Level 1:colcon.colcon_core.package_identification:_identify(build) by extension 'ignore'
[0.117s] Level 1:colcon.colcon_core.package_identification:_identify(build) ignored
[0.117s] Level 1:colcon.colcon_core.package_identification:_identify(install) by extensions ['ignore', 'ignore_ament_install']
[0.117s] Level 1:colcon.colcon_core.package_identification:_identify(install) by extension 'ignore'
[0.117s] Level 1:colcon.colcon_core.package_identification:_identify(install) ignored
[0.117s] Level 1:colcon.colcon_core.package_identification:_identify(log) by extensions ['ignore', 'ignore_ament_install']
[0.117s] Level 1:colcon.colcon_core.package_identification:_identify(log) by extension 'ignore'
[0.117s] Level 1:colcon.colcon_core.package_identification:_identify(log) ignored
[0.117s] Level 1:colcon.colcon_core.package_identification:_identify(src) by extensions ['ignore', 'ignore_ament_install']
[0.117s] Level 1:colcon.colcon_core.package_identification:_identify(src) by extension 'ignore'
[0.117s] Level 1:colcon.colcon_core.package_identification:_identify(src) by extension 'ignore_ament_install'
[0.117s] Level 1:colcon.colcon_core.package_identification:_identify(src) by extensions ['colcon_pkg']
[0.117s] Level 1:colcon.colcon_core.package_identification:_identify(src) by extension 'colcon_pkg'
[0.117s] Level 1:colcon.colcon_core.package_identification:_identify(src) by extensions ['colcon_meta']
[0.117s] Level 1:colcon.colcon_core.package_identification:_identify(src) by extension 'colcon_meta'
[0.117s] Level 1:colcon.colcon_core.package_identification:_identify(src) by extensions ['ros']
[0.117s] Level 1:colcon.colcon_core.package_identification:_identify(src) by extension 'ros'
[0.118s] Level 1:colcon.colcon_core.package_identification:_identify(src) by extensions ['cmake', 'python']
[0.118s] Level 1:colcon.colcon_core.package_identification:_identify(src) by extension 'cmake'
[0.118s] Level 1:colcon.colcon_core.package_identification:_identify(src) by extension 'python'
[0.118s] Level 1:colcon.colcon_core.package_identification:_identify(src) by extensions ['python_setup_py']
[0.118s] Level 1:colcon.colcon_core.package_identification:_identify(src) by extension 'python_setup_py'
[0.118s] Level 1:colcon.colcon_core.package_identification:_identify(src/auv_camera) by extensions ['ignore', 'ignore_ament_install']
[0.118s] Level 1:colcon.colcon_core.package_identification:_identify(src/auv_camera) by extension 'ignore'
[0.118s] Level 1:colcon.colcon_core.package_identification:_identify(src/auv_camera) by extension 'ignore_ament_install'
[0.118s] Level 1:colcon.colcon_core.package_identification:_identify(src/auv_camera) by extensions ['colcon_pkg']
[0.118s] Level 1:colcon.colcon_core.package_identification:_identify(src/auv_camera) by extension 'colcon_pkg'
[0.118s] Level 1:colcon.colcon_core.package_identification:_identify(src/auv_camera) by extensions ['colcon_meta']
[0.118s] Level 1:colcon.colcon_core.package_identification:_identify(src/auv_camera) by extension 'colcon_meta'
[0.118s] Level 1:colcon.colcon_core.package_identification:_identify(src/auv_camera) by extensions ['ros']
[0.118s] Level 1:colcon.colcon_core.package_identification:_identify(src/auv_camera) by extension 'ros'
[0.119s] DEBUG:colcon.colcon_core.package_identification:Package 'src/auv_camera' with type 'ros.ament_cmake' and name 'auv_camera'
[0.120s] Level 1:colcon.colcon_core.package_identification:_identify(src/auv_motors) by extensions ['ignore', 'ignore_ament_install']
[0.120s] Level 1:colcon.colcon_core.package_identification:_identify(src/auv_motors) by extension 'ignore'
[0.120s] Level 1:colcon.colcon_core.package_identification:_identify(src/auv_motors) by extension 'ignore_ament_install'
[0.120s] Level 1:colcon.colcon_core.package_identification:_identify(src/auv_motors) by extensions ['colcon_pkg']
[0.120s] Level 1:colcon.colcon_core.package_identification:_identify(src/auv_motors) by extension 'colcon_pkg'
[0.120s] Level 1:colcon.colcon_core.package_identification:_identify(src/auv_motors) by extensions ['colcon_meta']
[0.120s] Level 1:colcon.colcon_core.package_identification:_identify(src/auv_motors) by extension 'colcon_meta'
[0.120s] Level 1:colcon.colcon_core.package_identification:_identify(src/auv_motors) by extensions ['ros']
[0.120s] Level 1:colcon.colcon_core.package_identification:_identify(src/auv_motors) by extension 'ros'
[0.120s] DEBUG:colcon.colcon_core.package_identification:Package 'src/auv_motors' with type 'ros.ament_cmake' and name 'auv_motors'
[0.120s] Level 1:colcon.colcon_core.package_identification:_identify(src/auv_planning) by extensions ['ignore', 'ignore_ament_install']
[0.120s] Level 1:colcon.colcon_core.package_identification:_identify(src/auv_planning) by extension 'ignore'
[0.120s] Level 1:colcon.colcon_core.package_identification:_identify(src/auv_planning) by extension 'ignore_ament_install'
[0.120s] Level 1:colcon.colcon_core.package_identification:_identify(src/auv_planning) by extensions ['colcon_pkg']
[0.120s] Level 1:colcon.colcon_core.package_identification:_identify(src/auv_planning) by extension 'colcon_pkg'
[0.121s] Level 1:colcon.colcon_core.package_identification:_identify(src/auv_planning) by extensions ['colcon_meta']
[0.121s] Level 1:colcon.colcon_core.package_identification:_identify(src/auv_planning) by extension 'colcon_meta'
[0.121s] Level 1:colcon.colcon_core.package_identification:_identify(src/auv_planning) by extensions ['ros']
[0.121s] Level 1:colcon.colcon_core.package_identification:_identify(src/auv_planning) by extension 'ros'
[0.121s] DEBUG:colcon.colcon_core.package_identification:Package 'src/auv_planning' with type 'ros.ament_cmake' and name 'auv_planning'
[0.121s] Level 1:colcon.colcon_core.package_identification:_identify(src/auv_sensors) by extensions ['ignore', 'ignore_ament_install']
[0.121s] Level 1:colcon.colcon_core.package_identification:_identify(src/auv_sensors) by extension 'ignore'
[0.121s] Level 1:colcon.colcon_core.package_identification:_identify(src/auv_sensors) by extension 'ignore_ament_install'
[0.121s] Level 1:colcon.colcon_core.package_identification:_identify(src/auv_sensors) by extensions ['colcon_pkg']
[0.121s] Level 1:colcon.colcon_core.package_identification:_identify(src/auv_sensors) by extension 'colcon_pkg'
[0.121s] Level 1:colcon.colcon_core.package_identification:_identify(src/auv_sensors) by extensions ['colcon_meta']
[0.121s] Level 1:colcon.colcon_core.package_identification:_identify(src/auv_sensors) by extension 'colcon_meta'
[0.121s] Level 1:colcon.colcon_core.package_identification:_identify(src/auv_sensors) by extensions ['ros']
[0.121s] Level 1:colcon.colcon_core.package_identification:_identify(src/auv_sensors) by extension 'ros'
[0.122s] DEBUG:colcon.colcon_core.package_identification:Package 'src/auv_sensors' with type 'ros.ament_cmake' and name 'auv_sensors'
[0.122s] Level 1:colcon.colcon_core.package_identification:_identify(src/test_package) by extensions ['ignore', 'ignore_ament_install']
[0.122s] Level 1:colcon.colcon_core.package_identification:_identify(src/test_package) by extension 'ignore'
[0.122s] Level 1:colcon.colcon_core.package_identification:_identify(src/test_package) by extension 'ignore_ament_install'
[0.122s] Level 1:colcon.colcon_core.package_identification:_identify(src/test_package) by extensions ['colcon_pkg']
[0.122s] Level 1:colcon.colcon_core.package_identification:_identify(src/test_package) by extension 'colcon_pkg'
[0.122s] Level 1:colcon.colcon_core.package_identification:_identify(src/test_package) by extensions ['colcon_meta']
[0.122s] Level 1:colcon.colcon_core.package_identification:_identify(src/test_package) by extension 'colcon_meta'
[0.122s] Level 1:colcon.colcon_core.package_identification:_identify(src/test_package) by extensions ['ros']
[0.122s] Level 1:colcon.colcon_core.package_identification:_identify(src/test_package) by extension 'ros'
[0.122s] DEBUG:colcon.colcon_core.package_identification:Package 'src/test_package' with type 'ros.ament_cmake' and name 'test_package'
[0.122s] Level 1:colcon.colcon_core.package_discovery:discover_packages(recursive) using defaults
[0.122s] Level 1:colcon.colcon_core.package_discovery:discover_packages(ignore) discover
[0.122s] Level 1:colcon.colcon_core.package_discovery:discover_packages(ignore) using defaults
[0.122s] Level 1:colcon.colcon_core.package_discovery:discover_packages(path) discover
[0.122s] Level 1:colcon.colcon_core.package_discovery:discover_packages(path) using defaults
[0.134s] Level 1:colcon.colcon_core.package_discovery:discover_packages(prefix_path) check parameters
[0.134s] Level 1:colcon.colcon_core.package_discovery:discover_packages(prefix_path) discover
[0.136s] DEBUG:colcon.colcon_installed_package_information.package_discovery:Found 5 installed packages in /home/bryson/RoboSub_AUV/ros2_ws/install
[0.136s] DEBUG:colcon.colcon_installed_package_information.package_discovery:Found 15 installed packages in /home/bryson/turtlebot3_ws/install
[0.138s] DEBUG:colcon.colcon_installed_package_information.package_discovery:Found 436 installed packages in /opt/ros/jazzy
[0.139s] Level 1:colcon.colcon_core.package_discovery:discover_packages(prefix_path) using defaults
[0.177s] Level 5:colcon.colcon_core.verb:set package 'auv_camera' build argument 'cmake_args' from command line to 'None'
[0.177s] Level 5:colcon.colcon_core.verb:set package 'auv_camera' build argument 'cmake_target' from command line to 'None'
[0.177s] Level 5:colcon.colcon_core.verb:set package 'auv_camera' build argument 'cmake_target_skip_unavailable' from command line to 'False'
[0.177s] Level 5:colcon.colcon_core.verb:set package 'auv_camera' build argument 'cmake_clean_cache' from command line to 'False'
[0.177s] Level 5:colcon.colcon_core.verb:set package 'auv_camera' build argument 'cmake_clean_first' from command line to 'False'
[0.177s] Level 5:colcon.colcon_core.verb:set package 'auv_camera' build argument 'cmake_force_configure' from command line to 'False'
[0.177s] Level 5:colcon.colcon_core.verb:set package 'auv_camera' build argument 'ament_cmake_args' from command line to 'None'
[0.177s] Level 5:colcon.colcon_core.verb:set package 'auv_camera' build argument 'catkin_cmake_args' from command line to 'None'
[0.177s] Level 5:colcon.colcon_core.verb:set package 'auv_camera' build argument 'catkin_skip_building_tests' from command line to 'False'
[0.177s] DEBUG:colcon.colcon_core.verb:Building package 'auv_camera' with the following arguments: {'ament_cmake_args': None, 'build_base': '/home/bryson/RoboSub_AUV/ros2_ws/build/auv_camera', 'catkin_cmake_args': None, 'catkin_skip_building_tests': False, 'cmake_args': None, 'cmake_clean_cache': False, 'cmake_clean_first': False, 'cmake_force_configure': False, 'cmake_target': None, 'cmake_target_skip_unavailable': False, 'install_base': '/home/bryson/RoboSub_AUV/ros2_ws/install/auv_camera', 'merge_install': False, 'path': '/home/bryson/RoboSub_AUV/ros2_ws/src/auv_camera', 'symlink_install': True, 'test_result_base': None}
[0.177s] Level 5:colcon.colcon_core.verb:set package 'auv_motors' build argument 'cmake_args' from command line to 'None'
[0.177s] Level 5:colcon.colcon_core.verb:set package 'auv_motors' build argument 'cmake_target' from command line to 'None'
[0.177s] Level 5:colcon.colcon_core.verb:set package 'auv_motors' build argument 'cmake_target_skip_unavailable' from command line to 'False'
[0.177s] Level 5:colcon.colcon_core.verb:set package 'auv_motors' build argument 'cmake_clean_cache' from command line to 'False'
[0.177s] Level 5:colcon.colcon_core.verb:set package 'auv_motors' build argument 'cmake_clean_first' from command line to 'False'
[0.177s] Level 5:colcon.colcon_core.verb:set package 'auv_motors' build argument 'cmake_force_configure' from command line to 'False'
[0.177s] Level 5:colcon.colcon_core.verb:set package 'auv_motors' build argument 'ament_cmake_args' from command line to 'None'
[0.177s] Level 5:colcon.colcon_core.verb:set package 'auv_motors' build argument 'catkin_cmake_args' from command line to 'None'
[0.177s] Level 5:colcon.colcon_core.verb:set package 'auv_motors' build argument 'catkin_skip_building_tests' from command line to 'False'
[0.177s] DEBUG:colcon.colcon_core.verb:Building package 'auv_motors' with the following arguments: {'ament_cmake_args': None, 'build_base': '/home/bryson/RoboSub_AUV/ros2_ws/build/auv_motors', 'catkin_cmake_args': None, 'catkin_skip_building_tests': False, 'cmake_args': None, 'cmake_clean_cache': False, 'cmake_clean_first': False, 'cmake_force_configure': False, 'cmake_target': None, 'cmake_target_skip_unavailable': False, 'install_base': '/home/bryson/RoboSub_AUV/ros2_ws/install/auv_motors', 'merge_install': False, 'path': '/home/bryson/RoboSub_AUV/ros2_ws/src/auv_motors', 'symlink_install': True, 'test_result_base': None}
[0.177s] Level 5:colcon.colcon_core.verb:set package 'auv_planning' build argument 'cmake_args' from command line to 'None'
[0.177s] Level 5:colcon.colcon_core.verb:set package 'auv_planning' build argument 'cmake_target' from command line to 'None'
[0.177s] Level 5:colcon.colcon_core.verb:set package 'auv_planning' build argument 'cmake_target_skip_unavailable' from command line to 'False'
[0.178s] Level 5:colcon.colcon_core.verb:set package 'auv_planning' build argument 'cmake_clean_cache' from command line to 'False'
[0.178s] Level 5:colcon.colcon_core.verb:set package 'auv_planning' build argument 'cmake_clean_first' from command line to 'False'
[0.178s] Level 5:colcon.colcon_core.verb:set package 'auv_planning' build argument 'cmake_force_configure' from command line to 'False'
[0.178s] Level 5:colcon.colcon_core.verb:set package 'auv_planning' build argument 'ament_cmake_args' from command line to 'None'
[0.178s] Level 5:colcon.colcon_core.verb:set package 'auv_planning' build argument 'catkin_cmake_args' from command line to 'None'
[0.178s] Level 5:colcon.colcon_core.verb:set package 'auv_planning' build argument 'catkin_skip_building_tests' from command line to 'False'
[0.178s] DEBUG:colcon.colcon_core.verb:Building package 'auv_planning' with the following arguments: {'ament_cmake_args': None, 'build_base': '/home/bryson/RoboSub_AUV/ros2_ws/build/auv_planning', 'catkin_cmake_args': None, 'catkin_skip_building_tests': False, 'cmake_args': None, 'cmake_clean_cache': False, 'cmake_clean_first': False, 'cmake_force_configure': False, 'cmake_target': None, 'cmake_target_skip_unavailable': False, 'install_base': '/home/bryson/RoboSub_AUV/ros2_ws/install/auv_planning', 'merge_install': False, 'path': '/home/bryson/RoboSub_AUV/ros2_ws/src/auv_planning', 'symlink_install': True, 'test_result_base': None}
[0.178s] Level 5:colcon.colcon_core.verb:set package 'auv_sensors' build argument 'cmake_args' from command line to 'None'
[0.178s] Level 5:colcon.colcon_core.verb:set package 'auv_sensors' build argument 'cmake_target' from command line to 'None'
[0.178s] Level 5:colcon.colcon_core.verb:set package 'auv_sensors' build argument 'cmake_target_skip_unavailable' from command line to 'False'
[0.178s] Level 5:colcon.colcon_core.verb:set package 'auv_sensors' build argument 'cmake_clean_cache' from command line to 'False'
[0.178s] Level 5:colcon.colcon_core.verb:set package 'auv_sensors' build argument 'cmake_clean_first' from command line to 'False'
[0.178s] Level 5:colcon.colcon_core.verb:set package 'auv_sensors' build argument 'cmake_force_configure' from command line to 'False'
[0.178s] Level 5:colcon.colcon_core.verb:set package 'auv_sensors' build argument 'ament_cmake_args' from command line to 'None'
[0.178s] Level 5:colcon.colcon_core.verb:set package 'auv_sensors' build argument 'catkin_cmake_args' from command line to 'None'
[0.178s] Level 5:colcon.colcon_core.verb:set package 'auv_sensors' build argument 'catkin_skip_building_tests' from command line to 'False'
[0.178s] DEBUG:colcon.colcon_core.verb:Building package 'auv_sensors' with the following arguments: {'ament_cmake_args': None, 'build_base': '/home/bryson/RoboSub_AUV/ros2_ws/build/auv_sensors', 'catkin_cmake_args': None, 'catkin_skip_building_tests': False, 'cmake_args': None, 'cmake_clean_cache': False, 'cmake_clean_first': False, 'cmake_force_configure': False, 'cmake_target': None, 'cmake_target_skip_unavailable': False, 'install_base': '/home/bryson/RoboSub_AUV/ros2_ws/install/auv_sensors', 'merge_install': False, 'path': '/home/bryson/RoboSub_AUV/ros2_ws/src/auv_sensors', 'symlink_install': True, 'test_result_base': None}
[0.178s] Level 5:colcon.colcon_core.verb:set package 'test_package' build argument 'cmake_args' from command line to 'None'
[0.178s] Level 5:colcon.colcon_core.verb:set package 'test_package' build argument 'cmake_target' from command line to 'None'
[0.178s] Level 5:colcon.colcon_core.verb:set package 'test_package' build argument 'cmake_target_skip_unavailable' from command line to 'False'
[0.178s] Level 5:colcon.colcon_core.verb:set package 'test_package' build argument 'cmake_clean_cache' from command line to 'False'
[0.178s] Level 5:colcon.colcon_core.verb:set package 'test_package' build argument 'cmake_clean_first' from command line to 'False'
[0.178s] Level 5:colcon.colcon_core.verb:set package 'test_package' build argument 'cmake_force_configure' from command line to 'False'
[0.178s] Level 5:colcon.colcon_core.verb:set package 'test_package' build argument 'ament_cmake_args' from command line to 'None'
[0.178s] Level 5:colcon.colcon_core.verb:set package 'test_package' build argument 'catkin_cmake_args' from command line to 'None'
[0.178s] Level 5:colcon.colcon_core.verb:set package 'test_package' build argument 'catkin_skip_building_tests' from command line to 'False'
[0.178s] DEBUG:colcon.colcon_core.verb:Building package 'test_package' with the following arguments: {'ament_cmake_args': None, 'build_base': '/home/bryson/RoboSub_AUV/ros2_ws/build/test_package', 'catkin_cmake_args': None, 'catkin_skip_building_tests': False, 'cmake_args': None, 'cmake_clean_cache': False, 'cmake_clean_first': False, 'cmake_force_configure': False, 'cmake_target': None, 'cmake_target_skip_unavailable': False, 'install_base': '/home/bryson/RoboSub_AUV/ros2_ws/install/test_package', 'merge_install': False, 'path': '/home/bryson/RoboSub_AUV/ros2_ws/src/test_package', 'symlink_install': True, 'test_result_base': None}
[0.178s] INFO:colcon.colcon_core.executor:Executing jobs using 'parallel' executor
[0.179s] DEBUG:colcon.colcon_parallel_executor.executor.parallel:run_until_complete
[0.179s] INFO:colcon.colcon_ros.task.ament_cmake.build:Building ROS package in '/home/bryson/RoboSub_AUV/ros2_ws/src/auv_camera' with build type 'ament_cmake'
[0.179s] INFO:colcon.colcon_cmake.task.cmake.build:Building CMake package in '/home/bryson/RoboSub_AUV/ros2_ws/src/auv_camera'
[0.181s] INFO:colcon.colcon_core.plugin_system:Skipping extension 'colcon_core.shell.bat': Not used on non-Windows systems
[0.181s] INFO:colcon.colcon_core.shell:Skip shell extension 'powershell' for command environment: Not usable outside of PowerShell
[0.181s] DEBUG:colcon.colcon_core.shell:Skip shell extension 'dsv' for command environment
[0.185s] INFO:colcon.colcon_ros.task.ament_cmake.build:Building ROS package in '/home/bryson/RoboSub_AUV/ros2_ws/src/auv_motors' with build type 'ament_cmake'
[0.185s] INFO:colcon.colcon_cmake.task.cmake.build:Building CMake package in '/home/bryson/RoboSub_AUV/ros2_ws/src/auv_motors'
[0.185s] INFO:colcon.colcon_core.shell:Skip shell extension 'powershell' for command environment: Not usable outside of PowerShell
[0.185s] DEBUG:colcon.colcon_core.shell:Skip shell extension 'dsv' for command environment
[0.188s] INFO:colcon.colcon_ros.task.ament_cmake.build:Building ROS package in '/home/bryson/RoboSub_AUV/ros2_ws/src/auv_planning' with build type 'ament_cmake'
[0.189s] INFO:colcon.colcon_cmake.task.cmake.build:Building CMake package in '/home/bryson/RoboSub_AUV/ros2_ws/src/auv_planning'
[0.189s] INFO:colcon.colcon_core.shell:Skip shell extension 'powershell' for command environment: Not usable outside of PowerShell
[0.189s] DEBUG:colcon.colcon_core.shell:Skip shell extension 'dsv' for command environment
[0.192s] INFO:colcon.colcon_ros.task.ament_cmake.build:Building ROS package in '/home/bryson/RoboSub_AUV/ros2_ws/src/auv_sensors' with build type 'ament_cmake'
[0.192s] INFO:colcon.colcon_cmake.task.cmake.build:Building CMake package in '/home/bryson/RoboSub_AUV/ros2_ws/src/auv_sensors'
[0.192s] INFO:colcon.colcon_core.shell:Skip shell extension 'powershell' for command environment: Not usable outside of PowerShell
[0.192s] DEBUG:colcon.colcon_core.shell:Skip shell extension 'dsv' for command environment
[0.195s] INFO:colcon.colcon_ros.task.ament_cmake.build:Building ROS package in '/home/bryson/RoboSub_AUV/ros2_ws/src/test_package' with build type 'ament_cmake'
[0.195s] INFO:colcon.colcon_cmake.task.cmake.build:Building CMake package in '/home/bryson/RoboSub_AUV/ros2_ws/src/test_package'
[0.195s] INFO:colcon.colcon_core.shell:Skip shell extension 'powershell' for command environment: Not usable outside of PowerShell
[0.195s] DEBUG:colcon.colcon_core.shell:Skip shell extension 'dsv' for command environment
[0.202s] DEBUG:colcon.colcon_core.event_handler.log_command:Invoking command in '/home/bryson/RoboSub_AUV/ros2_ws/build/auv_camera': CMAKE_PREFIX_PATH=${CMAKE_PREFIX_PATH}:/home/bryson/turtlebot3_ws/install/turtlebot3_teleop:/home/bryson/turtlebot3_ws/install/turtlebot3_example:/opt/ros/jazzy DEBUGINFOD_URLS=https://debuginfod.ubuntu.com /usr/bin/cmake --build /home/bryson/RoboSub_AUV/ros2_ws/build/auv_camera -- -j8 -l8
[0.203s] DEBUG:colcon.colcon_core.event_handler.log_command:Invoking command in '/home/bryson/RoboSub_AUV/ros2_ws/build/auv_motors': CMAKE_PREFIX_PATH=${CMAKE_PREFIX_PATH}:/home/bryson/turtlebot3_ws/install/turtlebot3_teleop:/home/bryson/turtlebot3_ws/install/turtlebot3_example:/opt/ros/jazzy DEBUGINFOD_URLS=https://debuginfod.ubuntu.com /usr/bin/cmake --build /home/bryson/RoboSub_AUV/ros2_ws/build/auv_motors -- -j8 -l8
[0.205s] DEBUG:colcon.colcon_core.event_handler.log_command:Invoking command in '/home/bryson/RoboSub_AUV/ros2_ws/build/auv_planning': CMAKE_PREFIX_PATH=${CMAKE_PREFIX_PATH}:/home/bryson/turtlebot3_ws/install/turtlebot3_teleop:/home/bryson/turtlebot3_ws/install/turtlebot3_example:/opt/ros/jazzy DEBUGINFOD_URLS=https://debuginfod.ubuntu.com /usr/bin/cmake --build /home/bryson/RoboSub_AUV/ros2_ws/build/auv_planning -- -j8 -l8
[0.206s] DEBUG:colcon.colcon_core.event_handler.log_command:Invoking command in '/home/bryson/RoboSub_AUV/ros2_ws/build/auv_sensors': CMAKE_PREFIX_PATH=${CMAKE_PREFIX_PATH}:/home/bryson/turtlebot3_ws/install/turtlebot3_teleop:/home/bryson/turtlebot3_ws/install/turtlebot3_example:/opt/ros/jazzy DEBUGINFOD_URLS=https://debuginfod.ubuntu.com /usr/bin/cmake --build /home/bryson/RoboSub_AUV/ros2_ws/build/auv_sensors -- -j8 -l8
[0.210s] DEBUG:colcon.colcon_core.event_handler.log_command:Invoking command in '/home/bryson/RoboSub_AUV/ros2_ws/build/test_package': CMAKE_PREFIX_PATH=${CMAKE_PREFIX_PATH}:/home/bryson/turtlebot3_ws/install/turtlebot3_teleop:/home/bryson/turtlebot3_ws/install/turtlebot3_example:/opt/ros/jazzy DEBUGINFOD_URLS=https://debuginfod.ubuntu.com /usr/bin/cmake --build /home/bryson/RoboSub_AUV/ros2_ws/build/test_package -- -j8 -l8
[0.241s] DEBUG:colcon.colcon_core.event_handler.log_command:Invoked command in '/home/bryson/RoboSub_AUV/ros2_ws/build/auv_planning' returned '0': CMAKE_PREFIX_PATH=${CMAKE_PREFIX_PATH}:/home/bryson/turtlebot3_ws/install/turtlebot3_teleop:/home/bryson/turtlebot3_ws/install/turtlebot3_example:/opt/ros/jazzy DEBUGINFOD_URLS=https://debuginfod.ubuntu.com /usr/bin/cmake --build /home/bryson/RoboSub_AUV/ros2_ws/build/auv_planning -- -j8 -l8
[0.248s] DEBUG:colcon.colcon_core.event_handler.log_command:Invoking command in '/home/bryson/RoboSub_AUV/ros2_ws/build/auv_planning': CMAKE_PREFIX_PATH=${CMAKE_PREFIX_PATH}:/home/bryson/turtlebot3_ws/install/turtlebot3_teleop:/home/bryson/turtlebot3_ws/install/turtlebot3_example:/opt/ros/jazzy DEBUGINFOD_URLS=https://debuginfod.ubuntu.com /usr/bin/cmake --install /home/bryson/RoboSub_AUV/ros2_ws/build/auv_planning
[0.248s] DEBUG:colcon.colcon_core.event_handler.log_command:Invoked command in '/home/bryson/RoboSub_AUV/ros2_ws/build/auv_motors' returned '0': CMAKE_PREFIX_PATH=${CMAKE_PREFIX_PATH}:/home/bryson/turtlebot3_ws/install/turtlebot3_teleop:/home/bryson/turtlebot3_ws/install/turtlebot3_example:/opt/ros/jazzy DEBUGINFOD_URLS=https://debuginfod.ubuntu.com /usr/bin/cmake --build /home/bryson/RoboSub_AUV/ros2_ws/build/auv_motors -- -j8 -l8
[0.249s] DEBUG:colcon.colcon_core.event_handler.log_command:Invoking command in '/home/bryson/RoboSub_AUV/ros2_ws/build/auv_motors': CMAKE_PREFIX_PATH=${CMAKE_PREFIX_PATH}:/home/bryson/turtlebot3_ws/install/turtlebot3_teleop:/home/bryson/turtlebot3_ws/install/turtlebot3_example:/opt/ros/jazzy DEBUGINFOD_URLS=https://debuginfod.ubuntu.com /usr/bin/cmake --install /home/bryson/RoboSub_AUV/ros2_ws/build/auv_motors
[0.250s] DEBUG:colcon.colcon_core.event_handler.log_command:Invoked command in '/home/bryson/RoboSub_AUV/ros2_ws/build/auv_sensors' returned '0': CMAKE_PREFIX_PATH=${CMAKE_PREFIX_PATH}:/home/bryson/turtlebot3_ws/install/turtlebot3_teleop:/home/bryson/turtlebot3_ws/install/turtlebot3_example:/opt/ros/jazzy DEBUGINFOD_URLS=https://debuginfod.ubuntu.com /usr/bin/cmake --build /home/bryson/RoboSub_AUV/ros2_ws/build/auv_sensors -- -j8 -l8
[0.251s] DEBUG:colcon.colcon_core.event_handler.log_command:Invoking command in '/home/bryson/RoboSub_AUV/ros2_ws/build/auv_sensors': CMAKE_PREFIX_PATH=${CMAKE_PREFIX_PATH}:/home/bryson/turtlebot3_ws/install/turtlebot3_teleop:/home/bryson/turtlebot3_ws/install/turtlebot3_example:/opt/ros/jazzy DEBUGINFOD_URLS=https://debuginfod.ubuntu.com /usr/bin/cmake --install /home/bryson/RoboSub_AUV/ros2_ws/build/auv_sensors
[0.251s] DEBUG:colcon.colcon_core.event_handler.log_command:Invoked command in '/home/bryson/RoboSub_AUV/ros2_ws/build/test_package' returned '0': CMAKE_PREFIX_PATH=${CMAKE_PREFIX_PATH}:/home/bryson/turtlebot3_ws/install/turtlebot3_teleop:/home/bryson/turtlebot3_ws/install/turtlebot3_example:/opt/ros/jazzy DEBUGINFOD_URLS=https://debuginfod.ubuntu.com /usr/bin/cmake --build /home/bryson/RoboSub_AUV/ros2_ws/build/test_package -- -j8 -l8
[0.252s] DEBUG:colcon.colcon_core.event_handler.log_command:Invoking command in '/home/bryson/RoboSub_AUV/ros2_ws/build/test_package': CMAKE_PREFIX_PATH=${CMAKE_PREFIX_PATH}:/home/bryson/turtlebot3_ws/install/turtlebot3_teleop:/home/bryson/turtlebot3_ws/install/turtlebot3_example:/opt/ros/jazzy DEBUGINFOD_URLS=https://debuginfod.ubuntu.com /usr/bin/cmake --install /home/bryson/RoboSub_AUV/ros2_ws/build/test_package
[0.252s] DEBUG:colcon.colcon_core.event_handler.log_command:Invoked command in '/home/bryson/RoboSub_AUV/ros2_ws/build/auv_camera' returned '0': CMAKE_PREFIX_PATH=${CMAKE_PREFIX_PATH}:/home/bryson/turtlebot3_ws/install/turtlebot3_teleop:/home/bryson/turtlebot3_ws/install/turtlebot3_example:/opt/ros/jazzy DEBUGINFOD_URLS=https://debuginfod.ubuntu.com /usr/bin/cmake --build /home/bryson/RoboSub_AUV/ros2_ws/build/auv_camera -- -j8 -l8
[0.253s] DEBUG:colcon.colcon_core.event_handler.log_command:Invoking command in '/home/bryson/RoboSub_AUV/ros2_ws/build/auv_camera': CMAKE_PREFIX_PATH=${CMAKE_PREFIX_PATH}:/home/bryson/turtlebot3_ws/install/turtlebot3_teleop:/home/bryson/turtlebot3_ws/install/turtlebot3_example:/opt/ros/jazzy DEBUGINFOD_URLS=https://debuginfod.ubuntu.com /usr/bin/cmake --install /home/bryson/RoboSub_AUV/ros2_ws/build/auv_camera
[0.270s] Level 1:colcon.colcon_core.environment:create_environment_scripts_only(auv_planning)
[0.271s] DEBUG:colcon.colcon_core.event_handler.log_command:Invoked command in '/home/bryson/RoboSub_AUV/ros2_ws/build/auv_planning' returned '0': CMAKE_PREFIX_PATH=${CMAKE_PREFIX_PATH}:/home/bryson/turtlebot3_ws/install/turtlebot3_teleop:/home/bryson/turtlebot3_ws/install/turtlebot3_example:/opt/ros/jazzy DEBUGINFOD_URLS=https://debuginfod.ubuntu.com /usr/bin/cmake --install /home/bryson/RoboSub_AUV/ros2_ws/build/auv_planning
[0.274s] Level 1:colcon.colcon_core.environment:checking '/home/bryson/RoboSub_AUV/ros2_ws/install/auv_planning' for CMake module files
[0.274s] Level 1:colcon.colcon_core.environment:checking '/home/bryson/RoboSub_AUV/ros2_ws/install/auv_planning' for CMake config files
[0.275s] Level 1:colcon.colcon_core.shell:create_environment_hook('auv_planning', 'cmake_prefix_path')
[0.275s] INFO:colcon.colcon_core.shell:Creating environment hook '/home/bryson/RoboSub_AUV/ros2_ws/install/auv_planning/share/auv_planning/hook/cmake_prefix_path.ps1'
[0.276s] INFO:colcon.colcon_core.shell:Creating environment descriptor '/home/bryson/RoboSub_AUV/ros2_ws/install/auv_planning/share/auv_planning/hook/cmake_prefix_path.dsv'
[0.276s] INFO:colcon.colcon_core.shell:Creating environment hook '/home/bryson/RoboSub_AUV/ros2_ws/install/auv_planning/share/auv_planning/hook/cmake_prefix_path.sh'
[0.277s] Level 1:colcon.colcon_core.environment:checking '/home/bryson/RoboSub_AUV/ros2_ws/install/auv_planning/lib'
[0.277s] Level 1:colcon.colcon_core.environment:checking '/home/bryson/RoboSub_AUV/ros2_ws/install/auv_planning/bin'
[0.277s] Level 1:colcon.colcon_core.environment:checking '/home/bryson/RoboSub_AUV/ros2_ws/install/auv_planning/lib/pkgconfig/auv_planning.pc'
[0.277s] Level 1:colcon.colcon_core.environment:checking '/home/bryson/RoboSub_AUV/ros2_ws/install/auv_planning/lib/python3.12/site-packages'
[0.277s] Level 1:colcon.colcon_core.environment:checking '/home/bryson/RoboSub_AUV/ros2_ws/install/auv_planning/bin'
[0.278s] INFO:colcon.colcon_core.shell:Creating package script '/home/bryson/RoboSub_AUV/ros2_ws/install/auv_planning/share/auv_planning/package.ps1'
[0.278s] INFO:colcon.colcon_core.shell:Creating package descriptor '/home/bryson/RoboSub_AUV/ros2_ws/install/auv_planning/share/auv_planning/package.dsv'
[0.278s] INFO:colcon.colcon_core.shell:Creating package script '/home/bryson/RoboSub_AUV/ros2_ws/install/auv_planning/share/auv_planning/package.sh'
[0.279s] INFO:colcon.colcon_core.shell:Creating package script '/home/bryson/RoboSub_AUV/ros2_ws/install/auv_planning/share/auv_planning/package.bash'
[0.279s] INFO:colcon.colcon_core.shell:Creating package script '/home/bryson/RoboSub_AUV/ros2_ws/install/auv_planning/share/auv_planning/package.zsh'
[0.280s] Level 1:colcon.colcon_core.environment:create_file_with_runtime_dependencies(/home/bryson/RoboSub_AUV/ros2_ws/install/auv_planning/share/colcon-core/packages/auv_planning)
[0.280s] Level 1:colcon.colcon_core.environment:create_environment_scripts_only(auv_planning)
[0.280s] Level 1:colcon.colcon_core.environment:checking '/home/bryson/RoboSub_AUV/ros2_ws/install/auv_planning' for CMake module files
[0.280s] Level 1:colcon.colcon_core.environment:checking '/home/bryson/RoboSub_AUV/ros2_ws/install/auv_planning' for CMake config files
[0.281s] Level 1:colcon.colcon_core.shell:create_environment_hook('auv_planning', 'cmake_prefix_path')
[0.281s] INFO:colcon.colcon_core.shell:Creating environment hook '/home/bryson/RoboSub_AUV/ros2_ws/install/auv_planning/share/auv_planning/hook/cmake_prefix_path.ps1'
[0.281s] INFO:colcon.colcon_core.shell:Creating environment descriptor '/home/bryson/RoboSub_AUV/ros2_ws/install/auv_planning/share/auv_planning/hook/cmake_prefix_path.dsv'
[0.281s] INFO:colcon.colcon_core.shell:Creating environment hook '/home/bryson/RoboSub_AUV/ros2_ws/install/auv_planning/share/auv_planning/hook/cmake_prefix_path.sh'
[0.282s] Level 1:colcon.colcon_core.environment:checking '/home/bryson/RoboSub_AUV/ros2_ws/install/auv_planning/lib'
[0.282s] Level 1:colcon.colcon_core.environment:checking '/home/bryson/RoboSub_AUV/ros2_ws/install/auv_planning/bin'
[0.282s] Level 1:colcon.colcon_core.environment:checking '/home/bryson/RoboSub_AUV/ros2_ws/install/auv_planning/lib/pkgconfig/auv_planning.pc'
[0.282s] Level 1:colcon.colcon_core.environment:checking '/home/bryson/RoboSub_AUV/ros2_ws/install/auv_planning/lib/python3.12/site-packages'
[0.282s] Level 1:colcon.colcon_core.environment:checking '/home/bryson/RoboSub_AUV/ros2_ws/install/auv_planning/bin'
[0.282s] INFO:colcon.colcon_core.shell:Creating package script '/home/bryson/RoboSub_AUV/ros2_ws/install/auv_planning/share/auv_planning/package.ps1'
[0.283s] INFO:colcon.colcon_core.shell:Creating package descriptor '/home/bryson/RoboSub_AUV/ros2_ws/install/auv_planning/share/auv_planning/package.dsv'
[0.283s] INFO:colcon.colcon_core.shell:Creating package script '/home/bryson/RoboSub_AUV/ros2_ws/install/auv_planning/share/auv_planning/package.sh'
[0.284s] INFO:colcon.colcon_core.shell:Creating package script '/home/bryson/RoboSub_AUV/ros2_ws/install/auv_planning/share/auv_planning/package.bash'
[0.284s] INFO:colcon.colcon_core.shell:Creating package script '/home/bryson/RoboSub_AUV/ros2_ws/install/auv_planning/share/auv_planning/package.zsh'
[0.284s] Level 1:colcon.colcon_core.environment:create_file_with_runtime_dependencies(/home/bryson/RoboSub_AUV/ros2_ws/install/auv_planning/share/colcon-core/packages/auv_planning)
[0.285s] Level 1:colcon.colcon_core.environment:create_environment_scripts_only(auv_sensors)
[0.285s] Level 1:colcon.colcon_core.environment:checking '/home/bryson/RoboSub_AUV/ros2_ws/install/auv_sensors' for CMake module files
[0.286s] DEBUG:colcon.colcon_core.event_handler.log_command:Invoked command in '/home/bryson/RoboSub_AUV/ros2_ws/build/auv_sensors' returned '0': CMAKE_PREFIX_PATH=${CMAKE_PREFIX_PATH}:/home/bryson/turtlebot3_ws/install/turtlebot3_teleop:/home/bryson/turtlebot3_ws/install/turtlebot3_example:/opt/ros/jazzy DEBUGINFOD_URLS=https://debuginfod.ubuntu.com /usr/bin/cmake --install /home/bryson/RoboSub_AUV/ros2_ws/build/auv_sensors
[0.286s] Level 1:colcon.colcon_core.environment:checking '/home/bryson/RoboSub_AUV/ros2_ws/install/auv_sensors' for CMake config files
[0.286s] Level 1:colcon.colcon_core.shell:create_environment_hook('auv_sensors', 'cmake_prefix_path')
[0.286s] INFO:colcon.colcon_core.shell:Creating environment hook '/home/bryson/RoboSub_AUV/ros2_ws/install/auv_sensors/share/auv_sensors/hook/cmake_prefix_path.ps1'
[0.286s] INFO:colcon.colcon_core.shell:Creating environment descriptor '/home/bryson/RoboSub_AUV/ros2_ws/install/auv_sensors/share/auv_sensors/hook/cmake_prefix_path.dsv'
[0.287s] INFO:colcon.colcon_core.shell:Creating environment hook '/home/bryson/RoboSub_AUV/ros2_ws/install/auv_sensors/share/auv_sensors/hook/cmake_prefix_path.sh'
[0.287s] Level 1:colcon.colcon_core.environment:checking '/home/bryson/RoboSub_AUV/ros2_ws/install/auv_sensors/lib'
[0.287s] Level 1:colcon.colcon_core.environment:checking '/home/bryson/RoboSub_AUV/ros2_ws/install/auv_sensors/bin'
[0.287s] Level 1:colcon.colcon_core.environment:checking '/home/bryson/RoboSub_AUV/ros2_ws/install/auv_sensors/lib/pkgconfig/auv_sensors.pc'
[0.287s] Level 1:colcon.colcon_core.environment:checking '/home/bryson/RoboSub_AUV/ros2_ws/install/auv_sensors/lib/python3.12/site-packages'
[0.287s] Level 1:colcon.colcon_core.environment:checking '/home/bryson/RoboSub_AUV/ros2_ws/install/auv_sensors/bin'
[0.287s] INFO:colcon.colcon_core.shell:Creating package script '/home/bryson/RoboSub_AUV/ros2_ws/install/auv_sensors/share/auv_sensors/package.ps1'
[0.288s] INFO:colcon.colcon_core.shell:Creating package descriptor '/home/bryson/RoboSub_AUV/ros2_ws/install/auv_sensors/share/auv_sensors/package.dsv'
[0.288s] INFO:colcon.colcon_core.shell:Creating package script '/home/bryson/RoboSub_AUV/ros2_ws/install/auv_sensors/share/auv_sensors/package.sh'
[0.288s] INFO:colcon.colcon_core.shell:Creating package script '/home/bryson/RoboSub_AUV/ros2_ws/install/auv_sensors/share/auv_sensors/package.bash'
[0.288s] INFO:colcon.colcon_core.shell:Creating package script '/home/bryson/RoboSub_AUV/ros2_ws/install/auv_sensors/share/auv_sensors/package.zsh'
[0.289s] Level 1:colcon.colcon_core.environment:create_file_with_runtime_dependencies(/home/bryson/RoboSub_AUV/ros2_ws/install/auv_sensors/share/colcon-core/packages/auv_sensors)
[0.289s] Level 1:colcon.colcon_core.environment:create_environment_scripts_only(auv_sensors)
[0.289s] Level 1:colcon.colcon_core.environment:checking '/home/bryson/RoboSub_AUV/ros2_ws/install/auv_sensors' for CMake module files
[0.289s] Level 1:colcon.colcon_core.environment:checking '/home/bryson/RoboSub_AUV/ros2_ws/install/auv_sensors' for CMake config files
[0.290s] Level 1:colcon.colcon_core.shell:create_environment_hook('auv_sensors', 'cmake_prefix_path')
[0.290s] INFO:colcon.colcon_core.shell:Creating environment hook '/home/bryson/RoboSub_AUV/ros2_ws/install/auv_sensors/share/auv_sensors/hook/cmake_prefix_path.ps1'
[0.290s] INFO:colcon.colcon_core.shell:Creating environment descriptor '/home/bryson/RoboSub_AUV/ros2_ws/install/auv_sensors/share/auv_sensors/hook/cmake_prefix_path.dsv'
[0.290s] INFO:colcon.colcon_core.shell:Creating environment hook '/home/bryson/RoboSub_AUV/ros2_ws/install/auv_sensors/share/auv_sensors/hook/cmake_prefix_path.sh'
[0.290s] Level 1:colcon.colcon_core.environment:checking '/home/bryson/RoboSub_AUV/ros2_ws/install/auv_sensors/lib'
[0.290s] Level 1:colcon.colcon_core.environment:checking '/home/bryson/RoboSub_AUV/ros2_ws/install/auv_sensors/bin'
[0.290s] Level 1:colcon.colcon_core.environment:checking '/home/bryson/RoboSub_AUV/ros2_ws/install/auv_sensors/lib/pkgconfig/auv_sensors.pc'
[0.291s] Level 1:colcon.colcon_core.environment:checking '/home/bryson/RoboSub_AUV/ros2_ws/install/auv_sensors/lib/python3.12/site-packages'
[0.291s] Level 1:colcon.colcon_core.environment:checking '/home/bryson/RoboSub_AUV/ros2_ws/install/auv_sensors/bin'
[0.291s] INFO:colcon.colcon_core.shell:Creating package script '/home/bryson/RoboSub_AUV/ros2_ws/install/auv_sensors/share/auv_sensors/package.ps1'
[0.291s] INFO:colcon.colcon_core.shell:Creating package descriptor '/home/bryson/RoboSub_AUV/ros2_ws/install/auv_sensors/share/auv_sensors/package.dsv'
[0.292s] INFO:colcon.colcon_core.shell:Creating package script '/home/bryson/RoboSub_AUV/ros2_ws/install/auv_sensors/share/auv_sensors/package.sh'
[0.292s] INFO:colcon.colcon_core.shell:Creating package script '/home/bryson/RoboSub_AUV/ros2_ws/install/auv_sensors/share/auv_sensors/package.bash'
[0.292s] INFO:colcon.colcon_core.shell:Creating package script '/home/bryson/RoboSub_AUV/ros2_ws/install/auv_sensors/share/auv_sensors/package.zsh'
[0.292s] Level 1:colcon.colcon_core.environment:create_file_with_runtime_dependencies(/home/bryson/RoboSub_AUV/ros2_ws/install/auv_sensors/share/colcon-core/packages/auv_sensors)
[0.292s] Level 1:colcon.colcon_core.environment:create_environment_scripts_only(test_package)
[0.292s] Level 1:colcon.colcon_core.environment:checking '/home/bryson/RoboSub_AUV/ros2_ws/install/test_package' for CMake module files
[0.293s] DEBUG:colcon.colcon_core.event_handler.log_command:Invoked command in '/home/bryson/RoboSub_AUV/ros2_ws/build/test_package' returned '0': CMAKE_PREFIX_PATH=${CMAKE_PREFIX_PATH}:/home/bryson/turtlebot3_ws/install/turtlebot3_teleop:/home/bryson/turtlebot3_ws/install/turtlebot3_example:/opt/ros/jazzy DEBUGINFOD_URLS=https://debuginfod.ubuntu.com /usr/bin/cmake --install /home/bryson/RoboSub_AUV/ros2_ws/build/test_package
[0.293s] Level 1:colcon.colcon_core.environment:checking '/home/bryson/RoboSub_AUV/ros2_ws/install/test_package' for CMake config files
[0.293s] Level 1:colcon.colcon_core.shell:create_environment_hook('test_package', 'cmake_prefix_path')
[0.293s] INFO:colcon.colcon_core.shell:Creating environment hook '/home/bryson/RoboSub_AUV/ros2_ws/install/test_package/share/test_package/hook/cmake_prefix_path.ps1'
[0.294s] INFO:colcon.colcon_core.shell:Creating environment descriptor '/home/bryson/RoboSub_AUV/ros2_ws/install/test_package/share/test_package/hook/cmake_prefix_path.dsv'
[0.294s] INFO:colcon.colcon_core.shell:Creating environment hook '/home/bryson/RoboSub_AUV/ros2_ws/install/test_package/share/test_package/hook/cmake_prefix_path.sh'
[0.294s] Level 1:colcon.colcon_core.environment:checking '/home/bryson/RoboSub_AUV/ros2_ws/install/test_package/lib'
[0.294s] Level 1:colcon.colcon_core.environment:checking '/home/bryson/RoboSub_AUV/ros2_ws/install/test_package/bin'
[0.294s] Level 1:colcon.colcon_core.environment:checking '/home/bryson/RoboSub_AUV/ros2_ws/install/test_package/lib/pkgconfig/test_package.pc'
[0.294s] Level 1:colcon.colcon_core.environment:checking '/home/bryson/RoboSub_AUV/ros2_ws/install/test_package/lib/python3.12/site-packages'
[0.295s] Level 1:colcon.colcon_core.environment:checking '/home/bryson/RoboSub_AUV/ros2_ws/install/test_package/bin'
[0.295s] INFO:colcon.colcon_core.shell:Creating package script '/home/bryson/RoboSub_AUV/ros2_ws/install/test_package/share/test_package/package.ps1'
[0.295s] INFO:colcon.colcon_core.shell:Creating package descriptor '/home/bryson/RoboSub_AUV/ros2_ws/install/test_package/share/test_package/package.dsv'
[0.295s] INFO:colcon.colcon_core.shell:Creating package script '/home/bryson/RoboSub_AUV/ros2_ws/install/test_package/share/test_package/package.sh'
[0.295s] INFO:colcon.colcon_core.shell:Creating package script '/home/bryson/RoboSub_AUV/ros2_ws/install/test_package/share/test_package/package.bash'
[0.296s] INFO:colcon.colcon_core.shell:Creating package script '/home/bryson/RoboSub_AUV/ros2_ws/install/test_package/share/test_package/package.zsh'
[0.296s] Level 1:colcon.colcon_core.environment:create_file_with_runtime_dependencies(/home/bryson/RoboSub_AUV/ros2_ws/install/test_package/share/colcon-core/packages/test_package)
[0.296s] Level 1:colcon.colcon_core.environment:create_environment_scripts_only(test_package)
[0.296s] Level 1:colcon.colcon_core.environment:checking '/home/bryson/RoboSub_AUV/ros2_ws/install/test_package' for CMake module files
[0.297s] Level 1:colcon.colcon_core.environment:checking '/home/bryson/RoboSub_AUV/ros2_ws/install/test_package' for CMake config files
[0.297s] Level 1:colcon.colcon_core.shell:create_environment_hook('test_package', 'cmake_prefix_path')
[0.297s] INFO:colcon.colcon_core.shell:Creating environment hook '/home/bryson/RoboSub_AUV/ros2_ws/install/test_package/share/test_package/hook/cmake_prefix_path.ps1'
[0.297s] INFO:colcon.colcon_core.shell:Creating environment descriptor '/home/bryson/RoboSub_AUV/ros2_ws/install/test_package/share/test_package/hook/cmake_prefix_path.dsv'
[0.297s] INFO:colcon.colcon_core.shell:Creating environment hook '/home/bryson/RoboSub_AUV/ros2_ws/install/test_package/share/test_package/hook/cmake_prefix_path.sh'
[0.298s] Level 1:colcon.colcon_core.environment:checking '/home/bryson/RoboSub_AUV/ros2_ws/install/test_package/lib'
[0.298s] Level 1:colcon.colcon_core.environment:checking '/home/bryson/RoboSub_AUV/ros2_ws/install/test_package/bin'
[0.298s] Level 1:colcon.colcon_core.environment:checking '/home/bryson/RoboSub_AUV/ros2_ws/install/test_package/lib/pkgconfig/test_package.pc'
[0.298s] Level 1:colcon.colcon_core.environment:checking '/home/bryson/RoboSub_AUV/ros2_ws/install/test_package/lib/python3.12/site-packages'
[0.298s] Level 1:colcon.colcon_core.environment:checking '/home/bryson/RoboSub_AUV/ros2_ws/install/test_package/bin'
[0.298s] INFO:colcon.colcon_core.shell:Creating package script '/home/bryson/RoboSub_AUV/ros2_ws/install/test_package/share/test_package/package.ps1'
[0.298s] INFO:colcon.colcon_core.shell:Creating package descriptor '/home/bryson/RoboSub_AUV/ros2_ws/install/test_package/share/test_package/package.dsv'
[0.299s] INFO:colcon.colcon_core.shell:Creating package script '/home/bryson/RoboSub_AUV/ros2_ws/install/test_package/share/test_package/package.sh'
[0.299s] INFO:colcon.colcon_core.shell:Creating package script '/home/bryson/RoboSub_AUV/ros2_ws/install/test_package/share/test_package/package.bash'
[0.299s] INFO:colcon.colcon_core.shell:Creating package script '/home/bryson/RoboSub_AUV/ros2_ws/install/test_package/share/test_package/package.zsh'
[0.299s] Level 1:colcon.colcon_core.environment:create_file_with_runtime_dependencies(/home/bryson/RoboSub_AUV/ros2_ws/install/test_package/share/colcon-core/packages/test_package)
[0.300s] Level 1:colcon.colcon_core.environment:create_environment_scripts_only(auv_motors)
[0.300s] Level 1:colcon.colcon_core.environment:checking '/home/bryson/RoboSub_AUV/ros2_ws/install/auv_motors' for CMake module files
[0.300s] DEBUG:colcon.colcon_core.event_handler.log_command:Invoked command in '/home/bryson/RoboSub_AUV/ros2_ws/build/auv_motors' returned '0': CMAKE_PREFIX_PATH=${CMAKE_PREFIX_PATH}:/home/bryson/turtlebot3_ws/install/turtlebot3_teleop:/home/bryson/turtlebot3_ws/install/turtlebot3_example:/opt/ros/jazzy DEBUGINFOD_URLS=https://debuginfod.ubuntu.com /usr/bin/cmake --install /home/bryson/RoboSub_AUV/ros2_ws/build/auv_motors
[0.300s] Level 1:colcon.colcon_core.environment:checking '/home/bryson/RoboSub_AUV/ros2_ws/install/auv_motors' for CMake config files
[0.301s] Level 1:colcon.colcon_core.shell:create_environment_hook('auv_motors', 'cmake_prefix_path')
[0.301s] INFO:colcon.colcon_core.shell:Creating environment hook '/home/bryson/RoboSub_AUV/ros2_ws/install/auv_motors/share/auv_motors/hook/cmake_prefix_path.ps1'
[0.301s] INFO:colcon.colcon_core.shell:Creating environment descriptor '/home/bryson/RoboSub_AUV/ros2_ws/install/auv_motors/share/auv_motors/hook/cmake_prefix_path.dsv'
[0.301s] INFO:colcon.colcon_core.shell:Creating environment hook '/home/bryson/RoboSub_AUV/ros2_ws/install/auv_motors/share/auv_motors/hook/cmake_prefix_path.sh'
[0.301s] Level 1:colcon.colcon_core.environment:checking '/home/bryson/RoboSub_AUV/ros2_ws/install/auv_motors/lib'
[0.301s] Level 1:colcon.colcon_core.environment:checking '/home/bryson/RoboSub_AUV/ros2_ws/install/auv_motors/bin'
[0.302s] Level 1:colcon.colcon_core.environment:checking '/home/bryson/RoboSub_AUV/ros2_ws/install/auv_motors/lib/pkgconfig/auv_motors.pc'
[0.302s] Level 1:colcon.colcon_core.environment:checking '/home/bryson/RoboSub_AUV/ros2_ws/install/auv_motors/lib/python3.12/site-packages'
[0.302s] Level 1:colcon.colcon_core.environment:checking '/home/bryson/RoboSub_AUV/ros2_ws/install/auv_motors/bin'
[0.302s] INFO:colcon.colcon_core.shell:Creating package script '/home/bryson/RoboSub_AUV/ros2_ws/install/auv_motors/share/auv_motors/package.ps1'
[0.302s] INFO:colcon.colcon_core.shell:Creating package descriptor '/home/bryson/RoboSub_AUV/ros2_ws/install/auv_motors/share/auv_motors/package.dsv'
[0.303s] INFO:colcon.colcon_core.shell:Creating package script '/home/bryson/RoboSub_AUV/ros2_ws/install/auv_motors/share/auv_motors/package.sh'
[0.303s] INFO:colcon.colcon_core.shell:Creating package script '/home/bryson/RoboSub_AUV/ros2_ws/install/auv_motors/share/auv_motors/package.bash'
[0.303s] INFO:colcon.colcon_core.shell:Creating package script '/home/bryson/RoboSub_AUV/ros2_ws/install/auv_motors/share/auv_motors/package.zsh'
[0.303s] Level 1:colcon.colcon_core.environment:create_file_with_runtime_dependencies(/home/bryson/RoboSub_AUV/ros2_ws/install/auv_motors/share/colcon-core/packages/auv_motors)
[0.304s] Level 1:colcon.colcon_core.environment:create_environment_scripts_only(auv_motors)
[0.304s] Level 1:colcon.colcon_core.environment:checking '/home/bryson/RoboSub_AUV/ros2_ws/install/auv_motors' for CMake module files
[0.304s] Level 1:colcon.colcon_core.environment:checking '/home/bryson/RoboSub_AUV/ros2_ws/install/auv_motors' for CMake config files
[0.304s] Level 1:colcon.colcon_core.shell:create_environment_hook('auv_motors', 'cmake_prefix_path')
[0.305s] INFO:colcon.colcon_core.shell:Creating environment hook '/home/bryson/RoboSub_AUV/ros2_ws/install/auv_motors/share/auv_motors/hook/cmake_prefix_path.ps1'
[0.305s] INFO:colcon.colcon_core.shell:Creating environment descriptor '/home/bryson/RoboSub_AUV/ros2_ws/install/auv_motors/share/auv_motors/hook/cmake_prefix_path.dsv'
[0.305s] INFO:colcon.colcon_core.shell:Creating environment hook '/home/bryson/RoboSub_AUV/ros2_ws/install/auv_motors/share/auv_motors/hook/cmake_prefix_path.sh'
[0.306s] Level 1:colcon.colcon_core.environment:checking '/home/bryson/RoboSub_AUV/ros2_ws/install/auv_motors/lib'
[0.306s] Level 1:colcon.colcon_core.environment:checking '/home/bryson/RoboSub_AUV/ros2_ws/install/auv_motors/bin'
[0.306s] Level 1:colcon.colcon_core.environment:checking '/home/bryson/RoboSub_AUV/ros2_ws/install/auv_motors/lib/pkgconfig/auv_motors.pc'
[0.306s] Level 1:colcon.colcon_core.environment:checking '/home/bryson/RoboSub_AUV/ros2_ws/install/auv_motors/lib/python3.12/site-packages'
[0.306s] Level 1:colcon.colcon_core.environment:checking '/home/bryson/RoboSub_AUV/ros2_ws/install/auv_motors/bin'
[0.306s] INFO:colcon.colcon_core.shell:Creating package script '/home/bryson/RoboSub_AUV/ros2_ws/install/auv_motors/share/auv_motors/package.ps1'
[0.307s] INFO:colcon.colcon_core.shell:Creating package descriptor '/home/bryson/RoboSub_AUV/ros2_ws/install/auv_motors/share/auv_motors/package.dsv'
[0.307s] INFO:colcon.colcon_core.shell:Creating package script '/home/bryson/RoboSub_AUV/ros2_ws/install/auv_motors/share/auv_motors/package.sh'
[0.307s] INFO:colcon.colcon_core.shell:Creating package script '/home/bryson/RoboSub_AUV/ros2_ws/install/auv_motors/share/auv_motors/package.bash'
[0.307s] INFO:colcon.colcon_core.shell:Creating package script '/home/bryson/RoboSub_AUV/ros2_ws/install/auv_motors/share/auv_motors/package.zsh'
[0.308s] Level 1:colcon.colcon_core.environment:create_file_with_runtime_dependencies(/home/bryson/RoboSub_AUV/ros2_ws/install/auv_motors/share/colcon-core/packages/auv_motors)
[0.308s] Level 1:colcon.colcon_core.environment:create_environment_scripts_only(auv_camera)
[0.308s] Level 1:colcon.colcon_core.environment:checking '/home/bryson/RoboSub_AUV/ros2_ws/install/auv_camera' for CMake module files
[0.309s] DEBUG:colcon.colcon_core.event_handler.log_command:Invoked command in '/home/bryson/RoboSub_AUV/ros2_ws/build/auv_camera' returned '0': CMAKE_PREFIX_PATH=${CMAKE_PREFIX_PATH}:/home/bryson/turtlebot3_ws/install/turtlebot3_teleop:/home/bryson/turtlebot3_ws/install/turtlebot3_example:/opt/ros/jazzy DEBUGINFOD_URLS=https://debuginfod.ubuntu.com /usr/bin/cmake --install /home/bryson/RoboSub_AUV/ros2_ws/build/auv_camera
[0.309s] Level 1:colcon.colcon_core.environment:checking '/home/bryson/RoboSub_AUV/ros2_ws/install/auv_camera' for CMake config files
[0.309s] Level 1:colcon.colcon_core.shell:create_environment_hook('auv_camera', 'cmake_prefix_path')
[0.309s] INFO:colcon.colcon_core.shell:Creating environment hook '/home/bryson/RoboSub_AUV/ros2_ws/install/auv_camera/share/auv_camera/hook/cmake_prefix_path.ps1'
[0.310s] INFO:colcon.colcon_core.shell:Creating environment descriptor '/home/bryson/RoboSub_AUV/ros2_ws/install/auv_camera/share/auv_camera/hook/cmake_prefix_path.dsv'
[0.310s] INFO:colcon.colcon_core.shell:Creating environment hook '/home/bryson/RoboSub_AUV/ros2_ws/install/auv_camera/share/auv_camera/hook/cmake_prefix_path.sh'
[0.310s] Level 1:colcon.colcon_core.environment:checking '/home/bryson/RoboSub_AUV/ros2_ws/install/auv_camera/lib'
[0.310s] Level 1:colcon.colcon_core.environment:checking '/home/bryson/RoboSub_AUV/ros2_ws/install/auv_camera/bin'
[0.310s] Level 1:colcon.colcon_core.environment:checking '/home/bryson/RoboSub_AUV/ros2_ws/install/auv_camera/lib/pkgconfig/auv_camera.pc'
[0.310s] Level 1:colcon.colcon_core.environment:checking '/home/bryson/RoboSub_AUV/ros2_ws/install/auv_camera/lib/python3.12/site-packages'
[0.311s] Level 1:colcon.colcon_core.environment:checking '/home/bryson/RoboSub_AUV/ros2_ws/install/auv_camera/bin'
[0.311s] INFO:colcon.colcon_core.shell:Creating package script '/home/bryson/RoboSub_AUV/ros2_ws/install/auv_camera/share/auv_camera/package.ps1'
[0.311s] INFO:colcon.colcon_core.shell:Creating package descriptor '/home/bryson/RoboSub_AUV/ros2_ws/install/auv_camera/share/auv_camera/package.dsv'
[0.311s] INFO:colcon.colcon_core.shell:Creating package script '/home/bryson/RoboSub_AUV/ros2_ws/install/auv_camera/share/auv_camera/package.sh'
[0.311s] INFO:colcon.colcon_core.shell:Creating package script '/home/bryson/RoboSub_AUV/ros2_ws/install/auv_camera/share/auv_camera/package.bash'
[0.312s] INFO:colcon.colcon_core.shell:Creating package script '/home/bryson/RoboSub_AUV/ros2_ws/install/auv_camera/share/auv_camera/package.zsh'
[0.312s] Level 1:colcon.colcon_core.environment:create_file_with_runtime_dependencies(/home/bryson/RoboSub_AUV/ros2_ws/install/auv_camera/share/colcon-core/packages/auv_camera)
[0.312s] Level 1:colcon.colcon_core.environment:create_environment_scripts_only(auv_camera)
[0.312s] Level 1:colcon.colcon_core.environment:checking '/home/bryson/RoboSub_AUV/ros2_ws/install/auv_camera' for CMake module files
[0.312s] Level 1:colcon.colcon_core.environment:checking '/home/bryson/RoboSub_AUV/ros2_ws/install/auv_camera' for CMake config files
[0.313s] Level 1:colcon.colcon_core.shell:create_environment_hook('auv_camera', 'cmake_prefix_path')
[0.313s] INFO:colcon.colcon_core.shell:Creating environment hook '/home/bryson/RoboSub_AUV/ros2_ws/install/auv_camera/share/auv_camera/hook/cmake_prefix_path.ps1'
[0.313s] INFO:colcon.colcon_core.shell:Creating environment descriptor '/home/bryson/RoboSub_AUV/ros2_ws/install/auv_camera/share/auv_camera/hook/cmake_prefix_path.dsv'
[0.313s] INFO:colcon.colcon_core.shell:Creating environment hook '/home/bryson/RoboSub_AUV/ros2_ws/install/auv_camera/share/auv_camera/hook/cmake_prefix_path.sh'
[0.313s] Level 1:colcon.colcon_core.environment:checking '/home/bryson/RoboSub_AUV/ros2_ws/install/auv_camera/lib'
[0.313s] Level 1:colcon.colcon_core.environment:checking '/home/bryson/RoboSub_AUV/ros2_ws/install/auv_camera/bin'
[0.313s] Level 1:colcon.colcon_core.environment:checking '/home/bryson/RoboSub_AUV/ros2_ws/install/auv_camera/lib/pkgconfig/auv_camera.pc'
[0.314s] Level 1:colcon.colcon_core.environment:checking '/home/bryson/RoboSub_AUV/ros2_ws/install/auv_camera/lib/python3.12/site-packages'
[0.314s] Level 1:colcon.colcon_core.environment:checking '/home/bryson/RoboSub_AUV/ros2_ws/install/auv_camera/bin'
[0.314s] INFO:colcon.colcon_core.shell:Creating package script '/home/bryson/RoboSub_AUV/ros2_ws/install/auv_camera/share/auv_camera/package.ps1'
[0.314s] INFO:colcon.colcon_core.shell:Creating package descriptor '/home/bryson/RoboSub_AUV/ros2_ws/install/auv_camera/share/auv_camera/package.dsv'
[0.315s] INFO:colcon.colcon_core.shell:Creating package script '/home/bryson/RoboSub_AUV/ros2_ws/install/auv_camera/share/auv_camera/package.sh'
[0.315s] INFO:colcon.colcon_core.shell:Creating package script '/home/bryson/RoboSub_AUV/ros2_ws/install/auv_camera/share/auv_camera/package.bash'
[0.315s] INFO:colcon.colcon_core.shell:Creating package script '/home/bryson/RoboSub_AUV/ros2_ws/install/auv_camera/share/auv_camera/package.zsh'
[0.315s] Level 1:colcon.colcon_core.environment:create_file_with_runtime_dependencies(/home/bryson/RoboSub_AUV/ros2_ws/install/auv_camera/share/colcon-core/packages/auv_camera)
[0.315s] DEBUG:colcon.colcon_parallel_executor.executor.parallel:closing loop
[0.316s] DEBUG:colcon.colcon_parallel_executor.executor.parallel:loop closed
[0.316s] DEBUG:colcon.colcon_parallel_executor.executor.parallel:run_until_complete finished with '0'
[0.316s] DEBUG:colcon.colcon_core.event_reactor:joining thread
[0.330s] INFO:colcon.colcon_core.plugin_system:Skipping extension 'colcon_notification.desktop_notification.terminal_notifier': Not used on non-Darwin systems
[0.330s] INFO:colcon.colcon_core.plugin_system:Skipping extension 'colcon_notification.desktop_notification.win32': Not used on non-Windows systems
[0.330s] INFO:colcon.colcon_notification.desktop_notification:Sending desktop notification using 'notify2'
[0.338s] DEBUG:colcon.colcon_core.event_reactor:joined thread
[0.339s] INFO:colcon.colcon_core.shell:Creating prefix script '/home/bryson/RoboSub_AUV/ros2_ws/install/local_setup.ps1'
[0.340s] INFO:colcon.colcon_core.shell:Creating prefix util module '/home/bryson/RoboSub_AUV/ros2_ws/install/_local_setup_util_ps1.py'
[0.341s] INFO:colcon.colcon_core.shell:Creating prefix chain script '/home/bryson/RoboSub_AUV/ros2_ws/install/setup.ps1'
[0.343s] INFO:colcon.colcon_core.shell:Creating prefix script '/home/bryson/RoboSub_AUV/ros2_ws/install/local_setup.sh'
[0.343s] INFO:colcon.colcon_core.shell:Creating prefix util module '/home/bryson/RoboSub_AUV/ros2_ws/install/_local_setup_util_sh.py'
[0.343s] INFO:colcon.colcon_core.shell:Creating prefix chain script '/home/bryson/RoboSub_AUV/ros2_ws/install/setup.sh'
[0.344s] INFO:colcon.colcon_core.shell:Creating prefix script '/home/bryson/RoboSub_AUV/ros2_ws/install/local_setup.bash'
[0.345s] INFO:colcon.colcon_core.shell:Creating prefix chain script '/home/bryson/RoboSub_AUV/ros2_ws/install/setup.bash'
[0.346s] INFO:colcon.colcon_core.shell:Creating prefix script '/home/bryson/RoboSub_AUV/ros2_ws/install/local_setup.zsh'
[0.346s] INFO:colcon.colcon_core.shell:Creating prefix chain script '/home/bryson/RoboSub_AUV/ros2_ws/install/setup.zsh'
