[0.146s] DEBUG:colcon:Command line arguments: ['/usr/bin/colcon', 'build', '--symlink']
[0.146s] DEBUG:colcon:Parsed command line arguments: Namespace(log_base=None, log_level=None, verb_name='build', build_base='build', install_base='install', merge_install=False, symlink_install=True, test_result_base=None, continue_on_error=False, executor='parallel', parallel_workers=8, event_handlers=None, ignore_user_meta=False, metas=['./colcon.meta'], base_paths=['.'], packages_ignore=None, packages_ignore_regex=None, paths=None, packages_up_to=None, packages_up_to_regex=None, packages_above=None, packages_above_and_dependencies=None, packages_above_depth=None, packages_select_by_dep=None, packages_skip_by_dep=None, packages_skip_up_to=None, packages_select_build_failed=False, packages_skip_build_finished=False, packages_select_test_failures=False, packages_skip_test_passed=False, packages_select=None, packages_skip=None, packages_select_regex=None, packages_skip_regex=None, packages_start=None, packages_end=None, allow_overriding=[], cmake_args=None, cmake_target=None, cmake_target_skip_unavailable=False, cmake_clean_cache=False, cmake_clean_first=False, cmake_force_configure=False, ament_cmake_args=None, catkin_cmake_args=None, catkin_skip_building_tests=False, mixin_files=None, mixin=None, verb_parser=<colcon_mixin.mixin.mixin_argument.MixinArgumentDecorator object at 0x7216d83a20f0>, verb_extension=<colcon_core.verb.build.BuildVerb object at 0x7216d851de80>, main=<bound method BuildVerb.main of <colcon_core.verb.build.BuildVerb object at 0x7216d851de80>>, mixin_verb=('build',))
[0.193s] Level 1:colcon.colcon_core.package_discovery:discover_packages(colcon_meta) check parameters
[0.193s] Level 1:colcon.colcon_core.package_discovery:discover_packages(recursive) check parameters
[0.193s] Level 1:colcon.colcon_core.package_discovery:discover_packages(ignore) check parameters
[0.193s] Level 1:colcon.colcon_core.package_discovery:discover_packages(path) check parameters
[0.193s] Level 1:colcon.colcon_core.package_discovery:discover_packages(colcon_meta) discover
[0.193s] Level 1:colcon.colcon_core.package_discovery:discover_packages(recursive) discover
[0.194s] INFO:colcon.colcon_core.package_discovery:Crawling recursively for packages in '/home/bryson/RoboSub_AUV/ros2_ws'
[0.194s] Level 1:colcon.colcon_core.package_identification:_identify(.) by extensions ['ignore', 'ignore_ament_install']
[0.194s] Level 1:colcon.colcon_core.package_identification:_identify(.) by extension 'ignore'
[0.194s] Level 1:colcon.colcon_core.package_identification:_identify(.) by extension 'ignore_ament_install'
[0.194s] Level 1:colcon.colcon_core.package_identification:_identify(.) by extensions ['colcon_pkg']
[0.194s] Level 1:colcon.colcon_core.package_identification:_identify(.) by extension 'colcon_pkg'
[0.194s] Level 1:colcon.colcon_core.package_identification:_identify(.) by extensions ['colcon_meta']
[0.194s] Level 1:colcon.colcon_core.package_identification:_identify(.) by extension 'colcon_meta'
[0.194s] Level 1:colcon.colcon_core.package_identification:_identify(.) by extensions ['ros']
[0.194s] Level 1:colcon.colcon_core.package_identification:_identify(.) by extension 'ros'
[0.217s] Level 1:colcon.colcon_core.package_identification:_identify(.) by extensions ['cmake', 'python']
[0.217s] Level 1:colcon.colcon_core.package_identification:_identify(.) by extension 'cmake'
[0.218s] Level 1:colcon.colcon_core.package_identification:_identify(.) by extension 'python'
[0.218s] Level 1:colcon.colcon_core.package_identification:_identify(.) by extensions ['python_setup_py']
[0.218s] Level 1:colcon.colcon_core.package_identification:_identify(.) by extension 'python_setup_py'
[0.218s] Level 1:colcon.colcon_core.package_identification:_identify(build) by extensions ['ignore', 'ignore_ament_install']
[0.218s] Level 1:colcon.colcon_core.package_identification:_identify(build) by extension 'ignore'
[0.218s] Level 1:colcon.colcon_core.package_identification:_identify(build) ignored
[0.218s] Level 1:colcon.colcon_core.package_identification:_identify(install) by extensions ['ignore', 'ignore_ament_install']
[0.218s] Level 1:colcon.colcon_core.package_identification:_identify(install) by extension 'ignore'
[0.218s] Level 1:colcon.colcon_core.package_identification:_identify(install) ignored
[0.218s] Level 1:colcon.colcon_core.package_identification:_identify(log) by extensions ['ignore', 'ignore_ament_install']
[0.218s] Level 1:colcon.colcon_core.package_identification:_identify(log) by extension 'ignore'
[0.218s] Level 1:colcon.colcon_core.package_identification:_identify(log) ignored
[0.218s] Level 1:colcon.colcon_core.package_identification:_identify(src) by extensions ['ignore', 'ignore_ament_install']
[0.218s] Level 1:colcon.colcon_core.package_identification:_identify(src) by extension 'ignore'
[0.218s] Level 1:colcon.colcon_core.package_identification:_identify(src) by extension 'ignore_ament_install'
[0.219s] Level 1:colcon.colcon_core.package_identification:_identify(src) by extensions ['colcon_pkg']
[0.219s] Level 1:colcon.colcon_core.package_identification:_identify(src) by extension 'colcon_pkg'
[0.219s] Level 1:colcon.colcon_core.package_identification:_identify(src) by extensions ['colcon_meta']
[0.219s] Level 1:colcon.colcon_core.package_identification:_identify(src) by extension 'colcon_meta'
[0.219s] Level 1:colcon.colcon_core.package_identification:_identify(src) by extensions ['ros']
[0.219s] Level 1:colcon.colcon_core.package_identification:_identify(src) by extension 'ros'
[0.219s] Level 1:colcon.colcon_core.package_identification:_identify(src) by extensions ['cmake', 'python']
[0.219s] Level 1:colcon.colcon_core.package_identification:_identify(src) by extension 'cmake'
[0.219s] Level 1:colcon.colcon_core.package_identification:_identify(src) by extension 'python'
[0.219s] Level 1:colcon.colcon_core.package_identification:_identify(src) by extensions ['python_setup_py']
[0.219s] Level 1:colcon.colcon_core.package_identification:_identify(src) by extension 'python_setup_py'
[0.219s] Level 1:colcon.colcon_core.package_identification:_identify(src/auv_camera) by extensions ['ignore', 'ignore_ament_install']
[0.219s] Level 1:colcon.colcon_core.package_identification:_identify(src/auv_camera) by extension 'ignore'
[0.219s] Level 1:colcon.colcon_core.package_identification:_identify(src/auv_camera) by extension 'ignore_ament_install'
[0.219s] Level 1:colcon.colcon_core.package_identification:_identify(src/auv_camera) by extensions ['colcon_pkg']
[0.219s] Level 1:colcon.colcon_core.package_identification:_identify(src/auv_camera) by extension 'colcon_pkg'
[0.219s] Level 1:colcon.colcon_core.package_identification:_identify(src/auv_camera) by extensions ['colcon_meta']
[0.219s] Level 1:colcon.colcon_core.package_identification:_identify(src/auv_camera) by extension 'colcon_meta'
[0.219s] Level 1:colcon.colcon_core.package_identification:_identify(src/auv_camera) by extensions ['ros']
[0.219s] Level 1:colcon.colcon_core.package_identification:_identify(src/auv_camera) by extension 'ros'
[0.221s] DEBUG:colcon.colcon_core.package_identification:Package 'src/auv_camera' with type 'ros.ament_cmake' and name 'auv_camera'
[0.221s] Level 1:colcon.colcon_core.package_identification:_identify(src/auv_motors) by extensions ['ignore', 'ignore_ament_install']
[0.221s] Level 1:colcon.colcon_core.package_identification:_identify(src/auv_motors) by extension 'ignore'
[0.221s] Level 1:colcon.colcon_core.package_identification:_identify(src/auv_motors) by extension 'ignore_ament_install'
[0.221s] Level 1:colcon.colcon_core.package_identification:_identify(src/auv_motors) by extensions ['colcon_pkg']
[0.221s] Level 1:colcon.colcon_core.package_identification:_identify(src/auv_motors) by extension 'colcon_pkg'
[0.221s] Level 1:colcon.colcon_core.package_identification:_identify(src/auv_motors) by extensions ['colcon_meta']
[0.221s] Level 1:colcon.colcon_core.package_identification:_identify(src/auv_motors) by extension 'colcon_meta'
[0.221s] Level 1:colcon.colcon_core.package_identification:_identify(src/auv_motors) by extensions ['ros']
[0.221s] Level 1:colcon.colcon_core.package_identification:_identify(src/auv_motors) by extension 'ros'
[0.222s] DEBUG:colcon.colcon_core.package_identification:Package 'src/auv_motors' with type 'ros.ament_cmake' and name 'auv_motors'
[0.222s] Level 1:colcon.colcon_core.package_identification:_identify(src/auv_planning) by extensions ['ignore', 'ignore_ament_install']
[0.222s] Level 1:colcon.colcon_core.package_identification:_identify(src/auv_planning) by extension 'ignore'
[0.222s] Level 1:colcon.colcon_core.package_identification:_identify(src/auv_planning) by extension 'ignore_ament_install'
[0.222s] Level 1:colcon.colcon_core.package_identification:_identify(src/auv_planning) by extensions ['colcon_pkg']
[0.222s] Level 1:colcon.colcon_core.package_identification:_identify(src/auv_planning) by extension 'colcon_pkg'
[0.222s] Level 1:colcon.colcon_core.package_identification:_identify(src/auv_planning) by extensions ['colcon_meta']
[0.222s] Level 1:colcon.colcon_core.package_identification:_identify(src/auv_planning) by extension 'colcon_meta'
[0.222s] Level 1:colcon.colcon_core.package_identification:_identify(src/auv_planning) by extensions ['ros']
[0.222s] Level 1:colcon.colcon_core.package_identification:_identify(src/auv_planning) by extension 'ros'
[0.223s] DEBUG:colcon.colcon_core.package_identification:Package 'src/auv_planning' with type 'ros.ament_cmake' and name 'auv_planning'
[0.223s] Level 1:colcon.colcon_core.package_identification:_identify(src/auv_sensors) by extensions ['ignore', 'ignore_ament_install']
[0.223s] Level 1:colcon.colcon_core.package_identification:_identify(src/auv_sensors) by extension 'ignore'
[0.223s] Level 1:colcon.colcon_core.package_identification:_identify(src/auv_sensors) by extension 'ignore_ament_install'
[0.223s] Level 1:colcon.colcon_core.package_identification:_identify(src/auv_sensors) by extensions ['colcon_pkg']
[0.223s] Level 1:colcon.colcon_core.package_identification:_identify(src/auv_sensors) by extension 'colcon_pkg'
[0.223s] Level 1:colcon.colcon_core.package_identification:_identify(src/auv_sensors) by extensions ['colcon_meta']
[0.223s] Level 1:colcon.colcon_core.package_identification:_identify(src/auv_sensors) by extension 'colcon_meta'
[0.223s] Level 1:colcon.colcon_core.package_identification:_identify(src/auv_sensors) by extensions ['ros']
[0.223s] Level 1:colcon.colcon_core.package_identification:_identify(src/auv_sensors) by extension 'ros'
[0.224s] DEBUG:colcon.colcon_core.package_identification:Package 'src/auv_sensors' with type 'ros.ament_cmake' and name 'auv_sensors'
[0.224s] Level 1:colcon.colcon_core.package_identification:_identify(src/test_package) by extensions ['ignore', 'ignore_ament_install']
[0.224s] Level 1:colcon.colcon_core.package_identification:_identify(src/test_package) by extension 'ignore'
[0.224s] Level 1:colcon.colcon_core.package_identification:_identify(src/test_package) by extension 'ignore_ament_install'
[0.224s] Level 1:colcon.colcon_core.package_identification:_identify(src/test_package) by extensions ['colcon_pkg']
[0.224s] Level 1:colcon.colcon_core.package_identification:_identify(src/test_package) by extension 'colcon_pkg'
[0.224s] Level 1:colcon.colcon_core.package_identification:_identify(src/test_package) by extensions ['colcon_meta']
[0.224s] Level 1:colcon.colcon_core.package_identification:_identify(src/test_package) by extension 'colcon_meta'
[0.224s] Level 1:colcon.colcon_core.package_identification:_identify(src/test_package) by extensions ['ros']
[0.224s] Level 1:colcon.colcon_core.package_identification:_identify(src/test_package) by extension 'ros'
[0.225s] DEBUG:colcon.colcon_core.package_identification:Package 'src/test_package' with type 'ros.ament_cmake' and name 'test_package'
[0.225s] Level 1:colcon.colcon_core.package_discovery:discover_packages(recursive) using defaults
[0.225s] Level 1:colcon.colcon_core.package_discovery:discover_packages(ignore) discover
[0.225s] Level 1:colcon.colcon_core.package_discovery:discover_packages(ignore) using defaults
[0.225s] Level 1:colcon.colcon_core.package_discovery:discover_packages(path) discover
[0.225s] Level 1:colcon.colcon_core.package_discovery:discover_packages(path) using defaults
[0.240s] Level 1:colcon.colcon_core.package_discovery:discover_packages(prefix_path) check parameters
[0.240s] Level 1:colcon.colcon_core.package_discovery:discover_packages(prefix_path) discover
[0.246s] DEBUG:colcon.colcon_installed_package_information.package_discovery:Found 15 installed packages in /home/bryson/turtlebot3_ws/install
[0.248s] DEBUG:colcon.colcon_installed_package_information.package_discovery:Found 436 installed packages in /opt/ros/jazzy
[0.249s] Level 1:colcon.colcon_core.package_discovery:discover_packages(prefix_path) using defaults
[0.328s] Level 5:colcon.colcon_core.verb:set package 'auv_camera' build argument 'cmake_args' from command line to 'None'
[0.328s] Level 5:colcon.colcon_core.verb:set package 'auv_camera' build argument 'cmake_target' from command line to 'None'
[0.328s] Level 5:colcon.colcon_core.verb:set package 'auv_camera' build argument 'cmake_target_skip_unavailable' from command line to 'False'
[0.328s] Level 5:colcon.colcon_core.verb:set package 'auv_camera' build argument 'cmake_clean_cache' from command line to 'False'
[0.328s] Level 5:colcon.colcon_core.verb:set package 'auv_camera' build argument 'cmake_clean_first' from command line to 'False'
[0.328s] Level 5:colcon.colcon_core.verb:set package 'auv_camera' build argument 'cmake_force_configure' from command line to 'False'
[0.328s] Level 5:colcon.colcon_core.verb:set package 'auv_camera' build argument 'ament_cmake_args' from command line to 'None'
[0.328s] Level 5:colcon.colcon_core.verb:set package 'auv_camera' build argument 'catkin_cmake_args' from command line to 'None'
[0.328s] Level 5:colcon.colcon_core.verb:set package 'auv_camera' build argument 'catkin_skip_building_tests' from command line to 'False'
[0.328s] DEBUG:colcon.colcon_core.verb:Building package 'auv_camera' with the following arguments: {'ament_cmake_args': None, 'build_base': '/home/bryson/RoboSub_AUV/ros2_ws/build/auv_camera', 'catkin_cmake_args': None, 'catkin_skip_building_tests': False, 'cmake_args': None, 'cmake_clean_cache': False, 'cmake_clean_first': False, 'cmake_force_configure': False, 'cmake_target': None, 'cmake_target_skip_unavailable': False, 'install_base': '/home/bryson/RoboSub_AUV/ros2_ws/install/auv_camera', 'merge_install': False, 'path': '/home/bryson/RoboSub_AUV/ros2_ws/src/auv_camera', 'symlink_install': True, 'test_result_base': None}
[0.329s] Level 5:colcon.colcon_core.verb:set package 'auv_motors' build argument 'cmake_args' from command line to 'None'
[0.329s] Level 5:colcon.colcon_core.verb:set package 'auv_motors' build argument 'cmake_target' from command line to 'None'
[0.329s] Level 5:colcon.colcon_core.verb:set package 'auv_motors' build argument 'cmake_target_skip_unavailable' from command line to 'False'
[0.329s] Level 5:colcon.colcon_core.verb:set package 'auv_motors' build argument 'cmake_clean_cache' from command line to 'False'
[0.329s] Level 5:colcon.colcon_core.verb:set package 'auv_motors' build argument 'cmake_clean_first' from command line to 'False'
[0.329s] Level 5:colcon.colcon_core.verb:set package 'auv_motors' build argument 'cmake_force_configure' from command line to 'False'
[0.329s] Level 5:colcon.colcon_core.verb:set package 'auv_motors' build argument 'ament_cmake_args' from command line to 'None'
[0.329s] Level 5:colcon.colcon_core.verb:set package 'auv_motors' build argument 'catkin_cmake_args' from command line to 'None'
[0.329s] Level 5:colcon.colcon_core.verb:set package 'auv_motors' build argument 'catkin_skip_building_tests' from command line to 'False'
[0.329s] DEBUG:colcon.colcon_core.verb:Building package 'auv_motors' with the following arguments: {'ament_cmake_args': None, 'build_base': '/home/bryson/RoboSub_AUV/ros2_ws/build/auv_motors', 'catkin_cmake_args': None, 'catkin_skip_building_tests': False, 'cmake_args': None, 'cmake_clean_cache': False, 'cmake_clean_first': False, 'cmake_force_configure': False, 'cmake_target': None, 'cmake_target_skip_unavailable': False, 'install_base': '/home/bryson/RoboSub_AUV/ros2_ws/install/auv_motors', 'merge_install': False, 'path': '/home/bryson/RoboSub_AUV/ros2_ws/src/auv_motors', 'symlink_install': True, 'test_result_base': None}
[0.329s] Level 5:colcon.colcon_core.verb:set package 'auv_planning' build argument 'cmake_args' from command line to 'None'
[0.329s] Level 5:colcon.colcon_core.verb:set package 'auv_planning' build argument 'cmake_target' from command line to 'None'
[0.329s] Level 5:colcon.colcon_core.verb:set package 'auv_planning' build argument 'cmake_target_skip_unavailable' from command line to 'False'
[0.329s] Level 5:colcon.colcon_core.verb:set package 'auv_planning' build argument 'cmake_clean_cache' from command line to 'False'
[0.329s] Level 5:colcon.colcon_core.verb:set package 'auv_planning' build argument 'cmake_clean_first' from command line to 'False'
[0.329s] Level 5:colcon.colcon_core.verb:set package 'auv_planning' build argument 'cmake_force_configure' from command line to 'False'
[0.329s] Level 5:colcon.colcon_core.verb:set package 'auv_planning' build argument 'ament_cmake_args' from command line to 'None'
[0.329s] Level 5:colcon.colcon_core.verb:set package 'auv_planning' build argument 'catkin_cmake_args' from command line to 'None'
[0.329s] Level 5:colcon.colcon_core.verb:set package 'auv_planning' build argument 'catkin_skip_building_tests' from command line to 'False'
[0.329s] DEBUG:colcon.colcon_core.verb:Building package 'auv_planning' with the following arguments: {'ament_cmake_args': None, 'build_base': '/home/bryson/RoboSub_AUV/ros2_ws/build/auv_planning', 'catkin_cmake_args': None, 'catkin_skip_building_tests': False, 'cmake_args': None, 'cmake_clean_cache': False, 'cmake_clean_first': False, 'cmake_force_configure': False, 'cmake_target': None, 'cmake_target_skip_unavailable': False, 'install_base': '/home/bryson/RoboSub_AUV/ros2_ws/install/auv_planning', 'merge_install': False, 'path': '/home/bryson/RoboSub_AUV/ros2_ws/src/auv_planning', 'symlink_install': True, 'test_result_base': None}
[0.329s] Level 5:colcon.colcon_core.verb:set package 'auv_sensors' build argument 'cmake_args' from command line to 'None'
[0.329s] Level 5:colcon.colcon_core.verb:set package 'auv_sensors' build argument 'cmake_target' from command line to 'None'
[0.329s] Level 5:colcon.colcon_core.verb:set package 'auv_sensors' build argument 'cmake_target_skip_unavailable' from command line to 'False'
[0.329s] Level 5:colcon.colcon_core.verb:set package 'auv_sensors' build argument 'cmake_clean_cache' from command line to 'False'
[0.329s] Level 5:colcon.colcon_core.verb:set package 'auv_sensors' build argument 'cmake_clean_first' from command line to 'False'
[0.329s] Level 5:colcon.colcon_core.verb:set package 'auv_sensors' build argument 'cmake_force_configure' from command line to 'False'
[0.329s] Level 5:colcon.colcon_core.verb:set package 'auv_sensors' build argument 'ament_cmake_args' from command line to 'None'
[0.329s] Level 5:colcon.colcon_core.verb:set package 'auv_sensors' build argument 'catkin_cmake_args' from command line to 'None'
[0.329s] Level 5:colcon.colcon_core.verb:set package 'auv_sensors' build argument 'catkin_skip_building_tests' from command line to 'False'
[0.329s] DEBUG:colcon.colcon_core.verb:Building package 'auv_sensors' with the following arguments: {'ament_cmake_args': None, 'build_base': '/home/bryson/RoboSub_AUV/ros2_ws/build/auv_sensors', 'catkin_cmake_args': None, 'catkin_skip_building_tests': False, 'cmake_args': None, 'cmake_clean_cache': False, 'cmake_clean_first': False, 'cmake_force_configure': False, 'cmake_target': None, 'cmake_target_skip_unavailable': False, 'install_base': '/home/bryson/RoboSub_AUV/ros2_ws/install/auv_sensors', 'merge_install': False, 'path': '/home/bryson/RoboSub_AUV/ros2_ws/src/auv_sensors', 'symlink_install': True, 'test_result_base': None}
[0.329s] Level 5:colcon.colcon_core.verb:set package 'test_package' build argument 'cmake_args' from command line to 'None'
[0.329s] Level 5:colcon.colcon_core.verb:set package 'test_package' build argument 'cmake_target' from command line to 'None'
[0.329s] Level 5:colcon.colcon_core.verb:set package 'test_package' build argument 'cmake_target_skip_unavailable' from command line to 'False'
[0.329s] Level 5:colcon.colcon_core.verb:set package 'test_package' build argument 'cmake_clean_cache' from command line to 'False'
[0.329s] Level 5:colcon.colcon_core.verb:set package 'test_package' build argument 'cmake_clean_first' from command line to 'False'
[0.329s] Level 5:colcon.colcon_core.verb:set package 'test_package' build argument 'cmake_force_configure' from command line to 'False'
[0.329s] Level 5:colcon.colcon_core.verb:set package 'test_package' build argument 'ament_cmake_args' from command line to 'None'
[0.329s] Level 5:colcon.colcon_core.verb:set package 'test_package' build argument 'catkin_cmake_args' from command line to 'None'
[0.329s] Level 5:colcon.colcon_core.verb:set package 'test_package' build argument 'catkin_skip_building_tests' from command line to 'False'
[0.329s] DEBUG:colcon.colcon_core.verb:Building package 'test_package' with the following arguments: {'ament_cmake_args': None, 'build_base': '/home/bryson/RoboSub_AUV/ros2_ws/build/test_package', 'catkin_cmake_args': None, 'catkin_skip_building_tests': False, 'cmake_args': None, 'cmake_clean_cache': False, 'cmake_clean_first': False, 'cmake_force_configure': False, 'cmake_target': None, 'cmake_target_skip_unavailable': False, 'install_base': '/home/bryson/RoboSub_AUV/ros2_ws/install/test_package', 'merge_install': False, 'path': '/home/bryson/RoboSub_AUV/ros2_ws/src/test_package', 'symlink_install': True, 'test_result_base': None}
[0.330s] INFO:colcon.colcon_core.executor:Executing jobs using 'parallel' executor
[0.330s] DEBUG:colcon.colcon_parallel_executor.executor.parallel:run_until_complete
[0.330s] INFO:colcon.colcon_ros.task.ament_cmake.build:Building ROS package in '/home/bryson/RoboSub_AUV/ros2_ws/src/auv_camera' with build type 'ament_cmake'
[0.331s] INFO:colcon.colcon_cmake.task.cmake.build:Building CMake package in '/home/bryson/RoboSub_AUV/ros2_ws/src/auv_camera'
[0.333s] INFO:colcon.colcon_core.plugin_system:Skipping extension 'colcon_core.shell.bat': Not used on non-Windows systems
[0.333s] INFO:colcon.colcon_core.shell:Skip shell extension 'powershell' for command environment: Not usable outside of PowerShell
[0.333s] DEBUG:colcon.colcon_core.shell:Skip shell extension 'dsv' for command environment
[0.337s] INFO:colcon.colcon_ros.task.ament_cmake.build:Building ROS package in '/home/bryson/RoboSub_AUV/ros2_ws/src/auv_motors' with build type 'ament_cmake'
[0.337s] INFO:colcon.colcon_cmake.task.cmake.build:Building CMake package in '/home/bryson/RoboSub_AUV/ros2_ws/src/auv_motors'
[0.337s] INFO:colcon.colcon_core.shell:Skip shell extension 'powershell' for command environment: Not usable outside of PowerShell
[0.337s] DEBUG:colcon.colcon_core.shell:Skip shell extension 'dsv' for command environment
[0.340s] INFO:colcon.colcon_ros.task.ament_cmake.build:Building ROS package in '/home/bryson/RoboSub_AUV/ros2_ws/src/auv_planning' with build type 'ament_cmake'
[0.340s] INFO:colcon.colcon_cmake.task.cmake.build:Building CMake package in '/home/bryson/RoboSub_AUV/ros2_ws/src/auv_planning'
[0.340s] INFO:colcon.colcon_core.shell:Skip shell extension 'powershell' for command environment: Not usable outside of PowerShell
[0.340s] DEBUG:colcon.colcon_core.shell:Skip shell extension 'dsv' for command environment
[0.343s] INFO:colcon.colcon_ros.task.ament_cmake.build:Building ROS package in '/home/bryson/RoboSub_AUV/ros2_ws/src/auv_sensors' with build type 'ament_cmake'
[0.343s] INFO:colcon.colcon_cmake.task.cmake.build:Building CMake package in '/home/bryson/RoboSub_AUV/ros2_ws/src/auv_sensors'
[0.343s] INFO:colcon.colcon_core.shell:Skip shell extension 'powershell' for command environment: Not usable outside of PowerShell
[0.343s] DEBUG:colcon.colcon_core.shell:Skip shell extension 'dsv' for command environment
[0.346s] INFO:colcon.colcon_ros.task.ament_cmake.build:Building ROS package in '/home/bryson/RoboSub_AUV/ros2_ws/src/test_package' with build type 'ament_cmake'
[0.346s] INFO:colcon.colcon_cmake.task.cmake.build:Building CMake package in '/home/bryson/RoboSub_AUV/ros2_ws/src/test_package'
[0.346s] INFO:colcon.colcon_core.shell:Skip shell extension 'powershell' for command environment: Not usable outside of PowerShell
[0.346s] DEBUG:colcon.colcon_core.shell:Skip shell extension 'dsv' for command environment
[0.350s] DEBUG:colcon.colcon_core.event_handler.log_command:Invoking command in '/home/bryson/RoboSub_AUV/ros2_ws/build/auv_camera': CMAKE_PREFIX_PATH=${CMAKE_PREFIX_PATH}:/home/bryson/turtlebot3_ws/install/turtlebot3_teleop:/home/bryson/turtlebot3_ws/install/turtlebot3_example:/opt/ros/jazzy DEBUGINFOD_URLS=https://debuginfod.ubuntu.com /usr/bin/cmake /home/bryson/RoboSub_AUV/ros2_ws/src/auv_camera -DAMENT_CMAKE_SYMLINK_INSTALL=1 -DCMAKE_INSTALL_PREFIX=/home/bryson/RoboSub_AUV/ros2_ws/install/auv_camera
[0.353s] DEBUG:colcon.colcon_core.event_handler.log_command:Invoking command in '/home/bryson/RoboSub_AUV/ros2_ws/build/auv_motors': CMAKE_PREFIX_PATH=${CMAKE_PREFIX_PATH}:/home/bryson/turtlebot3_ws/install/turtlebot3_teleop:/home/bryson/turtlebot3_ws/install/turtlebot3_example:/opt/ros/jazzy DEBUGINFOD_URLS=https://debuginfod.ubuntu.com /usr/bin/cmake /home/bryson/RoboSub_AUV/ros2_ws/src/auv_motors -DAMENT_CMAKE_SYMLINK_INSTALL=1 -DCMAKE_INSTALL_PREFIX=/home/bryson/RoboSub_AUV/ros2_ws/install/auv_motors
[0.354s] DEBUG:colcon.colcon_core.event_handler.log_command:Invoking command in '/home/bryson/RoboSub_AUV/ros2_ws/build/auv_planning': CMAKE_PREFIX_PATH=${CMAKE_PREFIX_PATH}:/home/bryson/turtlebot3_ws/install/turtlebot3_teleop:/home/bryson/turtlebot3_ws/install/turtlebot3_example:/opt/ros/jazzy DEBUGINFOD_URLS=https://debuginfod.ubuntu.com /usr/bin/cmake /home/bryson/RoboSub_AUV/ros2_ws/src/auv_planning -DAMENT_CMAKE_SYMLINK_INSTALL=1 -DCMAKE_INSTALL_PREFIX=/home/bryson/RoboSub_AUV/ros2_ws/install/auv_planning
[0.356s] DEBUG:colcon.colcon_core.event_handler.log_command:Invoking command in '/home/bryson/RoboSub_AUV/ros2_ws/build/auv_sensors': CMAKE_PREFIX_PATH=${CMAKE_PREFIX_PATH}:/home/bryson/turtlebot3_ws/install/turtlebot3_teleop:/home/bryson/turtlebot3_ws/install/turtlebot3_example:/opt/ros/jazzy DEBUGINFOD_URLS=https://debuginfod.ubuntu.com /usr/bin/cmake /home/bryson/RoboSub_AUV/ros2_ws/src/auv_sensors -DAMENT_CMAKE_SYMLINK_INSTALL=1 -DCMAKE_INSTALL_PREFIX=/home/bryson/RoboSub_AUV/ros2_ws/install/auv_sensors
[0.360s] DEBUG:colcon.colcon_core.event_handler.log_command:Invoking command in '/home/bryson/RoboSub_AUV/ros2_ws/build/test_package': CMAKE_PREFIX_PATH=${CMAKE_PREFIX_PATH}:/home/bryson/turtlebot3_ws/install/turtlebot3_teleop:/home/bryson/turtlebot3_ws/install/turtlebot3_example:/opt/ros/jazzy DEBUGINFOD_URLS=https://debuginfod.ubuntu.com /usr/bin/cmake /home/bryson/RoboSub_AUV/ros2_ws/src/test_package -DAMENT_CMAKE_SYMLINK_INSTALL=1 -DCMAKE_INSTALL_PREFIX=/home/bryson/RoboSub_AUV/ros2_ws/install/test_package
[1.528s] DEBUG:colcon.colcon_core.event_handler.log_command:Invoked command in '/home/bryson/RoboSub_AUV/ros2_ws/build/test_package' returned '0': CMAKE_PREFIX_PATH=${CMAKE_PREFIX_PATH}:/home/bryson/turtlebot3_ws/install/turtlebot3_teleop:/home/bryson/turtlebot3_ws/install/turtlebot3_example:/opt/ros/jazzy DEBUGINFOD_URLS=https://debuginfod.ubuntu.com /usr/bin/cmake /home/bryson/RoboSub_AUV/ros2_ws/src/test_package -DAMENT_CMAKE_SYMLINK_INSTALL=1 -DCMAKE_INSTALL_PREFIX=/home/bryson/RoboSub_AUV/ros2_ws/install/test_package
[1.529s] DEBUG:colcon.colcon_core.event_handler.log_command:Invoking command in '/home/bryson/RoboSub_AUV/ros2_ws/build/test_package': CMAKE_PREFIX_PATH=${CMAKE_PREFIX_PATH}:/home/bryson/turtlebot3_ws/install/turtlebot3_teleop:/home/bryson/turtlebot3_ws/install/turtlebot3_example:/opt/ros/jazzy DEBUGINFOD_URLS=https://debuginfod.ubuntu.com /usr/bin/cmake --build /home/bryson/RoboSub_AUV/ros2_ws/build/test_package -- -j8 -l8
[1.533s] DEBUG:colcon.colcon_core.event_handler.log_command:Invoked command in '/home/bryson/RoboSub_AUV/ros2_ws/build/auv_camera' returned '0': CMAKE_PREFIX_PATH=${CMAKE_PREFIX_PATH}:/home/bryson/turtlebot3_ws/install/turtlebot3_teleop:/home/bryson/turtlebot3_ws/install/turtlebot3_example:/opt/ros/jazzy DEBUGINFOD_URLS=https://debuginfod.ubuntu.com /usr/bin/cmake /home/bryson/RoboSub_AUV/ros2_ws/src/auv_camera -DAMENT_CMAKE_SYMLINK_INSTALL=1 -DCMAKE_INSTALL_PREFIX=/home/bryson/RoboSub_AUV/ros2_ws/install/auv_camera
[1.534s] DEBUG:colcon.colcon_core.event_handler.log_command:Invoking command in '/home/bryson/RoboSub_AUV/ros2_ws/build/auv_camera': CMAKE_PREFIX_PATH=${CMAKE_PREFIX_PATH}:/home/bryson/turtlebot3_ws/install/turtlebot3_teleop:/home/bryson/turtlebot3_ws/install/turtlebot3_example:/opt/ros/jazzy DEBUGINFOD_URLS=https://debuginfod.ubuntu.com /usr/bin/cmake --build /home/bryson/RoboSub_AUV/ros2_ws/build/auv_camera -- -j8 -l8
[1.561s] DEBUG:colcon.colcon_core.event_handler.log_command:Invoked command in '/home/bryson/RoboSub_AUV/ros2_ws/build/auv_sensors' returned '0': CMAKE_PREFIX_PATH=${CMAKE_PREFIX_PATH}:/home/bryson/turtlebot3_ws/install/turtlebot3_teleop:/home/bryson/turtlebot3_ws/install/turtlebot3_example:/opt/ros/jazzy DEBUGINFOD_URLS=https://debuginfod.ubuntu.com /usr/bin/cmake /home/bryson/RoboSub_AUV/ros2_ws/src/auv_sensors -DAMENT_CMAKE_SYMLINK_INSTALL=1 -DCMAKE_INSTALL_PREFIX=/home/bryson/RoboSub_AUV/ros2_ws/install/auv_sensors
[1.562s] DEBUG:colcon.colcon_core.event_handler.log_command:Invoking command in '/home/bryson/RoboSub_AUV/ros2_ws/build/auv_sensors': CMAKE_PREFIX_PATH=${CMAKE_PREFIX_PATH}:/home/bryson/turtlebot3_ws/install/turtlebot3_teleop:/home/bryson/turtlebot3_ws/install/turtlebot3_example:/opt/ros/jazzy DEBUGINFOD_URLS=https://debuginfod.ubuntu.com /usr/bin/cmake --build /home/bryson/RoboSub_AUV/ros2_ws/build/auv_sensors -- -j8 -l8
[1.564s] DEBUG:colcon.colcon_core.event_handler.log_command:Invoked command in '/home/bryson/RoboSub_AUV/ros2_ws/build/test_package' returned '0': CMAKE_PREFIX_PATH=${CMAKE_PREFIX_PATH}:/home/bryson/turtlebot3_ws/install/turtlebot3_teleop:/home/bryson/turtlebot3_ws/install/turtlebot3_example:/opt/ros/jazzy DEBUGINFOD_URLS=https://debuginfod.ubuntu.com /usr/bin/cmake --build /home/bryson/RoboSub_AUV/ros2_ws/build/test_package -- -j8 -l8
[1.572s] DEBUG:colcon.colcon_core.event_handler.log_command:Invoking command in '/home/bryson/RoboSub_AUV/ros2_ws/build/test_package': CMAKE_PREFIX_PATH=${CMAKE_PREFIX_PATH}:/home/bryson/turtlebot3_ws/install/turtlebot3_teleop:/home/bryson/turtlebot3_ws/install/turtlebot3_example:/opt/ros/jazzy DEBUGINFOD_URLS=https://debuginfod.ubuntu.com /usr/bin/cmake --install /home/bryson/RoboSub_AUV/ros2_ws/build/test_package
[1.573s] DEBUG:colcon.colcon_core.event_handler.log_command:Invoked command in '/home/bryson/RoboSub_AUV/ros2_ws/build/auv_camera' returned '0': CMAKE_PREFIX_PATH=${CMAKE_PREFIX_PATH}:/home/bryson/turtlebot3_ws/install/turtlebot3_teleop:/home/bryson/turtlebot3_ws/install/turtlebot3_example:/opt/ros/jazzy DEBUGINFOD_URLS=https://debuginfod.ubuntu.com /usr/bin/cmake --build /home/bryson/RoboSub_AUV/ros2_ws/build/auv_camera -- -j8 -l8
[1.574s] DEBUG:colcon.colcon_core.event_handler.log_command:Invoking command in '/home/bryson/RoboSub_AUV/ros2_ws/build/auv_camera': CMAKE_PREFIX_PATH=${CMAKE_PREFIX_PATH}:/home/bryson/turtlebot3_ws/install/turtlebot3_teleop:/home/bryson/turtlebot3_ws/install/turtlebot3_example:/opt/ros/jazzy DEBUGINFOD_URLS=https://debuginfod.ubuntu.com /usr/bin/cmake --install /home/bryson/RoboSub_AUV/ros2_ws/build/auv_camera
[1.599s] DEBUG:colcon.colcon_core.event_handler.log_command:Invoked command in '/home/bryson/RoboSub_AUV/ros2_ws/build/auv_sensors' returned '0': CMAKE_PREFIX_PATH=${CMAKE_PREFIX_PATH}:/home/bryson/turtlebot3_ws/install/turtlebot3_teleop:/home/bryson/turtlebot3_ws/install/turtlebot3_example:/opt/ros/jazzy DEBUGINFOD_URLS=https://debuginfod.ubuntu.com /usr/bin/cmake --build /home/bryson/RoboSub_AUV/ros2_ws/build/auv_sensors -- -j8 -l8
[1.600s] DEBUG:colcon.colcon_core.event_handler.log_command:Invoking command in '/home/bryson/RoboSub_AUV/ros2_ws/build/auv_sensors': CMAKE_PREFIX_PATH=${CMAKE_PREFIX_PATH}:/home/bryson/turtlebot3_ws/install/turtlebot3_teleop:/home/bryson/turtlebot3_ws/install/turtlebot3_example:/opt/ros/jazzy DEBUGINFOD_URLS=https://debuginfod.ubuntu.com /usr/bin/cmake --install /home/bryson/RoboSub_AUV/ros2_ws/build/auv_sensors
[1.716s] Level 1:colcon.colcon_core.environment:create_environment_scripts_only(test_package)
[1.716s] DEBUG:colcon.colcon_core.event_handler.log_command:Invoked command in '/home/bryson/RoboSub_AUV/ros2_ws/build/test_package' returned '0': CMAKE_PREFIX_PATH=${CMAKE_PREFIX_PATH}:/home/bryson/turtlebot3_ws/install/turtlebot3_teleop:/home/bryson/turtlebot3_ws/install/turtlebot3_example:/opt/ros/jazzy DEBUGINFOD_URLS=https://debuginfod.ubuntu.com /usr/bin/cmake --install /home/bryson/RoboSub_AUV/ros2_ws/build/test_package
[1.721s] Level 1:colcon.colcon_core.environment:checking '/home/bryson/RoboSub_AUV/ros2_ws/install/test_package' for CMake module files
[1.722s] Level 1:colcon.colcon_core.environment:checking '/home/bryson/RoboSub_AUV/ros2_ws/install/test_package' for CMake config files
[1.722s] Level 1:colcon.colcon_core.shell:create_environment_hook('test_package', 'cmake_prefix_path')
[1.723s] INFO:colcon.colcon_core.shell:Creating environment hook '/home/bryson/RoboSub_AUV/ros2_ws/install/test_package/share/test_package/hook/cmake_prefix_path.ps1'
[1.723s] INFO:colcon.colcon_core.shell:Creating environment descriptor '/home/bryson/RoboSub_AUV/ros2_ws/install/test_package/share/test_package/hook/cmake_prefix_path.dsv'
[1.724s] INFO:colcon.colcon_core.shell:Creating environment hook '/home/bryson/RoboSub_AUV/ros2_ws/install/test_package/share/test_package/hook/cmake_prefix_path.sh'
[1.725s] Level 1:colcon.colcon_core.environment:checking '/home/bryson/RoboSub_AUV/ros2_ws/install/test_package/lib'
[1.725s] Level 1:colcon.colcon_core.environment:checking '/home/bryson/RoboSub_AUV/ros2_ws/install/test_package/bin'
[1.725s] Level 1:colcon.colcon_core.environment:checking '/home/bryson/RoboSub_AUV/ros2_ws/install/test_package/lib/pkgconfig/test_package.pc'
[1.725s] Level 1:colcon.colcon_core.environment:checking '/home/bryson/RoboSub_AUV/ros2_ws/install/test_package/lib/python3.12/site-packages'
[1.726s] Level 1:colcon.colcon_core.environment:checking '/home/bryson/RoboSub_AUV/ros2_ws/install/test_package/bin'
[1.726s] INFO:colcon.colcon_core.shell:Creating package script '/home/bryson/RoboSub_AUV/ros2_ws/install/test_package/share/test_package/package.ps1'
[1.728s] INFO:colcon.colcon_core.shell:Creating package descriptor '/home/bryson/RoboSub_AUV/ros2_ws/install/test_package/share/test_package/package.dsv'
[1.728s] INFO:colcon.colcon_core.shell:Creating package script '/home/bryson/RoboSub_AUV/ros2_ws/install/test_package/share/test_package/package.sh'
[1.729s] INFO:colcon.colcon_core.shell:Creating package script '/home/bryson/RoboSub_AUV/ros2_ws/install/test_package/share/test_package/package.bash'
[1.729s] INFO:colcon.colcon_core.shell:Creating package script '/home/bryson/RoboSub_AUV/ros2_ws/install/test_package/share/test_package/package.zsh'
[1.730s] Level 1:colcon.colcon_core.environment:create_file_with_runtime_dependencies(/home/bryson/RoboSub_AUV/ros2_ws/install/test_package/share/colcon-core/packages/test_package)
[1.731s] Level 1:colcon.colcon_core.environment:create_environment_scripts_only(test_package)
[1.731s] Level 1:colcon.colcon_core.environment:checking '/home/bryson/RoboSub_AUV/ros2_ws/install/test_package' for CMake module files
[1.732s] Level 1:colcon.colcon_core.environment:checking '/home/bryson/RoboSub_AUV/ros2_ws/install/test_package' for CMake config files
[1.732s] Level 1:colcon.colcon_core.shell:create_environment_hook('test_package', 'cmake_prefix_path')
[1.732s] INFO:colcon.colcon_core.shell:Creating environment hook '/home/bryson/RoboSub_AUV/ros2_ws/install/test_package/share/test_package/hook/cmake_prefix_path.ps1'
[1.733s] INFO:colcon.colcon_core.shell:Creating environment descriptor '/home/bryson/RoboSub_AUV/ros2_ws/install/test_package/share/test_package/hook/cmake_prefix_path.dsv'
[1.733s] INFO:colcon.colcon_core.shell:Creating environment hook '/home/bryson/RoboSub_AUV/ros2_ws/install/test_package/share/test_package/hook/cmake_prefix_path.sh'
[1.734s] Level 1:colcon.colcon_core.environment:checking '/home/bryson/RoboSub_AUV/ros2_ws/install/test_package/lib'
[1.734s] Level 1:colcon.colcon_core.environment:checking '/home/bryson/RoboSub_AUV/ros2_ws/install/test_package/bin'
[1.734s] Level 1:colcon.colcon_core.environment:checking '/home/bryson/RoboSub_AUV/ros2_ws/install/test_package/lib/pkgconfig/test_package.pc'
[1.734s] Level 1:colcon.colcon_core.environment:checking '/home/bryson/RoboSub_AUV/ros2_ws/install/test_package/lib/python3.12/site-packages'
[1.735s] Level 1:colcon.colcon_core.environment:checking '/home/bryson/RoboSub_AUV/ros2_ws/install/test_package/bin'
[1.735s] INFO:colcon.colcon_core.shell:Creating package script '/home/bryson/RoboSub_AUV/ros2_ws/install/test_package/share/test_package/package.ps1'
[1.735s] INFO:colcon.colcon_core.shell:Creating package descriptor '/home/bryson/RoboSub_AUV/ros2_ws/install/test_package/share/test_package/package.dsv'
[1.736s] INFO:colcon.colcon_core.shell:Creating package script '/home/bryson/RoboSub_AUV/ros2_ws/install/test_package/share/test_package/package.sh'
[1.736s] INFO:colcon.colcon_core.shell:Creating package script '/home/bryson/RoboSub_AUV/ros2_ws/install/test_package/share/test_package/package.bash'
[1.736s] INFO:colcon.colcon_core.shell:Creating package script '/home/bryson/RoboSub_AUV/ros2_ws/install/test_package/share/test_package/package.zsh'
[1.736s] Level 1:colcon.colcon_core.environment:create_file_with_runtime_dependencies(/home/bryson/RoboSub_AUV/ros2_ws/install/test_package/share/colcon-core/packages/test_package)
[1.738s] DEBUG:colcon.colcon_core.event_handler.log_command:Invoked command in '/home/bryson/RoboSub_AUV/ros2_ws/build/auv_motors' returned '0': CMAKE_PREFIX_PATH=${CMAKE_PREFIX_PATH}:/home/bryson/turtlebot3_ws/install/turtlebot3_teleop:/home/bryson/turtlebot3_ws/install/turtlebot3_example:/opt/ros/jazzy DEBUGINFOD_URLS=https://debuginfod.ubuntu.com /usr/bin/cmake /home/bryson/RoboSub_AUV/ros2_ws/src/auv_motors -DAMENT_CMAKE_SYMLINK_INSTALL=1 -DCMAKE_INSTALL_PREFIX=/home/bryson/RoboSub_AUV/ros2_ws/install/auv_motors
[1.738s] DEBUG:colcon.colcon_core.event_handler.log_command:Invoking command in '/home/bryson/RoboSub_AUV/ros2_ws/build/auv_motors': CMAKE_PREFIX_PATH=${CMAKE_PREFIX_PATH}:/home/bryson/turtlebot3_ws/install/turtlebot3_teleop:/home/bryson/turtlebot3_ws/install/turtlebot3_example:/opt/ros/jazzy DEBUGINFOD_URLS=https://debuginfod.ubuntu.com /usr/bin/cmake --build /home/bryson/RoboSub_AUV/ros2_ws/build/auv_motors -- -j8 -l8
[1.756s] Level 1:colcon.colcon_core.environment:create_environment_scripts_only(auv_camera)
[1.756s] Level 1:colcon.colcon_core.environment:checking '/home/bryson/RoboSub_AUV/ros2_ws/install/auv_camera' for CMake module files
[1.757s] DEBUG:colcon.colcon_core.event_handler.log_command:Invoked command in '/home/bryson/RoboSub_AUV/ros2_ws/build/auv_camera' returned '0': CMAKE_PREFIX_PATH=${CMAKE_PREFIX_PATH}:/home/bryson/turtlebot3_ws/install/turtlebot3_teleop:/home/bryson/turtlebot3_ws/install/turtlebot3_example:/opt/ros/jazzy DEBUGINFOD_URLS=https://debuginfod.ubuntu.com /usr/bin/cmake --install /home/bryson/RoboSub_AUV/ros2_ws/build/auv_camera
[1.757s] Level 1:colcon.colcon_core.environment:checking '/home/bryson/RoboSub_AUV/ros2_ws/install/auv_camera' for CMake config files
[1.758s] Level 1:colcon.colcon_core.shell:create_environment_hook('auv_camera', 'cmake_prefix_path')
[1.758s] INFO:colcon.colcon_core.shell:Creating environment hook '/home/bryson/RoboSub_AUV/ros2_ws/install/auv_camera/share/auv_camera/hook/cmake_prefix_path.ps1'
[1.758s] INFO:colcon.colcon_core.shell:Creating environment descriptor '/home/bryson/RoboSub_AUV/ros2_ws/install/auv_camera/share/auv_camera/hook/cmake_prefix_path.dsv'
[1.759s] INFO:colcon.colcon_core.shell:Creating environment hook '/home/bryson/RoboSub_AUV/ros2_ws/install/auv_camera/share/auv_camera/hook/cmake_prefix_path.sh'
[1.759s] Level 1:colcon.colcon_core.environment:checking '/home/bryson/RoboSub_AUV/ros2_ws/install/auv_camera/lib'
[1.759s] Level 1:colcon.colcon_core.environment:checking '/home/bryson/RoboSub_AUV/ros2_ws/install/auv_camera/bin'
[1.759s] Level 1:colcon.colcon_core.environment:checking '/home/bryson/RoboSub_AUV/ros2_ws/install/auv_camera/lib/pkgconfig/auv_camera.pc'
[1.760s] Level 1:colcon.colcon_core.environment:checking '/home/bryson/RoboSub_AUV/ros2_ws/install/auv_camera/lib/python3.12/site-packages'
[1.760s] Level 1:colcon.colcon_core.environment:checking '/home/bryson/RoboSub_AUV/ros2_ws/install/auv_camera/bin'
[1.760s] INFO:colcon.colcon_core.shell:Creating package script '/home/bryson/RoboSub_AUV/ros2_ws/install/auv_camera/share/auv_camera/package.ps1'
[1.761s] INFO:colcon.colcon_core.shell:Creating package descriptor '/home/bryson/RoboSub_AUV/ros2_ws/install/auv_camera/share/auv_camera/package.dsv'
[1.762s] INFO:colcon.colcon_core.shell:Creating package script '/home/bryson/RoboSub_AUV/ros2_ws/install/auv_camera/share/auv_camera/package.sh'
[1.762s] INFO:colcon.colcon_core.shell:Creating package script '/home/bryson/RoboSub_AUV/ros2_ws/install/auv_camera/share/auv_camera/package.bash'
[1.762s] INFO:colcon.colcon_core.shell:Creating package script '/home/bryson/RoboSub_AUV/ros2_ws/install/auv_camera/share/auv_camera/package.zsh'
[1.763s] Level 1:colcon.colcon_core.environment:create_file_with_runtime_dependencies(/home/bryson/RoboSub_AUV/ros2_ws/install/auv_camera/share/colcon-core/packages/auv_camera)
[1.763s] Level 1:colcon.colcon_core.environment:create_environment_scripts_only(auv_camera)
[1.763s] Level 1:colcon.colcon_core.environment:checking '/home/bryson/RoboSub_AUV/ros2_ws/install/auv_camera' for CMake module files
[1.764s] Level 1:colcon.colcon_core.environment:checking '/home/bryson/RoboSub_AUV/ros2_ws/install/auv_camera' for CMake config files
[1.764s] Level 1:colcon.colcon_core.shell:create_environment_hook('auv_camera', 'cmake_prefix_path')
[1.764s] INFO:colcon.colcon_core.shell:Creating environment hook '/home/bryson/RoboSub_AUV/ros2_ws/install/auv_camera/share/auv_camera/hook/cmake_prefix_path.ps1'
[1.764s] INFO:colcon.colcon_core.shell:Creating environment descriptor '/home/bryson/RoboSub_AUV/ros2_ws/install/auv_camera/share/auv_camera/hook/cmake_prefix_path.dsv'
[1.765s] INFO:colcon.colcon_core.shell:Creating environment hook '/home/bryson/RoboSub_AUV/ros2_ws/install/auv_camera/share/auv_camera/hook/cmake_prefix_path.sh'
[1.765s] Level 1:colcon.colcon_core.environment:checking '/home/bryson/RoboSub_AUV/ros2_ws/install/auv_camera/lib'
[1.765s] Level 1:colcon.colcon_core.environment:checking '/home/bryson/RoboSub_AUV/ros2_ws/install/auv_camera/bin'
[1.765s] Level 1:colcon.colcon_core.environment:checking '/home/bryson/RoboSub_AUV/ros2_ws/install/auv_camera/lib/pkgconfig/auv_camera.pc'
[1.765s] Level 1:colcon.colcon_core.environment:checking '/home/bryson/RoboSub_AUV/ros2_ws/install/auv_camera/lib/python3.12/site-packages'
[1.766s] Level 1:colcon.colcon_core.environment:checking '/home/bryson/RoboSub_AUV/ros2_ws/install/auv_camera/bin'
[1.766s] INFO:colcon.colcon_core.shell:Creating package script '/home/bryson/RoboSub_AUV/ros2_ws/install/auv_camera/share/auv_camera/package.ps1'
[1.766s] INFO:colcon.colcon_core.shell:Creating package descriptor '/home/bryson/RoboSub_AUV/ros2_ws/install/auv_camera/share/auv_camera/package.dsv'
[1.766s] INFO:colcon.colcon_core.shell:Creating package script '/home/bryson/RoboSub_AUV/ros2_ws/install/auv_camera/share/auv_camera/package.sh'
[1.767s] INFO:colcon.colcon_core.shell:Creating package script '/home/bryson/RoboSub_AUV/ros2_ws/install/auv_camera/share/auv_camera/package.bash'
[1.767s] INFO:colcon.colcon_core.shell:Creating package script '/home/bryson/RoboSub_AUV/ros2_ws/install/auv_camera/share/auv_camera/package.zsh'
[1.767s] Level 1:colcon.colcon_core.environment:create_file_with_runtime_dependencies(/home/bryson/RoboSub_AUV/ros2_ws/install/auv_camera/share/colcon-core/packages/auv_camera)
[1.769s] DEBUG:colcon.colcon_core.event_handler.log_command:Invoked command in '/home/bryson/RoboSub_AUV/ros2_ws/build/auv_planning' returned '0': CMAKE_PREFIX_PATH=${CMAKE_PREFIX_PATH}:/home/bryson/turtlebot3_ws/install/turtlebot3_teleop:/home/bryson/turtlebot3_ws/install/turtlebot3_example:/opt/ros/jazzy DEBUGINFOD_URLS=https://debuginfod.ubuntu.com /usr/bin/cmake /home/bryson/RoboSub_AUV/ros2_ws/src/auv_planning -DAMENT_CMAKE_SYMLINK_INSTALL=1 -DCMAKE_INSTALL_PREFIX=/home/bryson/RoboSub_AUV/ros2_ws/install/auv_planning
[1.770s] DEBUG:colcon.colcon_core.event_handler.log_command:Invoking command in '/home/bryson/RoboSub_AUV/ros2_ws/build/auv_planning': CMAKE_PREFIX_PATH=${CMAKE_PREFIX_PATH}:/home/bryson/turtlebot3_ws/install/turtlebot3_teleop:/home/bryson/turtlebot3_ws/install/turtlebot3_example:/opt/ros/jazzy DEBUGINFOD_URLS=https://debuginfod.ubuntu.com /usr/bin/cmake --build /home/bryson/RoboSub_AUV/ros2_ws/build/auv_planning -- -j8 -l8
[1.771s] DEBUG:colcon.colcon_core.event_handler.log_command:Invoked command in '/home/bryson/RoboSub_AUV/ros2_ws/build/auv_motors' returned '0': CMAKE_PREFIX_PATH=${CMAKE_PREFIX_PATH}:/home/bryson/turtlebot3_ws/install/turtlebot3_teleop:/home/bryson/turtlebot3_ws/install/turtlebot3_example:/opt/ros/jazzy DEBUGINFOD_URLS=https://debuginfod.ubuntu.com /usr/bin/cmake --build /home/bryson/RoboSub_AUV/ros2_ws/build/auv_motors -- -j8 -l8
[1.772s] DEBUG:colcon.colcon_core.event_handler.log_command:Invoking command in '/home/bryson/RoboSub_AUV/ros2_ws/build/auv_motors': CMAKE_PREFIX_PATH=${CMAKE_PREFIX_PATH}:/home/bryson/turtlebot3_ws/install/turtlebot3_teleop:/home/bryson/turtlebot3_ws/install/turtlebot3_example:/opt/ros/jazzy DEBUGINFOD_URLS=https://debuginfod.ubuntu.com /usr/bin/cmake --install /home/bryson/RoboSub_AUV/ros2_ws/build/auv_motors
[1.785s] Level 1:colcon.colcon_core.environment:create_environment_scripts_only(auv_sensors)
[1.785s] Level 1:colcon.colcon_core.environment:checking '/home/bryson/RoboSub_AUV/ros2_ws/install/auv_sensors' for CMake module files
[1.786s] DEBUG:colcon.colcon_core.event_handler.log_command:Invoked command in '/home/bryson/RoboSub_AUV/ros2_ws/build/auv_sensors' returned '0': CMAKE_PREFIX_PATH=${CMAKE_PREFIX_PATH}:/home/bryson/turtlebot3_ws/install/turtlebot3_teleop:/home/bryson/turtlebot3_ws/install/turtlebot3_example:/opt/ros/jazzy DEBUGINFOD_URLS=https://debuginfod.ubuntu.com /usr/bin/cmake --install /home/bryson/RoboSub_AUV/ros2_ws/build/auv_sensors
[1.786s] Level 1:colcon.colcon_core.environment:checking '/home/bryson/RoboSub_AUV/ros2_ws/install/auv_sensors' for CMake config files
[1.786s] Level 1:colcon.colcon_core.shell:create_environment_hook('auv_sensors', 'cmake_prefix_path')
[1.786s] INFO:colcon.colcon_core.shell:Creating environment hook '/home/bryson/RoboSub_AUV/ros2_ws/install/auv_sensors/share/auv_sensors/hook/cmake_prefix_path.ps1'
[1.787s] INFO:colcon.colcon_core.shell:Creating environment descriptor '/home/bryson/RoboSub_AUV/ros2_ws/install/auv_sensors/share/auv_sensors/hook/cmake_prefix_path.dsv'
[1.787s] INFO:colcon.colcon_core.shell:Creating environment hook '/home/bryson/RoboSub_AUV/ros2_ws/install/auv_sensors/share/auv_sensors/hook/cmake_prefix_path.sh'
[1.787s] Level 1:colcon.colcon_core.environment:checking '/home/bryson/RoboSub_AUV/ros2_ws/install/auv_sensors/lib'
[1.787s] Level 1:colcon.colcon_core.environment:checking '/home/bryson/RoboSub_AUV/ros2_ws/install/auv_sensors/bin'
[1.787s] Level 1:colcon.colcon_core.environment:checking '/home/bryson/RoboSub_AUV/ros2_ws/install/auv_sensors/lib/pkgconfig/auv_sensors.pc'
[1.788s] Level 1:colcon.colcon_core.environment:checking '/home/bryson/RoboSub_AUV/ros2_ws/install/auv_sensors/lib/python3.12/site-packages'
[1.788s] Level 1:colcon.colcon_core.environment:checking '/home/bryson/RoboSub_AUV/ros2_ws/install/auv_sensors/bin'
[1.788s] INFO:colcon.colcon_core.shell:Creating package script '/home/bryson/RoboSub_AUV/ros2_ws/install/auv_sensors/share/auv_sensors/package.ps1'
[1.788s] INFO:colcon.colcon_core.shell:Creating package descriptor '/home/bryson/RoboSub_AUV/ros2_ws/install/auv_sensors/share/auv_sensors/package.dsv'
[1.789s] INFO:colcon.colcon_core.shell:Creating package script '/home/bryson/RoboSub_AUV/ros2_ws/install/auv_sensors/share/auv_sensors/package.sh'
[1.789s] INFO:colcon.colcon_core.shell:Creating package script '/home/bryson/RoboSub_AUV/ros2_ws/install/auv_sensors/share/auv_sensors/package.bash'
[1.789s] INFO:colcon.colcon_core.shell:Creating package script '/home/bryson/RoboSub_AUV/ros2_ws/install/auv_sensors/share/auv_sensors/package.zsh'
[1.789s] Level 1:colcon.colcon_core.environment:create_file_with_runtime_dependencies(/home/bryson/RoboSub_AUV/ros2_ws/install/auv_sensors/share/colcon-core/packages/auv_sensors)
[1.790s] Level 1:colcon.colcon_core.environment:create_environment_scripts_only(auv_sensors)
[1.790s] Level 1:colcon.colcon_core.environment:checking '/home/bryson/RoboSub_AUV/ros2_ws/install/auv_sensors' for CMake module files
[1.790s] Level 1:colcon.colcon_core.environment:checking '/home/bryson/RoboSub_AUV/ros2_ws/install/auv_sensors' for CMake config files
[1.790s] Level 1:colcon.colcon_core.shell:create_environment_hook('auv_sensors', 'cmake_prefix_path')
[1.790s] INFO:colcon.colcon_core.shell:Creating environment hook '/home/bryson/RoboSub_AUV/ros2_ws/install/auv_sensors/share/auv_sensors/hook/cmake_prefix_path.ps1'
[1.791s] INFO:colcon.colcon_core.shell:Creating environment descriptor '/home/bryson/RoboSub_AUV/ros2_ws/install/auv_sensors/share/auv_sensors/hook/cmake_prefix_path.dsv'
[1.791s] INFO:colcon.colcon_core.shell:Creating environment hook '/home/bryson/RoboSub_AUV/ros2_ws/install/auv_sensors/share/auv_sensors/hook/cmake_prefix_path.sh'
[1.791s] Level 1:colcon.colcon_core.environment:checking '/home/bryson/RoboSub_AUV/ros2_ws/install/auv_sensors/lib'
[1.791s] Level 1:colcon.colcon_core.environment:checking '/home/bryson/RoboSub_AUV/ros2_ws/install/auv_sensors/bin'
[1.791s] Level 1:colcon.colcon_core.environment:checking '/home/bryson/RoboSub_AUV/ros2_ws/install/auv_sensors/lib/pkgconfig/auv_sensors.pc'
[1.792s] Level 1:colcon.colcon_core.environment:checking '/home/bryson/RoboSub_AUV/ros2_ws/install/auv_sensors/lib/python3.12/site-packages'
[1.792s] Level 1:colcon.colcon_core.environment:checking '/home/bryson/RoboSub_AUV/ros2_ws/install/auv_sensors/bin'
[1.792s] INFO:colcon.colcon_core.shell:Creating package script '/home/bryson/RoboSub_AUV/ros2_ws/install/auv_sensors/share/auv_sensors/package.ps1'
[1.792s] INFO:colcon.colcon_core.shell:Creating package descriptor '/home/bryson/RoboSub_AUV/ros2_ws/install/auv_sensors/share/auv_sensors/package.dsv'
[1.793s] INFO:colcon.colcon_core.shell:Creating package script '/home/bryson/RoboSub_AUV/ros2_ws/install/auv_sensors/share/auv_sensors/package.sh'
[1.793s] INFO:colcon.colcon_core.shell:Creating package script '/home/bryson/RoboSub_AUV/ros2_ws/install/auv_sensors/share/auv_sensors/package.bash'
[1.793s] INFO:colcon.colcon_core.shell:Creating package script '/home/bryson/RoboSub_AUV/ros2_ws/install/auv_sensors/share/auv_sensors/package.zsh'
[1.793s] Level 1:colcon.colcon_core.environment:create_file_with_runtime_dependencies(/home/bryson/RoboSub_AUV/ros2_ws/install/auv_sensors/share/colcon-core/packages/auv_sensors)
[1.802s] DEBUG:colcon.colcon_core.event_handler.log_command:Invoked command in '/home/bryson/RoboSub_AUV/ros2_ws/build/auv_planning' returned '0': CMAKE_PREFIX_PATH=${CMAKE_PREFIX_PATH}:/home/bryson/turtlebot3_ws/install/turtlebot3_teleop:/home/bryson/turtlebot3_ws/install/turtlebot3_example:/opt/ros/jazzy DEBUGINFOD_URLS=https://debuginfod.ubuntu.com /usr/bin/cmake --build /home/bryson/RoboSub_AUV/ros2_ws/build/auv_planning -- -j8 -l8
[1.802s] DEBUG:colcon.colcon_core.event_handler.log_command:Invoking command in '/home/bryson/RoboSub_AUV/ros2_ws/build/auv_planning': CMAKE_PREFIX_PATH=${CMAKE_PREFIX_PATH}:/home/bryson/turtlebot3_ws/install/turtlebot3_teleop:/home/bryson/turtlebot3_ws/install/turtlebot3_example:/opt/ros/jazzy DEBUGINFOD_URLS=https://debuginfod.ubuntu.com /usr/bin/cmake --install /home/bryson/RoboSub_AUV/ros2_ws/build/auv_planning
[1.902s] Level 1:colcon.colcon_core.environment:create_environment_scripts_only(auv_motors)
[1.903s] Level 1:colcon.colcon_core.environment:checking '/home/bryson/RoboSub_AUV/ros2_ws/install/auv_motors' for CMake module files
[1.903s] DEBUG:colcon.colcon_core.event_handler.log_command:Invoked command in '/home/bryson/RoboSub_AUV/ros2_ws/build/auv_motors' returned '0': CMAKE_PREFIX_PATH=${CMAKE_PREFIX_PATH}:/home/bryson/turtlebot3_ws/install/turtlebot3_teleop:/home/bryson/turtlebot3_ws/install/turtlebot3_example:/opt/ros/jazzy DEBUGINFOD_URLS=https://debuginfod.ubuntu.com /usr/bin/cmake --install /home/bryson/RoboSub_AUV/ros2_ws/build/auv_motors
[1.903s] Level 1:colcon.colcon_core.environment:checking '/home/bryson/RoboSub_AUV/ros2_ws/install/auv_motors' for CMake config files
[1.904s] Level 1:colcon.colcon_core.shell:create_environment_hook('auv_motors', 'cmake_prefix_path')
[1.904s] INFO:colcon.colcon_core.shell:Creating environment hook '/home/bryson/RoboSub_AUV/ros2_ws/install/auv_motors/share/auv_motors/hook/cmake_prefix_path.ps1'
[1.904s] INFO:colcon.colcon_core.shell:Creating environment descriptor '/home/bryson/RoboSub_AUV/ros2_ws/install/auv_motors/share/auv_motors/hook/cmake_prefix_path.dsv'
[1.904s] INFO:colcon.colcon_core.shell:Creating environment hook '/home/bryson/RoboSub_AUV/ros2_ws/install/auv_motors/share/auv_motors/hook/cmake_prefix_path.sh'
[1.905s] Level 1:colcon.colcon_core.environment:checking '/home/bryson/RoboSub_AUV/ros2_ws/install/auv_motors/lib'
[1.905s] Level 1:colcon.colcon_core.environment:checking '/home/bryson/RoboSub_AUV/ros2_ws/install/auv_motors/bin'
[1.905s] Level 1:colcon.colcon_core.environment:checking '/home/bryson/RoboSub_AUV/ros2_ws/install/auv_motors/lib/pkgconfig/auv_motors.pc'
[1.905s] Level 1:colcon.colcon_core.environment:checking '/home/bryson/RoboSub_AUV/ros2_ws/install/auv_motors/lib/python3.12/site-packages'
[1.905s] Level 1:colcon.colcon_core.environment:checking '/home/bryson/RoboSub_AUV/ros2_ws/install/auv_motors/bin'
[1.905s] INFO:colcon.colcon_core.shell:Creating package script '/home/bryson/RoboSub_AUV/ros2_ws/install/auv_motors/share/auv_motors/package.ps1'
[1.905s] INFO:colcon.colcon_core.shell:Creating package descriptor '/home/bryson/RoboSub_AUV/ros2_ws/install/auv_motors/share/auv_motors/package.dsv'
[1.906s] INFO:colcon.colcon_core.shell:Creating package script '/home/bryson/RoboSub_AUV/ros2_ws/install/auv_motors/share/auv_motors/package.sh'
[1.906s] INFO:colcon.colcon_core.shell:Creating package script '/home/bryson/RoboSub_AUV/ros2_ws/install/auv_motors/share/auv_motors/package.bash'
[1.906s] INFO:colcon.colcon_core.shell:Creating package script '/home/bryson/RoboSub_AUV/ros2_ws/install/auv_motors/share/auv_motors/package.zsh'
[1.906s] Level 1:colcon.colcon_core.environment:create_file_with_runtime_dependencies(/home/bryson/RoboSub_AUV/ros2_ws/install/auv_motors/share/colcon-core/packages/auv_motors)
[1.907s] Level 1:colcon.colcon_core.environment:create_environment_scripts_only(auv_motors)
[1.907s] Level 1:colcon.colcon_core.environment:checking '/home/bryson/RoboSub_AUV/ros2_ws/install/auv_motors' for CMake module files
[1.907s] Level 1:colcon.colcon_core.environment:checking '/home/bryson/RoboSub_AUV/ros2_ws/install/auv_motors' for CMake config files
[1.907s] Level 1:colcon.colcon_core.shell:create_environment_hook('auv_motors', 'cmake_prefix_path')
[1.907s] INFO:colcon.colcon_core.shell:Creating environment hook '/home/bryson/RoboSub_AUV/ros2_ws/install/auv_motors/share/auv_motors/hook/cmake_prefix_path.ps1'
[1.908s] INFO:colcon.colcon_core.shell:Creating environment descriptor '/home/bryson/RoboSub_AUV/ros2_ws/install/auv_motors/share/auv_motors/hook/cmake_prefix_path.dsv'
[1.908s] INFO:colcon.colcon_core.shell:Creating environment hook '/home/bryson/RoboSub_AUV/ros2_ws/install/auv_motors/share/auv_motors/hook/cmake_prefix_path.sh'
[1.908s] Level 1:colcon.colcon_core.environment:checking '/home/bryson/RoboSub_AUV/ros2_ws/install/auv_motors/lib'
[1.908s] Level 1:colcon.colcon_core.environment:checking '/home/bryson/RoboSub_AUV/ros2_ws/install/auv_motors/bin'
[1.908s] Level 1:colcon.colcon_core.environment:checking '/home/bryson/RoboSub_AUV/ros2_ws/install/auv_motors/lib/pkgconfig/auv_motors.pc'
[1.908s] Level 1:colcon.colcon_core.environment:checking '/home/bryson/RoboSub_AUV/ros2_ws/install/auv_motors/lib/python3.12/site-packages'
[1.909s] Level 1:colcon.colcon_core.environment:checking '/home/bryson/RoboSub_AUV/ros2_ws/install/auv_motors/bin'
[1.909s] INFO:colcon.colcon_core.shell:Creating package script '/home/bryson/RoboSub_AUV/ros2_ws/install/auv_motors/share/auv_motors/package.ps1'
[1.909s] INFO:colcon.colcon_core.shell:Creating package descriptor '/home/bryson/RoboSub_AUV/ros2_ws/install/auv_motors/share/auv_motors/package.dsv'
[1.909s] INFO:colcon.colcon_core.shell:Creating package script '/home/bryson/RoboSub_AUV/ros2_ws/install/auv_motors/share/auv_motors/package.sh'
[1.910s] INFO:colcon.colcon_core.shell:Creating package script '/home/bryson/RoboSub_AUV/ros2_ws/install/auv_motors/share/auv_motors/package.bash'
[1.910s] INFO:colcon.colcon_core.shell:Creating package script '/home/bryson/RoboSub_AUV/ros2_ws/install/auv_motors/share/auv_motors/package.zsh'
[1.910s] Level 1:colcon.colcon_core.environment:create_file_with_runtime_dependencies(/home/bryson/RoboSub_AUV/ros2_ws/install/auv_motors/share/colcon-core/packages/auv_motors)
[1.953s] Level 1:colcon.colcon_core.environment:create_environment_scripts_only(auv_planning)
[1.953s] Level 1:colcon.colcon_core.environment:checking '/home/bryson/RoboSub_AUV/ros2_ws/install/auv_planning' for CMake module files
[1.953s] DEBUG:colcon.colcon_core.event_handler.log_command:Invoked command in '/home/bryson/RoboSub_AUV/ros2_ws/build/auv_planning' returned '0': CMAKE_PREFIX_PATH=${CMAKE_PREFIX_PATH}:/home/bryson/turtlebot3_ws/install/turtlebot3_teleop:/home/bryson/turtlebot3_ws/install/turtlebot3_example:/opt/ros/jazzy DEBUGINFOD_URLS=https://debuginfod.ubuntu.com /usr/bin/cmake --install /home/bryson/RoboSub_AUV/ros2_ws/build/auv_planning
[1.954s] Level 1:colcon.colcon_core.environment:checking '/home/bryson/RoboSub_AUV/ros2_ws/install/auv_planning' for CMake config files
[1.954s] Level 1:colcon.colcon_core.shell:create_environment_hook('auv_planning', 'cmake_prefix_path')
[1.954s] INFO:colcon.colcon_core.shell:Creating environment hook '/home/bryson/RoboSub_AUV/ros2_ws/install/auv_planning/share/auv_planning/hook/cmake_prefix_path.ps1'
[1.954s] INFO:colcon.colcon_core.shell:Creating environment descriptor '/home/bryson/RoboSub_AUV/ros2_ws/install/auv_planning/share/auv_planning/hook/cmake_prefix_path.dsv'
[1.954s] INFO:colcon.colcon_core.shell:Creating environment hook '/home/bryson/RoboSub_AUV/ros2_ws/install/auv_planning/share/auv_planning/hook/cmake_prefix_path.sh'
[1.955s] Level 1:colcon.colcon_core.environment:checking '/home/bryson/RoboSub_AUV/ros2_ws/install/auv_planning/lib'
[1.955s] Level 1:colcon.colcon_core.environment:checking '/home/bryson/RoboSub_AUV/ros2_ws/install/auv_planning/bin'
[1.955s] Level 1:colcon.colcon_core.environment:checking '/home/bryson/RoboSub_AUV/ros2_ws/install/auv_planning/lib/pkgconfig/auv_planning.pc'
[1.955s] Level 1:colcon.colcon_core.environment:checking '/home/bryson/RoboSub_AUV/ros2_ws/install/auv_planning/lib/python3.12/site-packages'
[1.955s] Level 1:colcon.colcon_core.environment:checking '/home/bryson/RoboSub_AUV/ros2_ws/install/auv_planning/bin'
[1.955s] INFO:colcon.colcon_core.shell:Creating package script '/home/bryson/RoboSub_AUV/ros2_ws/install/auv_planning/share/auv_planning/package.ps1'
[1.956s] INFO:colcon.colcon_core.shell:Creating package descriptor '/home/bryson/RoboSub_AUV/ros2_ws/install/auv_planning/share/auv_planning/package.dsv'
[1.956s] INFO:colcon.colcon_core.shell:Creating package script '/home/bryson/RoboSub_AUV/ros2_ws/install/auv_planning/share/auv_planning/package.sh'
[1.956s] INFO:colcon.colcon_core.shell:Creating package script '/home/bryson/RoboSub_AUV/ros2_ws/install/auv_planning/share/auv_planning/package.bash'
[1.956s] INFO:colcon.colcon_core.shell:Creating package script '/home/bryson/RoboSub_AUV/ros2_ws/install/auv_planning/share/auv_planning/package.zsh'
[1.956s] Level 1:colcon.colcon_core.environment:create_file_with_runtime_dependencies(/home/bryson/RoboSub_AUV/ros2_ws/install/auv_planning/share/colcon-core/packages/auv_planning)
[1.957s] Level 1:colcon.colcon_core.environment:create_environment_scripts_only(auv_planning)
[1.957s] Level 1:colcon.colcon_core.environment:checking '/home/bryson/RoboSub_AUV/ros2_ws/install/auv_planning' for CMake module files
[1.957s] Level 1:colcon.colcon_core.environment:checking '/home/bryson/RoboSub_AUV/ros2_ws/install/auv_planning' for CMake config files
[1.957s] Level 1:colcon.colcon_core.shell:create_environment_hook('auv_planning', 'cmake_prefix_path')
[1.957s] INFO:colcon.colcon_core.shell:Creating environment hook '/home/bryson/RoboSub_AUV/ros2_ws/install/auv_planning/share/auv_planning/hook/cmake_prefix_path.ps1'
[1.958s] INFO:colcon.colcon_core.shell:Creating environment descriptor '/home/bryson/RoboSub_AUV/ros2_ws/install/auv_planning/share/auv_planning/hook/cmake_prefix_path.dsv'
[1.958s] INFO:colcon.colcon_core.shell:Creating environment hook '/home/bryson/RoboSub_AUV/ros2_ws/install/auv_planning/share/auv_planning/hook/cmake_prefix_path.sh'
[1.958s] Level 1:colcon.colcon_core.environment:checking '/home/bryson/RoboSub_AUV/ros2_ws/install/auv_planning/lib'
[1.958s] Level 1:colcon.colcon_core.environment:checking '/home/bryson/RoboSub_AUV/ros2_ws/install/auv_planning/bin'
[1.958s] Level 1:colcon.colcon_core.environment:checking '/home/bryson/RoboSub_AUV/ros2_ws/install/auv_planning/lib/pkgconfig/auv_planning.pc'
[1.958s] Level 1:colcon.colcon_core.environment:checking '/home/bryson/RoboSub_AUV/ros2_ws/install/auv_planning/lib/python3.12/site-packages'
[1.958s] Level 1:colcon.colcon_core.environment:checking '/home/bryson/RoboSub_AUV/ros2_ws/install/auv_planning/bin'
[1.959s] INFO:colcon.colcon_core.shell:Creating package script '/home/bryson/RoboSub_AUV/ros2_ws/install/auv_planning/share/auv_planning/package.ps1'
[1.959s] INFO:colcon.colcon_core.shell:Creating package descriptor '/home/bryson/RoboSub_AUV/ros2_ws/install/auv_planning/share/auv_planning/package.dsv'
[1.960s] INFO:colcon.colcon_core.shell:Creating package script '/home/bryson/RoboSub_AUV/ros2_ws/install/auv_planning/share/auv_planning/package.sh'
[1.960s] INFO:colcon.colcon_core.shell:Creating package script '/home/bryson/RoboSub_AUV/ros2_ws/install/auv_planning/share/auv_planning/package.bash'
[1.960s] INFO:colcon.colcon_core.shell:Creating package script '/home/bryson/RoboSub_AUV/ros2_ws/install/auv_planning/share/auv_planning/package.zsh'
[1.960s] Level 1:colcon.colcon_core.environment:create_file_with_runtime_dependencies(/home/bryson/RoboSub_AUV/ros2_ws/install/auv_planning/share/colcon-core/packages/auv_planning)
[1.960s] DEBUG:colcon.colcon_parallel_executor.executor.parallel:closing loop
[1.961s] DEBUG:colcon.colcon_parallel_executor.executor.parallel:loop closed
[1.961s] DEBUG:colcon.colcon_parallel_executor.executor.parallel:run_until_complete finished with '0'
[1.961s] DEBUG:colcon.colcon_core.event_reactor:joining thread
[1.976s] INFO:colcon.colcon_core.plugin_system:Skipping extension 'colcon_notification.desktop_notification.terminal_notifier': Not used on non-Darwin systems
[1.976s] INFO:colcon.colcon_core.plugin_system:Skipping extension 'colcon_notification.desktop_notification.win32': Not used on non-Windows systems
[1.976s] INFO:colcon.colcon_notification.desktop_notification:Sending desktop notification using 'notify2'
[1.994s] DEBUG:colcon.colcon_core.event_reactor:joined thread
[1.994s] INFO:colcon.colcon_core.shell:Creating prefix script '/home/bryson/RoboSub_AUV/ros2_ws/install/local_setup.ps1'
[1.995s] INFO:colcon.colcon_core.shell:Creating prefix util module '/home/bryson/RoboSub_AUV/ros2_ws/install/_local_setup_util_ps1.py'
[1.996s] INFO:colcon.colcon_core.shell:Creating prefix chain script '/home/bryson/RoboSub_AUV/ros2_ws/install/setup.ps1'
[1.998s] INFO:colcon.colcon_core.shell:Creating prefix script '/home/bryson/RoboSub_AUV/ros2_ws/install/local_setup.sh'
[1.999s] INFO:colcon.colcon_core.shell:Creating prefix util module '/home/bryson/RoboSub_AUV/ros2_ws/install/_local_setup_util_sh.py'
[1.999s] INFO:colcon.colcon_core.shell:Creating prefix chain script '/home/bryson/RoboSub_AUV/ros2_ws/install/setup.sh'
[2.001s] INFO:colcon.colcon_core.shell:Creating prefix script '/home/bryson/RoboSub_AUV/ros2_ws/install/local_setup.bash'
[2.001s] INFO:colcon.colcon_core.shell:Creating prefix chain script '/home/bryson/RoboSub_AUV/ros2_ws/install/setup.bash'
[2.002s] INFO:colcon.colcon_core.shell:Creating prefix script '/home/bryson/RoboSub_AUV/ros2_ws/install/local_setup.zsh'
[2.003s] INFO:colcon.colcon_core.shell:Creating prefix chain script '/home/bryson/RoboSub_AUV/ros2_ws/install/setup.zsh'
